--------
Total Statistics
--------
Total Instructions: 108732414993
Total Cycles: 902916994389
IPC: 0.120423

--------
Two level Cache hierarchy
--------
  L1-Data Cache:
    Size(KB):          32
    Block Size(B):     32
    Associativity:      4

  L2-Data Cache:
    Size(KB):        1024
    Block Size(B):     64
    Associativity:     16

Latencies:    1   15  250
L1-Sets:  256 - LRU - assoc:   4
L2-Sets: 1024 - LRU - assoc:  16
Store_allocation: Yes
L2_inclusive: Yes

L1 Cache Stats:
L1-Load-Hits:       28468501614   81.89%
L1-Load-Misses:      6296876515   18.11%
L1-Load-Accesses:   34765378129  100.00%

L1-Store-Hits:        9519979232   99.21%
L1-Store-Misses:        75906285    0.79%
L1-Store-Accesses:    9595885517  100.00%

L1-Total-Hits:       37988480846   85.63%
L1-Total-Misses:      6372782800   14.37%
L1-Total-Accesses:   44361263646  100.00%

L2 Cache Stats:
L2-Load-Hits:        3704043225   58.82%
L2-Load-Misses:      2592833290   41.18%
L2-Load-Accesses:    6296876515  100.00%

L2-Store-Hits:          51813280   68.26%
L2-Store-Misses:        24093005   31.74%
L2-Store-Accesses:      75906285  100.00%

L2-Total-Hits:        3755856505   58.94%
L2-Total-Misses:      2616926295   41.06%
L2-Total-Accesses:    6372782800  100.00%

