--------
Total Statistics
--------
Total Instructions: 108732414793
Total Cycles: 953877661319
IPC: 0.11399

--------
Two level Cache hierarchy
--------
  L1-Data Cache:
    Size(KB):          32
    Block Size(B):     32
    Associativity:      4

  L2-Data Cache:
    Size(KB):         256
    Block Size(B):     64
    Associativity:      4

Latencies:    1   15  250
L1-Sets:  256 - LRU - assoc:   4
L2-Sets: 1024 - LRU - assoc:   4
Store_allocation: Yes
L2_inclusive: Yes

L1 Cache Stats:
L1-Load-Hits:       28464546376   81.88%
L1-Load-Misses:      6300831749   18.12%
L1-Load-Accesses:   34765378125  100.00%

L1-Store-Hits:        9519968138   99.21%
L1-Store-Misses:        75917283    0.79%
L1-Store-Accesses:    9595885421  100.00%

L1-Total-Hits:       37984514514   85.63%
L1-Total-Misses:      6376749032   14.37%
L1-Total-Accesses:   44361263546  100.00%

L2 Cache Stats:
L2-Load-Hits:        3517302642   55.82%
L2-Load-Misses:      2783529107   44.18%
L2-Load-Accesses:    6300831749  100.00%

L2-Store-Hits:          38915400   51.26%
L2-Store-Misses:        37001883   48.74%
L2-Store-Accesses:      75917283  100.00%

L2-Total-Hits:        3556218042   55.77%
L2-Total-Misses:      2820530990   44.23%
L2-Total-Accesses:    6376749032  100.00%

