--------
Total Statistics
--------
Total Instructions: 108732414793
Total Cycles: 656671981884
IPC: 0.165581

--------
Two level Cache hierarchy
--------
  L1-Data Cache:
    Size(KB):          32
    Block Size(B):     32
    Associativity:      4

  L2-Data Cache:
    Size(KB):         512
    Block Size(B):    128
    Associativity:      4

Latencies:    1   15  250
L1-Sets:  256 - LRU - assoc:   4
L2-Sets: 1024 - LRU - assoc:   4
Store_allocation: Yes
L2_inclusive: Yes

L1 Cache Stats:
L1-Load-Hits:       28463625332   81.87%
L1-Load-Misses:      6301752793   18.13%
L1-Load-Accesses:   34765378125  100.00%

L1-Store-Hits:        9520082461   99.21%
L1-Store-Misses:        75802960    0.79%
L1-Store-Accesses:    9595885421  100.00%

L1-Total-Hits:       37983707793   85.62%
L1-Total-Misses:      6377555753   14.38%
L1-Total-Accesses:   44361263546  100.00%

L2 Cache Stats:
L2-Load-Hits:        4688241549   74.40%
L2-Load-Misses:      1613511244   25.60%
L2-Load-Accesses:    6301752793  100.00%

L2-Store-Hits:          57654335   76.06%
L2-Store-Misses:        18148625   23.94%
L2-Store-Accesses:      75802960  100.00%

L2-Total-Hits:        4745895884   74.42%
L2-Total-Misses:      1631659869   25.58%
L2-Total-Accesses:    6377555753  100.00%

