--------
Total Statistics
--------
Total Instructions: 108732414705
Total Cycles: 580881097137
IPC: 0.187185

--------
Two level Cache hierarchy
--------
  L1-Data Cache:
    Size(KB):          32
    Block Size(B):     32
    Associativity:      4

  L2-Data Cache:
    Size(KB):         512
    Block Size(B):    256
    Associativity:      4

Latencies:    1   15  250
L1-Sets:  256 - LRU - assoc:   4
L2-Sets:  512 - LRU - assoc:   4
Store_allocation: Yes
L2_inclusive: Yes

L1 Cache Stats:
L1-Load-Hits:       28465487375   81.88%
L1-Load-Misses:      6299890754   18.12%
L1-Load-Accesses:   34765378129  100.00%

L1-Store-Hits:        9520009015   99.21%
L1-Store-Misses:        75876358    0.79%
L1-Store-Accesses:    9595885373  100.00%

L1-Total-Hits:       37985496390   85.63%
L1-Total-Misses:      6375767112   14.37%
L1-Total-Accesses:   44361263502  100.00%

L2 Cache Stats:
L2-Load-Hits:        4980680352   79.06%
L2-Load-Misses:      1319210402   20.94%
L2-Load-Accesses:    6299890754  100.00%

L2-Store-Hits:          66483111   87.62%
L2-Store-Misses:         9393247   12.38%
L2-Store-Accesses:      75876358  100.00%

L2-Total-Hits:        5047163463   79.16%
L2-Total-Misses:      1328603649   20.84%
L2-Total-Accesses:    6375767112  100.00%

