--------
Total Statistics
--------
Total Instructions: 108732414793
Total Cycles: 634367843204
IPC: 0.171403

--------
Two level Cache hierarchy
--------
  L1-Data Cache:
    Size(KB):          32
    Block Size(B):     32
    Associativity:      4

  L2-Data Cache:
    Size(KB):         512
    Block Size(B):    128
    Associativity:      8

Latencies:    1   15  250
L1-Sets:  256 - LRU - assoc:   4
L2-Sets:  512 - LRU - assoc:   8
Store_allocation: Yes
L2_inclusive: Yes

L1 Cache Stats:
L1-Load-Hits:       28467906745   81.89%
L1-Load-Misses:      6297471380   18.11%
L1-Load-Accesses:   34765378125  100.00%

L1-Store-Hits:        9520129660   99.21%
L1-Store-Misses:        75755761    0.79%
L1-Store-Accesses:    9595885421  100.00%

L1-Total-Hits:       37988036405   85.63%
L1-Total-Misses:      6373227141   14.37%
L1-Total-Accesses:   44361263546  100.00%

L2 Cache Stats:
L2-Load-Hits:        4772928568   75.79%
L2-Load-Misses:      1524542812   24.21%
L2-Load-Accesses:    6297471380  100.00%

L2-Store-Hits:          57595542   76.03%
L2-Store-Misses:        18160219   23.97%
L2-Store-Accesses:      75755761  100.00%

L2-Total-Hits:        4830524110   75.79%
L2-Total-Misses:      1542703031   24.21%
L2-Total-Accesses:    6373227141  100.00%

