--------
Total Statistics
--------
Total Instructions: 108732414705
Total Cycles: 624110923082
IPC: 0.17422

--------
Two level Cache hierarchy
--------
  L1-Data Cache:
    Size(KB):          32
    Block Size(B):     32
    Associativity:      4

  L2-Data Cache:
    Size(KB):        1024
    Block Size(B):    128
    Associativity:     16

Latencies:    1   15  250
L1-Sets:  256 - LRU - assoc:   4
L2-Sets:  512 - LRU - assoc:  16
Store_allocation: Yes
L2_inclusive: Yes

L1 Cache Stats:
L1-Load-Hits:       28469490492   81.89%
L1-Load-Misses:      6295887637   18.11%
L1-Load-Accesses:   34765378129  100.00%

L1-Store-Hits:        9519986535   99.21%
L1-Store-Misses:        75898838    0.79%
L1-Store-Accesses:    9595885373  100.00%

L1-Total-Hits:       37989477027   85.64%
L1-Total-Misses:      6371786475   14.36%
L1-Total-Accesses:   44361263502  100.00%

L2 Cache Stats:
L2-Load-Hits:        4806735438   76.35%
L2-Load-Misses:      1489152199   23.65%
L2-Load-Accesses:    6295887637  100.00%

L2-Store-Hits:          63289246   83.39%
L2-Store-Misses:        12609592   16.61%
L2-Store-Accesses:      75898838  100.00%

L2-Total-Hits:        4870024684   76.43%
L2-Total-Misses:      1501761791   23.57%
L2-Total-Accesses:    6371786475  100.00%

