--------
Total Statistics
--------
Total Instructions: 108732414793
Total Cycles: 748998008144
IPC: 0.14517

--------
Two level Cache hierarchy
--------
  L1-Data Cache:
    Size(KB):          32
    Block Size(B):     32
    Associativity:      4

  L2-Data Cache:
    Size(KB):         256
    Block Size(B):    128
    Associativity:      4

Latencies:    1   15  250
L1-Sets:  256 - LRU - assoc:   4
L2-Sets:  512 - LRU - assoc:   4
Store_allocation: Yes
L2_inclusive: Yes

L1 Cache Stats:
L1-Load-Hits:       28458035725   81.86%
L1-Load-Misses:      6307342400   18.14%
L1-Load-Accesses:   34765378125  100.00%

L1-Store-Hits:        9520113434   99.21%
L1-Store-Misses:        75771987    0.79%
L1-Store-Accesses:    9595885421  100.00%

L1-Total-Hits:       37978149159   85.61%
L1-Total-Misses:      6383114387   14.39%
L1-Total-Accesses:   44361263546  100.00%

L2 Cache Stats:
L2-Load-Hits:        4325601128   68.58%
L2-Load-Misses:      1981741272   31.42%
L2-Load-Accesses:    6307342400  100.00%

L2-Store-Hits:          56882803   75.07%
L2-Store-Misses:        18889184   24.93%
L2-Store-Accesses:      75771987  100.00%

L2-Total-Hits:        4382483931   68.66%
L2-Total-Misses:      2000630456   31.34%
L2-Total-Accesses:    6383114387  100.00%

