--------
Total Statistics
--------
Total Instructions: 108732414993
Total Cycles: 916390155264
IPC: 0.118653

--------
Two level Cache hierarchy
--------
  L1-Data Cache:
    Size(KB):          32
    Block Size(B):     32
    Associativity:      4

  L2-Data Cache:
    Size(KB):         512
    Block Size(B):     64
    Associativity:      4

Latencies:    1   15  250
L1-Sets:  256 - LRU - assoc:   4
L2-Sets: 2048 - LRU - assoc:   4
Store_allocation: Yes
L2_inclusive: Yes

L1 Cache Stats:
L1-Load-Hits:       28463681156   81.87%
L1-Load-Misses:      6301696973   18.13%
L1-Load-Accesses:   34765378129  100.00%

L1-Store-Hits:        9520130665   99.21%
L1-Store-Misses:        75754852    0.79%
L1-Store-Accesses:    9595885517  100.00%

L1-Total-Hits:       37983811821   85.62%
L1-Total-Misses:      6377451825   14.38%
L1-Total-Accesses:   44361263646  100.00%

L2 Cache Stats:
L2-Load-Hits:        3666702908   58.19%
L2-Load-Misses:      2634994065   41.81%
L2-Load-Accesses:    6301696973  100.00%

L2-Store-Hits:          40210120   53.08%
L2-Store-Misses:        35544732   46.92%
L2-Store-Accesses:      75754852  100.00%

L2-Total-Hits:        3706913028   58.13%
L2-Total-Misses:      2670538797   41.87%
L2-Total-Accesses:    6377451825  100.00%

