--------
Total Statistics
--------
Total Instructions: 108732414793
Total Cycles: 889447579259
IPC: 0.122247

--------
Two level Cache hierarchy
--------
  L1-Data Cache:
    Size(KB):          32
    Block Size(B):     32
    Associativity:      4

  L2-Data Cache:
    Size(KB):        2048
    Block Size(B):     64
    Associativity:     16

Latencies:    1   15  250
L1-Sets:  256 - LRU - assoc:   4
L2-Sets: 2048 - LRU - assoc:  16
Store_allocation: Yes
L2_inclusive: Yes

L1 Cache Stats:
L1-Load-Hits:       28468501508   81.89%
L1-Load-Misses:      6296876617   18.11%
L1-Load-Accesses:   34765378125  100.00%

L1-Store-Hits:        9520136260   99.21%
L1-Store-Misses:        75749161    0.79%
L1-Store-Accesses:    9595885421  100.00%

L1-Total-Hits:       37988637768   85.63%
L1-Total-Misses:      6372625778   14.37%
L1-Total-Accesses:   44361263546  100.00%

L2 Cache Stats:
L2-Load-Hits:        3753618074   59.61%
L2-Load-Misses:      2543258543   40.39%
L2-Load-Accesses:    6296876617  100.00%

L2-Store-Hits:          55949647   73.86%
L2-Store-Misses:        19799514   26.14%
L2-Store-Accesses:      75749161  100.00%

L2-Total-Hits:        3809567721   59.78%
L2-Total-Misses:      2563058057   40.22%
L2-Total-Accesses:    6372625778  100.00%

