--------
Total Statistics
--------
Total Instructions: 108732414793
Total Cycles: 660501082954
IPC: 0.164621

--------
Two level Cache hierarchy
--------
  L1-Data Cache:
    Size(KB):          32
    Block Size(B):     32
    Associativity:      4

  L2-Data Cache:
    Size(KB):         256
    Block Size(B):    256
    Associativity:      4

Latencies:    1   15  250
L1-Sets:  256 - LRU - assoc:   4
L2-Sets:  256 - LRU - assoc:   4
Store_allocation: Yes
L2_inclusive: Yes

L1 Cache Stats:
L1-Load-Hits:       28451569004   81.84%
L1-Load-Misses:      6313809121   18.16%
L1-Load-Accesses:   34765378125  100.00%

L1-Store-Hits:        9520027201   99.21%
L1-Store-Misses:        75858220    0.79%
L1-Store-Accesses:    9595885421  100.00%

L1-Total-Hits:       37971596205   85.60%
L1-Total-Misses:      6389667341   14.40%
L1-Total-Accesses:   44361263546  100.00%

L2 Cache Stats:
L2-Load-Hits:        4677359075   74.08%
L2-Load-Misses:      1636450046   25.92%
L2-Load-Accesses:    6313809121  100.00%

L2-Store-Hits:          66058688   87.08%
L2-Store-Misses:         9799532   12.92%
L2-Store-Accesses:      75858220  100.00%

L2-Total-Hits:        4743417763   74.24%
L2-Total-Misses:      1646249578   25.76%
L2-Total-Accesses:    6389667341  100.00%

