--------
Total Statistics
--------
Total Instructions: 108732414705
Total Cycles: 624178612532
IPC: 0.174201

--------
Two level Cache hierarchy
--------
  L1-Data Cache:
    Size(KB):          32
    Block Size(B):     32
    Associativity:      4

  L2-Data Cache:
    Size(KB):        1024
    Block Size(B):    128
    Associativity:      8

Latencies:    1   15  250
L1-Sets:  256 - LRU - assoc:   4
L2-Sets: 1024 - LRU - assoc:   8
Store_allocation: Yes
L2_inclusive: Yes

L1 Cache Stats:
L1-Load-Hits:       28468598049   81.89%
L1-Load-Misses:      6296780080   18.11%
L1-Load-Accesses:   34765378129  100.00%

L1-Store-Hits:        9520116798   99.21%
L1-Store-Misses:        75768575    0.79%
L1-Store-Accesses:    9595885373  100.00%

L1-Total-Hits:       37988714847   85.63%
L1-Total-Misses:      6372548655   14.37%
L1-Total-Accesses:   44361263502  100.00%

L2 Cache Stats:
L2-Load-Hits:        4807232919   76.34%
L2-Load-Misses:      1489547161   23.66%
L2-Load-Accesses:    6296780080  100.00%

L2-Store-Hits:          63328918   83.58%
L2-Store-Misses:        12439657   16.42%
L2-Store-Accesses:      75768575  100.00%

L2-Total-Hits:        4870561837   76.43%
L2-Total-Misses:      1501986818   23.57%
L2-Total-Accesses:    6372548655  100.00%

