--------
Total Statistics
--------
Total Instructions: 108732414809
Total Cycles: 909996463858
IPC: 0.119487

--------
Two level Cache hierarchy
--------
  L1-Data Cache:
    Size(KB):          32
    Block Size(B):     32
    Associativity:      4

  L2-Data Cache:
    Size(KB):         512
    Block Size(B):     64
    Associativity:     16

Latencies:    1   15  250
L1-Sets:  256 - LRU - assoc:   4
L2-Sets:  512 - LRU - assoc:  16
Store_allocation: Yes
L2_inclusive: Yes

L1 Cache Stats:
L1-Load-Hits:       28469067451   81.89%
L1-Load-Misses:      6296310677   18.11%
L1-Load-Accesses:   34765378128  100.00%

L1-Store-Hits:        9520086798   99.21%
L1-Store-Misses:        75798623    0.79%
L1-Store-Accesses:    9595885421  100.00%

L1-Total-Hits:       37989154249   85.64%
L1-Total-Misses:      6372109300   14.36%
L1-Total-Accesses:   44361263549  100.00%

L2 Cache Stats:
L2-Load-Hits:        3686664645   58.55%
L2-Load-Misses:      2609646032   41.45%
L2-Load-Accesses:    6296310677  100.00%

L2-Store-Hits:          40160071   52.98%
L2-Store-Misses:        35638552   47.02%
L2-Store-Accesses:      75798623  100.00%

L2-Total-Hits:        3726824716   58.49%
L2-Total-Misses:      2645284584   41.51%
L2-Total-Accesses:    6372109300  100.00%

