--------
Total Statistics
--------
Total Instructions: 108732414793
Total Cycles: 475169153769
IPC: 0.228829

--------
Two level Cache hierarchy
--------
  L1-Data Cache:
    Size(KB):          32
    Block Size(B):     32
    Associativity:      4

  L2-Data Cache:
    Size(KB):        1024
    Block Size(B):    256
    Associativity:     16

Latencies:    1   15  250
L1-Sets:  256 - LRU - assoc:   4
L2-Sets:  256 - LRU - assoc:  16
Store_allocation: Yes
L2_inclusive: Yes

L1 Cache Stats:
L1-Load-Hits:       28469634712   81.89%
L1-Load-Misses:      6295743413   18.11%
L1-Load-Accesses:   34765378125  100.00%

L1-Store-Hits:        9520080972   99.21%
L1-Store-Misses:        75804449    0.79%
L1-Store-Accesses:    9595885421  100.00%

L1-Total-Hits:       37989715684   85.64%
L1-Total-Misses:      6371547862   14.36%
L1-Total-Accesses:   44361263546  100.00%

L2 Cache Stats:
L2-Load-Hits:        5396504718   85.72%
L2-Load-Misses:       899238695   14.28%
L2-Load-Accesses:    6295743413  100.00%

L2-Store-Hits:          69034114   91.07%
L2-Store-Misses:         6770335    8.93%
L2-Store-Accesses:      75804449  100.00%

L2-Total-Hits:        5465538832   85.78%
L2-Total-Misses:       906009030   14.22%
L2-Total-Accesses:    6371547862  100.00%

