--------
Total Statistics
--------
Total Instructions: 108732414705
Total Cycles: 627732362147
IPC: 0.173215

--------
Two level Cache hierarchy
--------
  L1-Data Cache:
    Size(KB):          32
    Block Size(B):     32
    Associativity:      4

  L2-Data Cache:
    Size(KB):         512
    Block Size(B):    128
    Associativity:     16

Latencies:    1   15  250
L1-Sets:  256 - LRU - assoc:   4
L2-Sets:  256 - LRU - assoc:  16
Store_allocation: Yes
L2_inclusive: Yes

L1 Cache Stats:
L1-Load-Hits:       28466475102   81.88%
L1-Load-Misses:      6298903027   18.12%
L1-Load-Accesses:   34765378129  100.00%

L1-Store-Hits:        9520083704   99.21%
L1-Store-Misses:        75801669    0.79%
L1-Store-Accesses:    9595885373  100.00%

L1-Total-Hits:       37986558806   85.63%
L1-Total-Misses:      6374704696   14.37%
L1-Total-Accesses:   44361263502  100.00%

L2 Cache Stats:
L2-Load-Hits:        4801008516   76.22%
L2-Load-Misses:      1497894511   23.78%
L2-Load-Accesses:    6298903027  100.00%

L2-Store-Hits:          57623726   76.02%
L2-Store-Misses:        18177943   23.98%
L2-Store-Accesses:      75801669  100.00%

L2-Total-Hits:        4858632242   76.22%
L2-Total-Misses:      1516072454   23.78%
L2-Total-Accesses:    6374704696  100.00%

