--------
Total Statistics
--------
Total Instructions: 108732414793
Total Cycles: 573502439504
IPC: 0.189594

--------
Two level Cache hierarchy
--------
  L1-Data Cache:
    Size(KB):          32
    Block Size(B):     32
    Associativity:      4

  L2-Data Cache:
    Size(KB):         512
    Block Size(B):    256
    Associativity:      8

Latencies:    1   15  250
L1-Sets:  256 - LRU - assoc:   4
L2-Sets:  256 - LRU - assoc:   8
Store_allocation: Yes
L2_inclusive: Yes

L1 Cache Stats:
L1-Load-Hits:       28463579074   81.87%
L1-Load-Misses:      6301799051   18.13%
L1-Load-Accesses:   34765378125  100.00%

L1-Store-Hits:        9520125511   99.21%
L1-Store-Misses:        75759910    0.79%
L1-Store-Accesses:    9595885421  100.00%

L1-Total-Hits:       37983704585   85.62%
L1-Total-Misses:      6377558961   14.38%
L1-Total-Accesses:   44361263546  100.00%

L2 Cache Stats:
L2-Load-Hits:        5012208524   79.54%
L2-Load-Misses:      1289590527   20.46%
L2-Load-Accesses:    6301799051  100.00%

L2-Store-Hits:          66368930   87.60%
L2-Store-Misses:         9390980   12.40%
L2-Store-Accesses:      75759910  100.00%

L2-Total-Hits:        5078577454   79.63%
L2-Total-Misses:      1298981507   20.37%
L2-Total-Accesses:    6377558961  100.00%

