--------
Total Statistics
--------
Total Instructions: 108732414993
Total Cycles: 910013953919
IPC: 0.119484

--------
Two level Cache hierarchy
--------
  L1-Data Cache:
    Size(KB):          32
    Block Size(B):     32
    Associativity:      4

  L2-Data Cache:
    Size(KB):         512
    Block Size(B):     64
    Associativity:      8

Latencies:    1   15  250
L1-Sets:  256 - LRU - assoc:   4
L2-Sets: 1024 - LRU - assoc:   8
Store_allocation: Yes
L2_inclusive: Yes

L1 Cache Stats:
L1-Load-Hits:       28468297012   81.89%
L1-Load-Misses:      6297081117   18.11%
L1-Load-Accesses:   34765378129  100.00%

L1-Store-Hits:        9520140432   99.21%
L1-Store-Misses:        75745085    0.79%
L1-Store-Accesses:    9595885517  100.00%

L1-Total-Hits:       37988437444   85.63%
L1-Total-Misses:      6372826202   14.37%
L1-Total-Accesses:   44361263646  100.00%

L2 Cache Stats:
L2-Load-Hits:        3687367268   58.56%
L2-Load-Misses:      2609713849   41.44%
L2-Load-Accesses:    6297081117  100.00%

L2-Store-Hits:          40147405   53.00%
L2-Store-Misses:        35597680   47.00%
L2-Store-Accesses:      75745085  100.00%

L2-Total-Hits:        3727514673   58.49%
L2-Total-Misses:      2645311529   41.51%
L2-Total-Accesses:    6372826202  100.00%

