--------
Total Statistics
--------
Total Instructions: 60533956085
Total Cycles: 84439744631
IPC: 0.716889

--------
Two level Cache hierarchy
--------
  L1-Data Cache:
    Size(KB):          32
    Block Size(B):     32
    Associativity:      4

  L2-Data Cache:
    Size(KB):        1024
    Block Size(B):    256
    Associativity:     16

Latencies:    1   10  200
L1-Sets:  256 - LRU - assoc:   4
L2-Sets:  256 - LRU - assoc:  16
Store_allocation: Yes
L2_inclusive: Yes

L1 Cache Stats:
L1-Load-Hits:       13365677803   95.97%
L1-Load-Misses:       560934865    4.03%
L1-Load-Accesses:   13926612668  100.00%

L1-Store-Hits:        3700964281   99.32%
L1-Store-Misses:        25439377    0.68%
L1-Store-Accesses:    3726403658  100.00%

L1-Total-Hits:       17066642084   96.68%
L1-Total-Misses:       586374242    3.32%
L1-Total-Accesses:   17653016326  100.00%

L2 Cache Stats:
L2-Load-Hits:         559427872   99.73%
L2-Load-Misses:         1506993    0.27%
L2-Load-Accesses:     560934865  100.00%

L2-Store-Hits:          25001221   98.28%
L2-Store-Misses:          438156    1.72%
L2-Store-Accesses:      25439377  100.00%

L2-Total-Hits:         584429093   99.67%
L2-Total-Misses:         1945149    0.33%
L2-Total-Accesses:     586374242  100.00%


