--------
Total Statistics
--------
Total Instructions: 60533957217
Total Cycles: 84507040321
IPC: 0.716319

--------
Two level Cache hierarchy
--------
  L1-Data Cache:
    Size(KB):          32
    Block Size(B):     32
    Associativity:      4

  L2-Data Cache:
    Size(KB):        1024
    Block Size(B):    256
    Associativity:      8

Latencies:    1   10  200
L1-Sets:  256 - LRU - assoc:   4
L2-Sets:  512 - LRU - assoc:   8
Store_allocation: Yes
L2_inclusive: Yes

L1 Cache Stats:
L1-Load-Hits:       13361409451   95.94%
L1-Load-Misses:       565203435    4.06%
L1-Load-Accesses:   13926612886  100.00%

L1-Store-Hits:        3699042517   99.27%
L1-Store-Misses:        27361141    0.73%
L1-Store-Accesses:    3726403658  100.00%

L1-Total-Hits:       17060451968   96.64%
L1-Total-Misses:       592564576    3.36%
L1-Total-Accesses:   17653016544  100.00%

L2 Cache Stats:
L2-Load-Hits:         563670948   99.73%
L2-Load-Misses:         1532487    0.27%
L2-Load-Accesses:     565203435  100.00%

L2-Store-Hits:          26921524   98.39%
L2-Store-Misses:          439617    1.61%
L2-Store-Accesses:      27361141  100.00%

L2-Total-Hits:         590592472   99.67%
L2-Total-Misses:         1972104    0.33%
L2-Total-Accesses:     592564576  100.00%


