--------
Total Statistics
--------
Total Instructions: 60533957217
Total Cycles: 147935497741
IPC: 0.409192

--------
Two level Cache hierarchy
--------
  L1-Data Cache:
    Size(KB):          32
    Block Size(B):     32
    Associativity:      4

  L2-Data Cache:
    Size(KB):        1024
    Block Size(B):    256
    Associativity:     16

Latencies:    1   10  200
L1-Sets:  256 - MRU - assoc:   4
L2-Sets:  256 - MRU - assoc:  16
Store_allocation: Yes
L2_inclusive: Yes

L1 Cache Stats:
L1-Load-Hits:       11551560747   82.95%
L1-Load-Misses:      2375052139   17.05%
L1-Load-Accesses:   13926612886  100.00%

L1-Store-Hits:        3647379019   97.88%
L1-Store-Misses:        79024639    2.12%
L1-Store-Accesses:    3726403658  100.00%

L1-Total-Hits:       15198939766   86.10%
L1-Total-Misses:      2454076778   13.90%
L1-Total-Accesses:   17653016544  100.00%

L2 Cache Stats:
L2-Load-Hits:        2158487263   90.88%
L2-Load-Misses:       216564876    9.12%
L2-Load-Accesses:    2375052139  100.00%

L2-Store-Hits:          69550734   88.01%
L2-Store-Misses:         9473905   11.99%
L2-Store-Accesses:      79024639  100.00%

L2-Total-Hits:        2228037997   90.79%
L2-Total-Misses:       226038781    9.21%
L2-Total-Accesses:    2454076778  100.00%

