--------
Total Statistics
--------
Total Instructions: 60533957213
Total Cycles: 196452690727
IPC: 0.308135

--------
Two level Cache hierarchy
--------
  L1-Data Cache:
    Size(KB):          32
    Block Size(B):     32
    Associativity:      4

  L2-Data Cache:
    Size(KB):         512
    Block Size(B):    256
    Associativity:     16

Latencies:    1   10  200
L1-Sets:  256 - MRU - assoc:   4
L2-Sets:  128 - MRU - assoc:  16
Store_allocation: Yes
L2_inclusive: Yes

L1 Cache Stats:
L1-Load-Hits:       11475689955   82.40%
L1-Load-Misses:      2450922931   17.60%
L1-Load-Accesses:   13926612886  100.00%

L1-Store-Hits:        3639523572   97.67%
L1-Store-Misses:        86880086    2.33%
L1-Store-Accesses:    3726403658  100.00%

L1-Total-Hits:       15115213527   85.62%
L1-Total-Misses:      2537803017   14.38%
L1-Total-Accesses:   17653016544  100.00%

L2 Cache Stats:
L2-Load-Hits:        2007518020   81.91%
L2-Load-Misses:       443404911   18.09%
L2-Load-Accesses:    2450922931  100.00%

L2-Store-Hits:          65846563   75.79%
L2-Store-Misses:        21033523   24.21%
L2-Store-Accesses:      86880086  100.00%

L2-Total-Hits:        2073364583   81.70%
L2-Total-Misses:       464438434   18.30%
L2-Total-Accesses:    2537803017  100.00%

