--------
Total Statistics
--------
Total Instructions: 60533956110
Total Cycles: 126327035444
IPC: 0.479184

--------
Two level Cache hierarchy
--------
  L1-Data Cache:
    Size(KB):          32
    Block Size(B):     32
    Associativity:      4

  L2-Data Cache:
    Size(KB):        2048
    Block Size(B):    256
    Associativity:     16

Latencies:    1   10  200
L1-Sets:  256 - MRU - assoc:   4
L2-Sets:  512 - MRU - assoc:  16
Store_allocation: Yes
L2_inclusive: Yes

L1 Cache Stats:
L1-Load-Hits:       11612990960   83.39%
L1-Load-Misses:      2313621636   16.61%
L1-Load-Accesses:   13926612596  100.00%

L1-Store-Hits:        3652883206   98.03%
L1-Store-Misses:        73520452    1.97%
L1-Store-Accesses:    3726403658  100.00%

L1-Total-Hits:       15265874166   86.48%
L1-Total-Misses:      2387142088   13.52%
L1-Total-Accesses:   17653016254  100.00%

L2 Cache Stats:
L2-Load-Hits:        2197500265   94.98%
L2-Load-Misses:       116121371    5.02%
L2-Load-Accesses:    2313621636  100.00%

L2-Store-Hits:          68298612   92.90%
L2-Store-Misses:         5221840    7.10%
L2-Store-Accesses:      73520452  100.00%

L2-Total-Hits:        2265798877   94.92%
L2-Total-Misses:       121343211    5.08%
L2-Total-Accesses:    2387142088  100.00%

