--------
Total Statistics
--------
Total Instructions: 60533955477
Total Cycles: 136633903281
IPC: 0.443038

--------
Two level Cache hierarchy
--------
  L1-Data Cache:
    Size(KB):          32
    Block Size(B):     32
    Associativity:      4

  L2-Data Cache:
    Size(KB):         512
    Block Size(B):    256
    Associativity:     16

Latencies:    1   10  200
L1-Sets:  256 - LFU - assoc:   4
L2-Sets:  128 - LFU - assoc:  16
Store_allocation: Yes
L2_inclusive: Yes

L1 Cache Stats:
L1-Load-Hits:       12155812971   87.28%
L1-Load-Misses:      1770799625   12.72%
L1-Load-Accesses:   13926612596  100.00%

L1-Store-Hits:        3708164468   99.51%
L1-Store-Misses:        18239190    0.49%
L1-Store-Accesses:    3726403658  100.00%

L1-Total-Hits:       15863977439   89.87%
L1-Total-Misses:      1789038815   10.13%
L1-Total-Accesses:   17653016254  100.00%

L2 Cache Stats:
L2-Load-Hits:        1574711999   88.93%
L2-Load-Misses:       196087626   11.07%
L2-Load-Accesses:    1770799625  100.00%

L2-Store-Hits:          11544099   63.29%
L2-Store-Misses:         6695091   36.71%
L2-Store-Accesses:      18239190  100.00%

L2-Total-Hits:        1586256098   88.67%
L2-Total-Misses:       202782717   11.33%
L2-Total-Accesses:    1789038815  100.00%

