--------
Total Statistics
--------
Total Instructions: 60533955475
Total Cycles: 99824300279
IPC: 0.606405

--------
Two level Cache hierarchy
--------
  L1-Data Cache:
    Size(KB):          32
    Block Size(B):     32
    Associativity:      4

  L2-Data Cache:
    Size(KB):        2048
    Block Size(B):    256
    Associativity:     16

Latencies:    1   10  200
L1-Sets:  256 - LFU - assoc:   4
L2-Sets:  512 - LFU - assoc:  16
Store_allocation: Yes
L2_inclusive: Yes

L1 Cache Stats:
L1-Load-Hits:       12223734485   87.77%
L1-Load-Misses:      1702878111   12.23%
L1-Load-Accesses:   13926612596  100.00%

L1-Store-Hits:        3713449414   99.65%
L1-Store-Misses:        12954244    0.35%
L1-Store-Accesses:    3726403658  100.00%

L1-Total-Hits:       15937183899   90.28%
L1-Total-Misses:      1715832355    9.72%
L1-Total-Accesses:   17653016254  100.00%

L2 Cache Stats:
L2-Load-Hits:        1681670646   98.75%
L2-Load-Misses:        21207465    1.25%
L2-Load-Accesses:    1702878111  100.00%

L2-Store-Hits:          11766684   90.83%
L2-Store-Misses:         1187560    9.17%
L2-Store-Accesses:      12954244  100.00%

L2-Total-Hits:        1693437330   98.69%
L2-Total-Misses:        22395025    1.31%
L2-Total-Accesses:    1715832355  100.00%

