--------
Total Statistics
--------
Total Instructions: 60533956085
Total Cycles: 106757519011
IPC: 0.567023

--------
Two level Cache hierarchy
--------
  L1-Data Cache:
    Size(KB):          32
    Block Size(B):     32
    Associativity:      4

  L2-Data Cache:
    Size(KB):        1024
    Block Size(B):    256
    Associativity:     16

Latencies:    1   10  200
L1-Sets:  256 - LFU - assoc:   4
L2-Sets:  256 - LFU - assoc:  16
Store_allocation: Yes
L2_inclusive: Yes

L1 Cache Stats:
L1-Load-Hits:       12225499416   87.79%
L1-Load-Misses:      1701113252   12.21%
L1-Load-Accesses:   13926612668  100.00%

L1-Store-Hits:        3709677630   99.55%
L1-Store-Misses:        16726028    0.45%
L1-Store-Accesses:    3726403658  100.00%

L1-Total-Hits:       15935177046   90.27%
L1-Total-Misses:      1717839280    9.73%
L1-Total-Accesses:   17653016326  100.00%

L2 Cache Stats:
L2-Load-Hits:        1646813710   96.81%
L2-Load-Misses:        54299542    3.19%
L2-Load-Accesses:    1701113252  100.00%

L2-Store-Hits:          14064801   84.09%
L2-Store-Misses:         2661227   15.91%
L2-Store-Accesses:      16726028  100.00%

L2-Total-Hits:        1660878511   96.68%
L2-Total-Misses:        56960769    3.32%
L2-Total-Accesses:    1717839280  100.00%

