--------
Total Statistics
--------
Total Instructions: 60533956087
Total Cycles: 99961733853
IPC: 0.605571

--------
Two level Cache hierarchy
--------
  L1-Data Cache:
    Size(KB):          32
    Block Size(B):     32
    Associativity:      4

  L2-Data Cache:
    Size(KB):        2048
    Block Size(B):    256
    Associativity:     16

Latencies:    1   10  200
L1-Sets:  256 - LFU - assoc:   4
L2-Sets:  512 - LFU - assoc:  16
Store_allocation: Yes
L2_inclusive: Yes

L1 Cache Stats:
L1-Load-Hits:       12219644696   87.74%
L1-Load-Misses:      1706967972   12.26%
L1-Load-Accesses:   13926612668  100.00%

L1-Store-Hits:        3715578686   99.71%
L1-Store-Misses:        10824972    0.29%
L1-Store-Accesses:    3726403658  100.00%

L1-Total-Hits:       15935223382   90.27%
L1-Total-Misses:      1717792944    9.73%
L1-Total-Accesses:   17653016326  100.00%

L2 Cache Stats:
L2-Load-Hits:        1685158795   98.72%
L2-Load-Misses:        21809177    1.28%
L2-Load-Accesses:    1706967972  100.00%

L2-Store-Hits:           9649989   89.15%
L2-Store-Misses:         1174983   10.85%
L2-Store-Accesses:      10824972  100.00%

L2-Total-Hits:        1694808784   98.66%
L2-Total-Misses:        22984160    1.34%
L2-Total-Accesses:    1717792944  100.00%

