--------
Total Statistics
--------
Total Instructions: 60533956091
Total Cycles: 100914155747
IPC: 0.599856

--------
Two level Cache hierarchy
--------
  L1-Data Cache:
    Size(KB):          32
    Block Size(B):     32
    Associativity:      4

  L2-Data Cache:
    Size(KB):        1024
    Block Size(B):    256
    Associativity:      8

Latencies:    1   10  200
L1-Sets:  256 - LFU - assoc:   4
L2-Sets:  512 - LFU - assoc:   8
Store_allocation: Yes
L2_inclusive: Yes

L1 Cache Stats:
L1-Load-Hits:       12258151452   88.02%
L1-Load-Misses:      1668461216   11.98%
L1-Load-Accesses:   13926612668  100.00%

L1-Store-Hits:        3711857021   99.61%
L1-Store-Misses:        14546637    0.39%
L1-Store-Accesses:    3726403658  100.00%

L1-Total-Hits:       15970008473   90.47%
L1-Total-Misses:      1683007853    9.53%
L1-Total-Accesses:   17653016326  100.00%

L2 Cache Stats:
L2-Load-Hits:        1640226932   98.31%
L2-Load-Misses:        28234284    1.69%
L2-Load-Accesses:    1668461216  100.00%

L2-Store-Hits:          13295397   91.40%
L2-Store-Misses:         1251240    8.60%
L2-Store-Accesses:      14546637  100.00%

L2-Total-Hits:        1653522329   98.25%
L2-Total-Misses:        29485524    1.75%
L2-Total-Accesses:    1683007853  100.00%

