--------
Total Statistics
--------
Total Instructions: 60533954898
Total Cycles: 130120965910
IPC: 0.465213

--------
Two level Cache hierarchy
--------
  L1-Data Cache:
    Size(KB):          32
    Block Size(B):     32
    Associativity:      4

  L2-Data Cache:
    Size(KB):         512
    Block Size(B):    256
    Associativity:     16

Latencies:    1   10  200
L1-Sets:  256 - LFU - assoc:   4
L2-Sets:  128 - LFU - assoc:  16
Store_allocation: Yes
L2_inclusive: Yes

L1 Cache Stats:
L1-Load-Hits:       12192755508   87.55%
L1-Load-Misses:      1733856966   12.45%
L1-Load-Accesses:   13926612474  100.00%

L1-Store-Hits:        3711642176   99.60%
L1-Store-Misses:        14761482    0.40%
L1-Store-Accesses:    3726403658  100.00%

L1-Total-Hits:       15904397684   90.09%
L1-Total-Misses:      1748618448    9.91%
L1-Total-Accesses:   17653016132  100.00%

L2 Cache Stats:
L2-Load-Hits:        1564862303   90.25%
L2-Load-Misses:       168994663    9.75%
L2-Load-Accesses:    1733856966  100.00%

L2-Store-Hits:          11517093   78.02%
L2-Store-Misses:         3244389   21.98%
L2-Store-Accesses:      14761482  100.00%

L2-Total-Hits:        1576379396   90.15%
L2-Total-Misses:       172239052    9.85%
L2-Total-Accesses:    1748618448  100.00%

