--------
Total Statistics
--------
Total Instructions: 60533955481
Total Cycles: 99263539525
IPC: 0.609831

--------
Two level Cache hierarchy
--------
  L1-Data Cache:
    Size(KB):          32
    Block Size(B):     32
    Associativity:      4

  L2-Data Cache:
    Size(KB):        2048
    Block Size(B):    256
    Associativity:     16

Latencies:    1   10  200
L1-Sets:  256 - LFU - assoc:   4
L2-Sets:  512 - LFU - assoc:  16
Store_allocation: Yes
L2_inclusive: Yes

L1 Cache Stats:
L1-Load-Hits:       12218001031   87.73%
L1-Load-Misses:      1708611565   12.27%
L1-Load-Accesses:   13926612596  100.00%

L1-Store-Hits:        3712221244   99.62%
L1-Store-Misses:        14182414    0.38%
L1-Store-Accesses:    3726403658  100.00%

L1-Total-Hits:       15930222275   90.24%
L1-Total-Misses:      1722793979    9.76%
L1-Total-Accesses:   17653016254  100.00%

L2 Cache Stats:
L2-Load-Hits:        1690554367   98.94%
L2-Load-Misses:        18057198    1.06%
L2-Load-Accesses:    1708611565  100.00%

L2-Store-Hits:          12996472   91.64%
L2-Store-Misses:         1185942    8.36%
L2-Store-Accesses:      14182414  100.00%

L2-Total-Hits:        1703550839   98.88%
L2-Total-Misses:        19243140    1.12%
L2-Total-Accesses:    1722793979  100.00%

