--------
Total Statistics
--------
Total Instructions: 60533954482
Total Cycles: 150403567206
IPC: 0.402477

--------
Two level Cache hierarchy
--------
  L1-Data Cache:
    Size(KB):          32
    Block Size(B):     32
    Associativity:      4

  L2-Data Cache:
    Size(KB):        1024
    Block Size(B):    256
    Associativity:     16

Latencies:    1   10  200
L1-Sets:  256 - MRU - assoc:   4
L2-Sets:  256 - MRU - assoc:  16
Store_allocation: Yes
L2_inclusive: Yes

L1 Cache Stats:
L1-Load-Hits:       11567095885   83.06%
L1-Load-Misses:      2359516531   16.94%
L1-Load-Accesses:   13926612416  100.00%

L1-Store-Hits:        3647483004   97.88%
L1-Store-Misses:        78920654    2.12%
L1-Store-Accesses:    3726403658  100.00%

L1-Total-Hits:       15214578889   86.19%
L1-Total-Misses:      2438437185   13.81%
L1-Total-Accesses:   17653016074  100.00%

L2 Cache Stats:
L2-Load-Hits:        2130976476   90.31%
L2-Load-Misses:       228540055    9.69%
L2-Load-Accesses:    2359516531  100.00%

L2-Store-Hits:          68299585   86.54%
L2-Store-Misses:        10621069   13.46%
L2-Store-Accesses:      78920654  100.00%

L2-Total-Hits:        2199276061   90.19%
L2-Total-Misses:       239161124    9.81%
L2-Total-Accesses:    2438437185  100.00%

