--------
Total Statistics
--------
Total Instructions: 60533954484
Total Cycles: 84365086788
IPC: 0.717524

--------
Two level Cache hierarchy
--------
  L1-Data Cache:
    Size(KB):          32
    Block Size(B):     32
    Associativity:      4

  L2-Data Cache:
    Size(KB):        2048
    Block Size(B):    256
    Associativity:     16

Latencies:    1   10  200
L1-Sets:  256 - LRU - assoc:   4
L2-Sets:  512 - LRU - assoc:  16
Store_allocation: Yes
L2_inclusive: Yes

L1 Cache Stats:
L1-Load-Hits:       13366052856   95.97%
L1-Load-Misses:       560559560    4.03%
L1-Load-Accesses:   13926612416  100.00%

L1-Store-Hits:        3700339215   99.30%
L1-Store-Misses:        26064443    0.70%
L1-Store-Accesses:    3726403658  100.00%

L1-Total-Hits:       17066392071   96.68%
L1-Total-Misses:       586624003    3.32%
L1-Total-Accesses:   17653016074  100.00%

L2 Cache Stats:
L2-Load-Hits:         559435279   99.80%
L2-Load-Misses:         1124281    0.20%
L2-Load-Accesses:     560559560  100.00%

L2-Store-Hits:          25629343   98.33%
L2-Store-Misses:          435100    1.67%
L2-Store-Accesses:      26064443  100.00%

L2-Total-Hits:         585064622   99.73%
L2-Total-Misses:         1559381    0.27%
L2-Total-Accesses:     586624003  100.00%


