--------
Total Statistics
--------
Total Instructions: 96483398504
Total Cycles: 750284414958
IPC: 0.128596

--------
Two level Cache hierarchy
--------
  L1-Data Cache:
    Size(KB):          32
    Block Size(B):     32
    Associativity:      4

  L2-Data Cache:
    Size(KB):        1024
    Block Size(B):    128
    Associativity:      8

Latencies:    1   15  250
L1-Sets:  256 - LRU - assoc:   4
L2-Sets: 1024 - LRU - assoc:   8
Store_allocation: Yes
L2_inclusive: Yes

L1 Cache Stats:
L1-Load-Hits:       18239852938   89.88%
L1-Load-Misses:      2053306062   10.12%
L1-Load-Accesses:   20293159000  100.00%

L1-Store-Hits:        5349333148   45.97%
L1-Store-Misses:      6287623836   54.03%
L1-Store-Accesses:   11636956984  100.00%

L1-Total-Hits:       23589186086   73.88%
L1-Total-Misses:      8340929898   26.12%
L1-Total-Accesses:   31930115984  100.00%

L2 Cache Stats:
L2-Load-Hits:        1539899006   75.00%
L2-Load-Misses:       513407056   25.00%
L2-Load-Accesses:    2053306062  100.00%

L2-Store-Hits:        4814003084   76.56%
L2-Store-Misses:      1473620752   23.44%
L2-Store-Accesses:    6287623836  100.00%

L2-Total-Hits:        6353902090   76.18%
L2-Total-Misses:      1987027808   23.82%
L2-Total-Accesses:    8340929898  100.00%

