--------
Total Statistics
--------
Total Instructions: 96483398504
Total Cycles: 1246962025513
IPC: 0.0773748

--------
Two level Cache hierarchy
--------
  L1-Data Cache:
    Size(KB):          32
    Block Size(B):     32
    Associativity:      4

  L2-Data Cache:
    Size(KB):         512
    Block Size(B):     64
    Associativity:      8

Latencies:    1   15  250
L1-Sets:  256 - LRU - assoc:   4
L2-Sets: 1024 - LRU - assoc:   8
Store_allocation: Yes
L2_inclusive: Yes

L1 Cache Stats:
L1-Load-Hits:       18239146656   89.88%
L1-Load-Misses:      2054012344   10.12%
L1-Load-Accesses:   20293159000  100.00%

L1-Store-Hits:        5348989743   45.97%
L1-Store-Misses:      6287967241   54.03%
L1-Store-Accesses:   11636956984  100.00%

L1-Total-Hits:       23588136399   73.87%
L1-Total-Misses:      8341979585   26.13%
L1-Total-Accesses:   31930115984  100.00%

L2 Cache Stats:
L2-Load-Hits:        1027790575   50.04%
L2-Load-Misses:      1026221769   49.96%
L2-Load-Accesses:    2054012344  100.00%

L2-Store-Hits:        3340513741   53.13%
L2-Store-Misses:      2947453500   46.87%
L2-Store-Accesses:    6287967241  100.00%

L2-Total-Hits:        4368304316   52.37%
L2-Total-Misses:      3973675269   47.63%
L2-Total-Accesses:    8341979585  100.00%

