--------
Total Statistics
--------
Total Instructions: 96483398504
Total Cycles: 502359404718
IPC: 0.192061

--------
Two level Cache hierarchy
--------
  L1-Data Cache:
    Size(KB):          32
    Block Size(B):     32
    Associativity:      4

  L2-Data Cache:
    Size(KB):         512
    Block Size(B):    256
    Associativity:      4

Latencies:    1   15  250
L1-Sets:  256 - LRU - assoc:   4
L2-Sets:  512 - LRU - assoc:   4
Store_allocation: Yes
L2_inclusive: Yes

L1 Cache Stats:
L1-Load-Hits:       18238791224   89.88%
L1-Load-Misses:      2054367776   10.12%
L1-Load-Accesses:   20293159000  100.00%

L1-Store-Hits:        5348292228   45.96%
L1-Store-Misses:      6288664756   54.04%
L1-Store-Accesses:   11636956984  100.00%

L1-Total-Hits:       23587083452   73.87%
L1-Total-Misses:      8343032532   26.13%
L1-Total-Accesses:   31930115984  100.00%

L2 Cache Stats:
L2-Load-Hits:        1796684148   87.46%
L2-Load-Misses:       257683628   12.54%
L2-Load-Accesses:    2054367776  100.00%

L2-Store-Hits:        5551146775   88.27%
L2-Store-Misses:       737517981   11.73%
L2-Store-Accesses:    6288664756  100.00%

L2-Total-Hits:        7347830923   88.07%
L2-Total-Misses:       995201609   11.93%
L2-Total-Accesses:    8343032532  100.00%

