--------
Total Statistics
--------
Total Instructions: 96483398504
Total Cycles: 750524672183
IPC: 0.128555

--------
Two level Cache hierarchy
--------
  L1-Data Cache:
    Size(KB):          32
    Block Size(B):     32
    Associativity:      4

  L2-Data Cache:
    Size(KB):         512
    Block Size(B):    128
    Associativity:      8

Latencies:    1   15  250
L1-Sets:  256 - LRU - assoc:   4
L2-Sets:  512 - LRU - assoc:   8
Store_allocation: Yes
L2_inclusive: Yes

L1 Cache Stats:
L1-Load-Hits:       18239209944   89.88%
L1-Load-Misses:      2053949056   10.12%
L1-Load-Accesses:   20293159000  100.00%

L1-Store-Hits:        5348754977   45.96%
L1-Store-Misses:      6288202007   54.04%
L1-Store-Accesses:   11636956984  100.00%

L1-Total-Hits:       23587964921   73.87%
L1-Total-Misses:      8342151063   26.13%
L1-Total-Accesses:   31930115984  100.00%

L2 Cache Stats:
L2-Load-Hits:        1540060965   74.98%
L2-Load-Misses:       513888091   25.02%
L2-Load-Accesses:    2053949056  100.00%

L2-Store-Hits:        4814174531   76.56%
L2-Store-Misses:      1474027476   23.44%
L2-Store-Accesses:    6288202007  100.00%

L2-Total-Hits:        6354235496   76.17%
L2-Total-Misses:      1987915567   23.83%
L2-Total-Accesses:    8342151063  100.00%

