--------
Total Statistics
--------
Total Instructions: 96483398504
Total Cycles: 750241432348
IPC: 0.128603

--------
Two level Cache hierarchy
--------
  L1-Data Cache:
    Size(KB):          32
    Block Size(B):     32
    Associativity:      4

  L2-Data Cache:
    Size(KB):        2048
    Block Size(B):    128
    Associativity:     16

Latencies:    1   15  250
L1-Sets:  256 - LRU - assoc:   4
L2-Sets: 1024 - LRU - assoc:  16
Store_allocation: Yes
L2_inclusive: Yes

L1 Cache Stats:
L1-Load-Hits:       18240033210   89.88%
L1-Load-Misses:      2053125790   10.12%
L1-Load-Accesses:   20293159000  100.00%

L1-Store-Hits:        5349555900   45.97%
L1-Store-Misses:      6287401084   54.03%
L1-Store-Accesses:   11636956984  100.00%

L1-Total-Hits:       23589589110   73.88%
L1-Total-Misses:      8340526874   26.12%
L1-Total-Accesses:   31930115984  100.00%

L2 Cache Stats:
L2-Load-Hits:        1539849120   75.00%
L2-Load-Misses:       513276670   25.00%
L2-Load-Accesses:    2053125790  100.00%

L2-Store-Hits:        4813797695   76.56%
L2-Store-Misses:      1473603389   23.44%
L2-Store-Accesses:    6287401084  100.00%

L2-Total-Hits:        6353646815   76.18%
L2-Total-Misses:      1986880059   23.82%
L2-Total-Accesses:    8340526874  100.00%

