--------
Total Statistics
--------
Total Instructions: 96483398504
Total Cycles: 1246656503918
IPC: 0.0773937

--------
Two level Cache hierarchy
--------
  L1-Data Cache:
    Size(KB):          32
    Block Size(B):     32
    Associativity:      4

  L2-Data Cache:
    Size(KB):        2048
    Block Size(B):     64
    Associativity:     16

Latencies:    1   15  250
L1-Sets:  256 - LRU - assoc:   4
L2-Sets: 2048 - LRU - assoc:  16
Store_allocation: Yes
L2_inclusive: Yes

L1 Cache Stats:
L1-Load-Hits:       18240017823   89.88%
L1-Load-Misses:      2053141177   10.12%
L1-Load-Accesses:   20293159000  100.00%

L1-Store-Hits:        5349563599   45.97%
L1-Store-Misses:      6287393385   54.03%
L1-Store-Accesses:   11636956984  100.00%

L1-Total-Hits:       23589581422   73.88%
L1-Total-Misses:      8340534562   26.12%
L1-Total-Accesses:   31930115984  100.00%

L2 Cache Stats:
L2-Load-Hits:        1027597741   50.05%
L2-Load-Misses:      1025543436   49.95%
L2-Load-Accesses:    2053141177  100.00%

L2-Store-Hits:        3340396937   53.13%
L2-Store-Misses:      2946996448   46.87%
L2-Store-Accesses:    6287393385  100.00%

L2-Total-Hits:        4367994678   52.37%
L2-Total-Misses:      3972539884   47.63%
L2-Total-Accesses:    8340534562  100.00%

