--------
Total Statistics
--------
Total Instructions: 96483398504
Total Cycles: 751561570913
IPC: 0.128377

--------
Two level Cache hierarchy
--------
  L1-Data Cache:
    Size(KB):          32
    Block Size(B):     32
    Associativity:      4

  L2-Data Cache:
    Size(KB):         256
    Block Size(B):    128
    Associativity:      4

Latencies:    1   15  250
L1-Sets:  256 - LRU - assoc:   4
L2-Sets:  512 - LRU - assoc:   4
Store_allocation: Yes
L2_inclusive: Yes

L1 Cache Stats:
L1-Load-Hits:       18236034478   89.86%
L1-Load-Misses:      2057124522   10.14%
L1-Load-Accesses:   20293159000  100.00%

L1-Store-Hits:        5346118511   45.94%
L1-Store-Misses:      6290838473   54.06%
L1-Store-Accesses:   11636956984  100.00%

L1-Total-Hits:       23582152989   73.86%
L1-Total-Misses:      8347962995   26.14%
L1-Total-Accesses:   31930115984  100.00%

L2 Cache Stats:
L2-Load-Hits:        1540918003   74.91%
L2-Load-Misses:       516206519   25.09%
L2-Load-Accesses:    2057124522  100.00%

L2-Store-Hits:        4815330546   76.55%
L2-Store-Misses:      1475507927   23.45%
L2-Store-Accesses:    6290838473  100.00%

L2-Total-Hits:        6356248549   76.14%
L2-Total-Misses:      1991714446   23.86%
L2-Total-Accesses:    8347962995  100.00%

