--------
Total Statistics
--------
Total Instructions: 96483398504
Total Cycles: 502132741958
IPC: 0.192147

--------
Two level Cache hierarchy
--------
  L1-Data Cache:
    Size(KB):          32
    Block Size(B):     32
    Associativity:      4

  L2-Data Cache:
    Size(KB):         512
    Block Size(B):    256
    Associativity:     16

Latencies:    1   15  250
L1-Sets:  256 - LRU - assoc:   4
L2-Sets:  128 - LRU - assoc:  16
Store_allocation: Yes
L2_inclusive: Yes

L1 Cache Stats:
L1-Load-Hits:       18239331143   89.88%
L1-Load-Misses:      2053827857   10.12%
L1-Load-Accesses:   20293159000  100.00%

L1-Store-Hits:        5348749793   45.96%
L1-Store-Misses:      6288207191   54.04%
L1-Store-Accesses:   11636956984  100.00%

L1-Total-Hits:       23588080936   73.87%
L1-Total-Misses:      8342035048   26.13%
L1-Total-Accesses:   31930115984  100.00%

L2 Cache Stats:
L2-Load-Hits:        1796502886   87.47%
L2-Load-Misses:       257324971   12.53%
L2-Load-Accesses:    2053827857  100.00%

L2-Store-Hits:        5551177355   88.28%
L2-Store-Misses:       737029836   11.72%
L2-Store-Accesses:    6288207191  100.00%

L2-Total-Hits:        7347680241   88.08%
L2-Total-Misses:       994354807   11.92%
L2-Total-Accesses:    8342035048  100.00%

