--------
Total Statistics
--------
Total Instructions: 96483398504
Total Cycles: 501942740543
IPC: 0.19222

--------
Two level Cache hierarchy
--------
  L1-Data Cache:
    Size(KB):          32
    Block Size(B):     32
    Associativity:      4

  L2-Data Cache:
    Size(KB):        2048
    Block Size(B):    256
    Associativity:     16

Latencies:    1   15  250
L1-Sets:  256 - LRU - assoc:   4
L2-Sets:  512 - LRU - assoc:  16
Store_allocation: Yes
L2_inclusive: Yes

L1 Cache Stats:
L1-Load-Hits:       18239030012   89.88%
L1-Load-Misses:      2054128988   10.12%
L1-Load-Accesses:   20293159000  100.00%

L1-Store-Hits:        5349545885   45.97%
L1-Store-Misses:      6287411099   54.03%
L1-Store-Accesses:   11636956984  100.00%

L1-Total-Hits:       23588575897   73.88%
L1-Total-Misses:      8341540087   26.12%
L1-Total-Accesses:   31930115984  100.00%

L2 Cache Stats:
L2-Load-Hits:        1797318431   87.50%
L2-Load-Misses:       256810557   12.50%
L2-Load-Accesses:    2054128988  100.00%

L2-Store-Hits:        5550597157   88.28%
L2-Store-Misses:       736813942   11.72%
L2-Store-Accesses:    6287411099  100.00%

L2-Total-Hits:        7347915588   88.09%
L2-Total-Misses:       993624499   11.91%
L2-Total-Accesses:    8341540087  100.00%

