--------
Total Statistics
--------
Total Instructions: 96483397994
Total Cycles: 1248079635563
IPC: 0.0773055

--------
Two level Cache hierarchy
--------
  L1-Data Cache:
    Size(KB):          32
    Block Size(B):     32
    Associativity:      4

  L2-Data Cache:
    Size(KB):         256
    Block Size(B):     64
    Associativity:      4

Latencies:    1   15  250
L1-Sets:  256 - LRU - assoc:   4
L2-Sets: 1024 - LRU - assoc:   4
Store_allocation: Yes
L2_inclusive: Yes

L1 Cache Stats:
L1-Load-Hits:       18237285542   89.87%
L1-Load-Misses:      2055873288   10.13%
L1-Load-Accesses:   20293158830  100.00%

L1-Store-Hits:        5347105155   45.95%
L1-Store-Misses:      6289851829   54.05%
L1-Store-Accesses:   11636956984  100.00%

L1-Total-Hits:       23584390697   73.86%
L1-Total-Misses:      8345725117   26.14%
L1-Total-Accesses:   31930115814  100.00%

L2 Cache Stats:
L2-Load-Hits:        1028123772   50.01%
L2-Load-Misses:      1027749516   49.99%
L2-Load-Accesses:    2055873288  100.00%

L2-Store-Hits:        3339680365   53.10%
L2-Store-Misses:      2950171464   46.90%
L2-Store-Accesses:    6289851829  100.00%

L2-Total-Hits:        4367804137   52.34%
L2-Total-Misses:      3977920980   47.66%
L2-Total-Accesses:    8345725117  100.00%

