--------
Total Statistics
--------
Total Instructions: 96483398504
Total Cycles: 501981902323
IPC: 0.192205

--------
Two level Cache hierarchy
--------
  L1-Data Cache:
    Size(KB):          32
    Block Size(B):     32
    Associativity:      4

  L2-Data Cache:
    Size(KB):        1024
    Block Size(B):    256
    Associativity:      8

Latencies:    1   15  250
L1-Sets:  256 - LRU - assoc:   4
L2-Sets:  512 - LRU - assoc:   8
Store_allocation: Yes
L2_inclusive: Yes

L1 Cache Stats:
L1-Load-Hits:       18239831565   89.88%
L1-Load-Misses:      2053327435   10.12%
L1-Load-Accesses:   20293159000  100.00%

L1-Store-Hits:        5349359930   45.97%
L1-Store-Misses:      6287597054   54.03%
L1-Store-Accesses:   11636956984  100.00%

L1-Total-Hits:       23589191495   73.88%
L1-Total-Misses:      8340924489   26.12%
L1-Total-Accesses:   31930115984  100.00%

L2 Cache Stats:
L2-Load-Hits:        1796370077   87.49%
L2-Load-Misses:       256957358   12.51%
L2-Load-Accesses:    2053327435  100.00%

L2-Store-Hits:        5550736330   88.28%
L2-Store-Misses:       736860724   11.72%
L2-Store-Accesses:    6287597054  100.00%

L2-Total-Hits:        7347106407   88.09%
L2-Total-Misses:       993818082   11.91%
L2-Total-Accesses:    8340924489  100.00%

