--------
Total Statistics
--------
Total Instructions: 96483398504
Total Cycles: 750603799508
IPC: 0.128541

--------
Two level Cache hierarchy
--------
  L1-Data Cache:
    Size(KB):          32
    Block Size(B):     32
    Associativity:      4

  L2-Data Cache:
    Size(KB):         512
    Block Size(B):    128
    Associativity:      4

Latencies:    1   15  250
L1-Sets:  256 - LRU - assoc:   4
L2-Sets: 1024 - LRU - assoc:   4
Store_allocation: Yes
L2_inclusive: Yes

L1 Cache Stats:
L1-Load-Hits:       18239029024   89.88%
L1-Load-Misses:      2054129976   10.12%
L1-Load-Accesses:   20293159000  100.00%

L1-Store-Hits:        5348499742   45.96%
L1-Store-Misses:      6288457242   54.04%
L1-Store-Accesses:   11636956984  100.00%

L1-Total-Hits:       23587528766   73.87%
L1-Total-Misses:      8342587218   26.13%
L1-Total-Accesses:   31930115984  100.00%

L2 Cache Stats:
L2-Load-Hits:        1540076850   74.97%
L2-Load-Misses:       514053126   25.03%
L2-Load-Accesses:    2054129976  100.00%

L2-Store-Hits:        4814304461   76.56%
L2-Store-Misses:      1474152781   23.44%
L2-Store-Accesses:    6288457242  100.00%

L2-Total-Hits:        6354381311   76.17%
L2-Total-Misses:      1988205907   23.83%
L2-Total-Accesses:    8342587218  100.00%

