--------
Total Statistics
--------
Total Instructions: 96483398504
Total Cycles: 681915163228
IPC: 0.141489

--------
Two level Cache hierarchy
--------
  L1-Data Cache:
    Size(KB):          32
    Block Size(B):     32
    Associativity:      4

  L2-Data Cache:
    Size(KB):        1024
    Block Size(B):    256
    Associativity:      8

Latencies:    1   10  200
L1-Sets:  256 - MRU - assoc:   4
L2-Sets:  512 - MRU - assoc:   8
Store_allocation: Yes
L2_inclusive: Yes

L1 Cache Stats:
L1-Load-Hits:       17652060349   86.99%
L1-Load-Misses:      2641098651   13.01%
L1-Load-Accesses:   20293159000  100.00%

L1-Store-Hits:        4895250721   42.07%
L1-Store-Misses:      6741706263   57.93%
L1-Store-Accesses:   11636956984  100.00%

L1-Total-Hits:       22547311070   70.61%
L1-Total-Misses:      9382804914   29.39%
L1-Total-Accesses:   31930115984  100.00%

L2 Cache Stats:
L2-Load-Hits:        2338410705   88.54%
L2-Load-Misses:       302687946   11.46%
L2-Load-Accesses:    2641098651  100.00%

L2-Store-Hits:        4746026211   70.40%
L2-Store-Misses:      1995680052   29.60%
L2-Store-Accesses:    6741706263  100.00%

L2-Total-Hits:        7084436916   75.50%
L2-Total-Misses:      2298367998   24.50%
L2-Total-Accesses:    9382804914  100.00%

