--------
Total Statistics
--------
Total Instructions: 96483398504
Total Cycles: 1146551671368
IPC: 0.0841509

--------
Two level Cache hierarchy
--------
  L1-Data Cache:
    Size(KB):          32
    Block Size(B):     32
    Associativity:      4

  L2-Data Cache:
    Size(KB):         512
    Block Size(B):    256
    Associativity:     16

Latencies:    1   10  200
L1-Sets:  256 - LFU - assoc:   4
L2-Sets:  128 - LFU - assoc:  16
Store_allocation: Yes
L2_inclusive: Yes

L1 Cache Stats:
L1-Load-Hits:       16024915474   78.97%
L1-Load-Misses:      4268243526   21.03%
L1-Load-Accesses:   20293159000  100.00%

L1-Store-Hits:        4821266442   41.43%
L1-Store-Misses:      6815690542   58.57%
L1-Store-Accesses:   11636956984  100.00%

L1-Total-Hits:       20846181916   65.29%
L1-Total-Misses:     11083934068   34.71%
L1-Total-Accesses:   31930115984  100.00%

L2 Cache Stats:
L2-Load-Hits:        2991039202   70.08%
L2-Load-Misses:      1277204324   29.92%
L2-Load-Accesses:    4268243526  100.00%

L2-Store-Hits:        3556400785   52.18%
L2-Store-Misses:      3259289757   47.82%
L2-Store-Accesses:    6815690542  100.00%

L2-Total-Hits:        6547439987   59.07%
L2-Total-Misses:      4536494081   40.93%
L2-Total-Accesses:   11083934068  100.00%

