--------
Total Statistics
--------
Total Instructions: 96483398504
Total Cycles: 737265340178
IPC: 0.130867

--------
Two level Cache hierarchy
--------
  L1-Data Cache:
    Size(KB):          32
    Block Size(B):     32
    Associativity:      4

  L2-Data Cache:
    Size(KB):        1024
    Block Size(B):    256
    Associativity:     16

Latencies:    1   10  200
L1-Sets:  256 - LFU - assoc:   4
L2-Sets:  256 - LFU - assoc:  16
Store_allocation: Yes
L2_inclusive: Yes

L1 Cache Stats:
L1-Load-Hits:       18111906661   89.25%
L1-Load-Misses:      2181252339   10.75%
L1-Load-Accesses:   20293159000  100.00%

L1-Store-Hits:        5267141834   45.26%
L1-Store-Misses:      6369815150   54.74%
L1-Store-Accesses:   11636956984  100.00%

L1-Total-Hits:       23379048495   73.22%
L1-Total-Misses:      8551067489   26.78%
L1-Total-Accesses:   31930115984  100.00%

L2 Cache Stats:
L2-Load-Hits:        1839480027   84.33%
L2-Load-Misses:       341772312   15.67%
L2-Load-Accesses:    2181252339  100.00%

L2-Store-Hits:        4094881708   64.29%
L2-Store-Misses:      2274933442   35.71%
L2-Store-Accesses:    6369815150  100.00%

L2-Total-Hits:        5934361735   69.40%
L2-Total-Misses:      2616705754   30.60%
L2-Total-Accesses:    8551067489  100.00%

