--------
Total Statistics
--------
Total Instructions: 96483398504
Total Cycles: 669474308348
IPC: 0.144118

--------
Two level Cache hierarchy
--------
  L1-Data Cache:
    Size(KB):          32
    Block Size(B):     32
    Associativity:      4

  L2-Data Cache:
    Size(KB):        2048
    Block Size(B):    256
    Associativity:     16

Latencies:    1   10  200
L1-Sets:  256 - LFU - assoc:   4
L2-Sets:  512 - LFU - assoc:  16
Store_allocation: Yes
L2_inclusive: Yes

L1 Cache Stats:
L1-Load-Hits:       18174298180   89.56%
L1-Load-Misses:      2118860820   10.44%
L1-Load-Accesses:   20293159000  100.00%

L1-Store-Hits:        5308668718   45.62%
L1-Store-Misses:      6328288266   54.38%
L1-Store-Accesses:   11636956984  100.00%

L1-Total-Hits:       23482966898   73.54%
L1-Total-Misses:      8447149086   26.46%
L1-Total-Accesses:   31930115984  100.00%

L2 Cache Stats:
L2-Load-Hits:        1818779458   85.84%
L2-Load-Misses:       300081362   14.16%
L2-Load-Accesses:    2118860820  100.00%

L2-Store-Hits:        4345423113   68.67%
L2-Store-Misses:      1982865153   31.33%
L2-Store-Accesses:    6328288266  100.00%

L2-Total-Hits:        6164202571   72.97%
L2-Total-Misses:      2282946515   27.03%
L2-Total-Accesses:    8447149086  100.00%

