--------
Total Statistics
--------
Total Instructions: 96483398504
Total Cycles: 1147976479938
IPC: 0.0840465

--------
Two level Cache hierarchy
--------
  L1-Data Cache:
    Size(KB):          32
    Block Size(B):     32
    Associativity:      4

  L2-Data Cache:
    Size(KB):         512
    Block Size(B):    256
    Associativity:     16

Latencies:    1   10  200
L1-Sets:  256 - MRU - assoc:   4
L2-Sets:  128 - MRU - assoc:  16
Store_allocation: Yes
L2_inclusive: Yes

L1 Cache Stats:
L1-Load-Hits:       15950559897   78.60%
L1-Load-Misses:      4342599103   21.40%
L1-Load-Accesses:   20293159000  100.00%

L1-Store-Hits:        4774735702   41.03%
L1-Store-Misses:      6862221282   58.97%
L1-Store-Accesses:   11636956984  100.00%

L1-Total-Hits:       20725295599   64.91%
L1-Total-Misses:     11204820385   35.09%
L1-Total-Accesses:   31930115984  100.00%

L2 Cache Stats:
L2-Load-Hits:        3063484110   70.54%
L2-Load-Misses:      1279114993   29.46%
L2-Load-Accesses:    4342599103  100.00%

L2-Store-Hits:        3603762467   52.52%
L2-Store-Misses:      3258458815   47.48%
L2-Store-Accesses:    6862221282  100.00%

L2-Total-Hits:        6667246577   59.50%
L2-Total-Misses:      4537573808   40.50%
L2-Total-Accesses:   11204820385  100.00%

