--------
Total Statistics
--------
Total Instructions: 96483398504
Total Cycles: 665811330028
IPC: 0.144911

--------
Two level Cache hierarchy
--------
  L1-Data Cache:
    Size(KB):          32
    Block Size(B):     32
    Associativity:      4

  L2-Data Cache:
    Size(KB):        2048
    Block Size(B):    256
    Associativity:     16

Latencies:    1   10  200
L1-Sets:  256 - LFU - assoc:   4
L2-Sets:  512 - LFU - assoc:  16
Store_allocation: Yes
L2_inclusive: Yes

L1 Cache Stats:
L1-Load-Hits:       18177401125   89.57%
L1-Load-Misses:      2115757875   10.43%
L1-Load-Accesses:   20293159000  100.00%

L1-Store-Hits:        5310092485   45.63%
L1-Store-Misses:      6326864499   54.37%
L1-Store-Accesses:   11636956984  100.00%

L1-Total-Hits:       23487493610   73.56%
L1-Total-Misses:      8442622374   26.44%
L1-Total-Accesses:   31930115984  100.00%

L2 Cache Stats:
L2-Load-Hits:        1820111630   86.03%
L2-Load-Misses:       295646245   13.97%
L2-Load-Accesses:    2115757875  100.00%

L2-Store-Hits:        4357652785   68.88%
L2-Store-Misses:      1969211714   31.12%
L2-Store-Accesses:    6326864499  100.00%

L2-Total-Hits:        6177764415   73.17%
L2-Total-Misses:      2264857959   26.83%
L2-Total-Accesses:    8442622374  100.00%

