--------
Total Statistics
--------
Total Instructions: 96483398504
Total Cycles: 410586239618
IPC: 0.234989

--------
Two level Cache hierarchy
--------
  L1-Data Cache:
    Size(KB):          32
    Block Size(B):     32
    Associativity:      4

  L2-Data Cache:
    Size(KB):        1024
    Block Size(B):    256
    Associativity:      8

Latencies:    1   10  200
L1-Sets:  256 - LRU - assoc:   4
L2-Sets:  512 - LRU - assoc:   8
Store_allocation: Yes
L2_inclusive: Yes

L1 Cache Stats:
L1-Load-Hits:       18239848014   89.88%
L1-Load-Misses:      2053310986   10.12%
L1-Load-Accesses:   20293159000  100.00%

L1-Store-Hits:        5349358557   45.97%
L1-Store-Misses:      6287598427   54.03%
L1-Store-Accesses:   11636956984  100.00%

L1-Total-Hits:       23589206571   73.88%
L1-Total-Misses:      8340909413   26.12%
L1-Total-Accesses:   31930115984  100.00%

L2 Cache Stats:
L2-Load-Hits:        1796354674   87.49%
L2-Load-Misses:       256956312   12.51%
L2-Load-Accesses:    2053310986  100.00%

L2-Store-Hits:        5550736584   88.28%
L2-Store-Misses:       736861843   11.72%
L2-Store-Accesses:    6287598427  100.00%

L2-Total-Hits:        7347091258   88.09%
L2-Total-Misses:       993818155   11.91%
L2-Total-Accesses:    8340909413  100.00%

