--------
Total Statistics
--------
Total Instructions: 96483398504
Total Cycles: 1148065249908
IPC: 0.08404

--------
Two level Cache hierarchy
--------
  L1-Data Cache:
    Size(KB):          32
    Block Size(B):     32
    Associativity:      4

  L2-Data Cache:
    Size(KB):         512
    Block Size(B):    256
    Associativity:     16

Latencies:    1   10  200
L1-Sets:  256 - MRU - assoc:   4
L2-Sets:  128 - MRU - assoc:  16
Store_allocation: Yes
L2_inclusive: Yes

L1 Cache Stats:
L1-Load-Hits:       15913889941   78.42%
L1-Load-Misses:      4379269059   21.58%
L1-Load-Accesses:   20293159000  100.00%

L1-Store-Hits:        4762496641   40.93%
L1-Store-Misses:      6874460343   59.07%
L1-Store-Accesses:   11636956984  100.00%

L1-Total-Hits:       20676386582   64.76%
L1-Total-Misses:     11253729402   35.24%
L1-Total-Accesses:   31930115984  100.00%

L2 Cache Stats:
L2-Load-Hits:        3097914138   70.74%
L2-Load-Misses:      1281354921   29.26%
L2-Load-Accesses:    4379269059  100.00%

L2-Store-Hits:        3620243057   52.66%
L2-Store-Misses:      3254217286   47.34%
L2-Store-Accesses:    6874460343  100.00%

L2-Total-Hits:        6718157195   59.70%
L2-Total-Misses:      4535572207   40.30%
L2-Total-Accesses:   11253729402  100.00%

