--------
Total Statistics
--------
Total Instructions: 96483398504
Total Cycles: 665945991288
IPC: 0.144882

--------
Two level Cache hierarchy
--------
  L1-Data Cache:
    Size(KB):          32
    Block Size(B):     32
    Associativity:      4

  L2-Data Cache:
    Size(KB):        2048
    Block Size(B):    256
    Associativity:     16

Latencies:    1   10  200
L1-Sets:  256 - LFU - assoc:   4
L2-Sets:  512 - LFU - assoc:  16
Store_allocation: Yes
L2_inclusive: Yes

L1 Cache Stats:
L1-Load-Hits:       18177712015   89.58%
L1-Load-Misses:      2115446985   10.42%
L1-Load-Accesses:   20293159000  100.00%

L1-Store-Hits:        5309120329   45.62%
L1-Store-Misses:      6327836655   54.38%
L1-Store-Accesses:   11636956984  100.00%

L1-Total-Hits:       23486832344   73.56%
L1-Total-Misses:      8443283640   26.44%
L1-Total-Accesses:   31930115984  100.00%

L2 Cache Stats:
L2-Load-Hits:        1819447656   86.01%
L2-Load-Misses:       295999329   13.99%
L2-Load-Accesses:    2115446985  100.00%

L2-Store-Hits:        4358337782   68.88%
L2-Store-Misses:      1969498873   31.12%
L2-Store-Accesses:    6327836655  100.00%

L2-Total-Hits:        6177785438   73.17%
L2-Total-Misses:      2265498202   26.83%
L2-Total-Accesses:    8443283640  100.00%

