--------
Total Statistics
--------
Total Instructions: 96483398504
Total Cycles: 667608311698
IPC: 0.144521

--------
Two level Cache hierarchy
--------
  L1-Data Cache:
    Size(KB):          32
    Block Size(B):     32
    Associativity:      4

  L2-Data Cache:
    Size(KB):        1024
    Block Size(B):    256
    Associativity:      8

Latencies:    1   10  200
L1-Sets:  256 - LFU - assoc:   4
L2-Sets:  512 - LFU - assoc:   8
Store_allocation: Yes
L2_inclusive: Yes

L1 Cache Stats:
L1-Load-Hits:       18178478264   89.58%
L1-Load-Misses:      2114680736   10.42%
L1-Load-Accesses:   20293159000  100.00%

L1-Store-Hits:        5312480579   45.65%
L1-Store-Misses:      6324476405   54.35%
L1-Store-Accesses:   11636956984  100.00%

L1-Total-Hits:       23490958843   73.57%
L1-Total-Misses:      8439157141   26.43%
L1-Total-Accesses:   31930115984  100.00%

L2 Cache Stats:
L2-Load-Hits:        1817244447   85.93%
L2-Load-Misses:       297436289   14.07%
L2-Load-Accesses:    2114680736  100.00%

L2-Store-Hits:        4347896565   68.75%
L2-Store-Misses:      1976579840   31.25%
L2-Store-Accesses:    6324476405  100.00%

L2-Total-Hits:        6165141012   73.05%
L2-Total-Misses:      2274016129   26.95%
L2-Total-Accesses:    8439157141  100.00%

