--------
Total Statistics
--------
Total Instructions: 96483398504
Total Cycles: 737289258788
IPC: 0.130862

--------
Two level Cache hierarchy
--------
  L1-Data Cache:
    Size(KB):          32
    Block Size(B):     32
    Associativity:      4

  L2-Data Cache:
    Size(KB):        1024
    Block Size(B):    256
    Associativity:     16

Latencies:    1   10  200
L1-Sets:  256 - LFU - assoc:   4
L2-Sets:  256 - LFU - assoc:  16
Store_allocation: Yes
L2_inclusive: Yes

L1 Cache Stats:
L1-Load-Hits:       18110270167   89.24%
L1-Load-Misses:      2182888833   10.76%
L1-Load-Accesses:   20293159000  100.00%

L1-Store-Hits:        5266904347   45.26%
L1-Store-Misses:      6370052637   54.74%
L1-Store-Accesses:   11636956984  100.00%

L1-Total-Hits:       23377174514   73.21%
L1-Total-Misses:      8552941470   26.79%
L1-Total-Accesses:   31930115984  100.00%

L2 Cache Stats:
L2-Load-Hits:        1839262098   84.26%
L2-Load-Misses:       343626735   15.74%
L2-Load-Accesses:    2182888833  100.00%

L2-Store-Hits:        4096947724   64.32%
L2-Store-Misses:      2273104913   35.68%
L2-Store-Accesses:    6370052637  100.00%

L2-Total-Hits:        5936209822   69.41%
L2-Total-Misses:      2616731648   30.59%
L2-Total-Accesses:    8552941470  100.00%

