--------
Total Statistics
--------
Total Instructions: 96483398504
Total Cycles: 678572902468
IPC: 0.142186

--------
Two level Cache hierarchy
--------
  L1-Data Cache:
    Size(KB):          32
    Block Size(B):     32
    Associativity:      4

  L2-Data Cache:
    Size(KB):        2048
    Block Size(B):    256
    Associativity:     16

Latencies:    1   10  200
L1-Sets:  256 - MRU - assoc:   4
L2-Sets:  512 - MRU - assoc:  16
Store_allocation: Yes
L2_inclusive: Yes

L1 Cache Stats:
L1-Load-Hits:       17633340337   86.89%
L1-Load-Misses:      2659818663   13.11%
L1-Load-Accesses:   20293159000  100.00%

L1-Store-Hits:        4839546769   41.59%
L1-Store-Misses:      6797410215   58.41%
L1-Store-Accesses:   11636956984  100.00%

L1-Total-Hits:       22472887106   70.38%
L1-Total-Misses:      9457228878   29.62%
L1-Total-Accesses:   31930115984  100.00%

L2 Cache Stats:
L2-Load-Hits:        2362097993   88.81%
L2-Load-Misses:       297720670   11.19%
L2-Load-Accesses:    2659818663  100.00%

L2-Store-Hits:        4817195389   70.87%
L2-Store-Misses:      1980214826   29.13%
L2-Store-Accesses:    6797410215  100.00%

L2-Total-Hits:        7179293382   75.91%
L2-Total-Misses:      2277935496   24.09%
L2-Total-Accesses:    9457228878  100.00%

