--------
Total Statistics
--------
Total Instructions: 96483398504
Total Cycles: 1135395362008
IPC: 0.0849778

--------
Two level Cache hierarchy
--------
  L1-Data Cache:
    Size(KB):          32
    Block Size(B):     32
    Associativity:      4

  L2-Data Cache:
    Size(KB):         512
    Block Size(B):    256
    Associativity:     16

Latencies:    1   10  200
L1-Sets:  256 - LFU - assoc:   4
L2-Sets:  128 - LFU - assoc:  16
Store_allocation: Yes
L2_inclusive: Yes

L1 Cache Stats:
L1-Load-Hits:       16026984839   78.98%
L1-Load-Misses:      4266174161   21.02%
L1-Load-Accesses:   20293159000  100.00%

L1-Store-Hits:        4822409793   41.44%
L1-Store-Misses:      6814547191   58.56%
L1-Store-Accesses:   11636956984  100.00%

L1-Total-Hits:       20849394632   65.30%
L1-Total-Misses:     11080721352   34.70%
L1-Total-Accesses:   31930115984  100.00%

L2 Cache Stats:
L2-Load-Hits:        2993150141   70.16%
L2-Load-Misses:      1273024020   29.84%
L2-Load-Accesses:    4266174161  100.00%

L2-Store-Hits:        3606698041   52.93%
L2-Store-Misses:      3207849150   47.07%
L2-Store-Accesses:    6814547191  100.00%

L2-Total-Hits:        6599848182   59.56%
L2-Total-Misses:      4480873170   40.44%
L2-Total-Accesses:   11080721352  100.00%

