--------
Total Statistics
--------
Total Instructions: 108732414793
Total Cycles: 1037753994969
IPC: 0.104777

--------
Two level Cache hierarchy
--------
  L1-Data Cache:
    Size(KB):          32
    Block Size(B):     32
    Associativity:      4

  L2-Data Cache:
    Size(KB):        1024
    Block Size(B):    256
    Associativity:     16

Latencies:    1   10  200
L1-Sets:  256 - MRU - assoc:   4
L2-Sets:  256 - MRU - assoc:  16
Store_allocation: Yes
L2_inclusive: Yes

L1 Cache Stats:
L1-Load-Hits:       15018361472   43.20%
L1-Load-Misses:     19747016653   56.80%
L1-Load-Accesses:   34765378125  100.00%

L1-Store-Hits:        8857861631   92.31%
L1-Store-Misses:       738023790    7.69%
L1-Store-Accesses:    9595885421  100.00%

L1-Total-Hits:       23876223103   53.82%
L1-Total-Misses:     20485040443   46.18%
L1-Total-Accesses:   44361263546  100.00%

L2 Cache Stats:
L2-Load-Hits:       16414199495   83.12%
L2-Load-Misses:      3332817158   16.88%
L2-Load-Accesses:   19747016653  100.00%

L2-Store-Hits:         671791387   91.03%
L2-Store-Misses:        66232403    8.97%
L2-Store-Accesses:     738023790  100.00%

L2-Total-Hits:       17085990882   83.41%
L2-Total-Misses:      3399049561   16.59%
L2-Total-Accesses:   20485040443  100.00%

