--------
Total Statistics
--------
Total Instructions: 108732414793
Total Cycles: 915942046719
IPC: 0.118711

--------
Two level Cache hierarchy
--------
  L1-Data Cache:
    Size(KB):          32
    Block Size(B):     32
    Associativity:      4

  L2-Data Cache:
    Size(KB):        1024
    Block Size(B):    256
    Associativity:      8

Latencies:    1   10  200
L1-Sets:  256 - LFU - assoc:   4
L2-Sets:  512 - LFU - assoc:   8
Store_allocation: Yes
L2_inclusive: Yes

L1 Cache Stats:
L1-Load-Hits:       16115430484   46.35%
L1-Load-Misses:     18649947641   53.65%
L1-Load-Accesses:   34765378125  100.00%

L1-Store-Hits:        8884302064   92.58%
L1-Store-Misses:       711583357    7.42%
L1-Store-Accesses:    9595885421  100.00%

L1-Total-Hits:       24999732548   56.35%
L1-Total-Misses:     19361530998   43.65%
L1-Total-Accesses:   44361263546  100.00%

L2 Cache Stats:
L2-Load-Hits:       15830696583   84.88%
L2-Load-Misses:      2819251058   15.12%
L2-Load-Accesses:   18649947641  100.00%

L2-Store-Hits:         684669123   96.22%
L2-Store-Misses:        26914234    3.78%
L2-Store-Accesses:     711583357  100.00%

L2-Total-Hits:       16515365706   85.30%
L2-Total-Misses:      2846165292   14.70%
L2-Total-Accesses:   19361530998  100.00%

