--------
Total Statistics
--------
Total Instructions: 108732414993
Total Cycles: 953646801059
IPC: 0.114017

--------
Two level Cache hierarchy
--------
  L1-Data Cache:
    Size(KB):          32
    Block Size(B):     32
    Associativity:      4

  L2-Data Cache:
    Size(KB):        1024
    Block Size(B):    256
    Associativity:      8

Latencies:    1   10  200
L1-Sets:  256 - MRU - assoc:   4
L2-Sets:  512 - MRU - assoc:   8
Store_allocation: Yes
L2_inclusive: Yes

L1 Cache Stats:
L1-Load-Hits:       15260725038   43.90%
L1-Load-Misses:     19504653091   56.10%
L1-Load-Accesses:   34765378129  100.00%

L1-Store-Hits:        8869869786   92.43%
L1-Store-Misses:       726015731    7.57%
L1-Store-Accesses:    9595885517  100.00%

L1-Total-Hits:       24130594824   54.40%
L1-Total-Misses:     20230668822   45.60%
L1-Total-Accesses:   44361263646  100.00%

L2 Cache Stats:
L2-Load-Hits:       16552226710   84.86%
L2-Load-Misses:      2952426381   15.14%
L2-Load-Accesses:   19504653091  100.00%

L2-Store-Hits:         687209941   94.65%
L2-Store-Misses:        38805790    5.35%
L2-Store-Accesses:     726015731  100.00%

L2-Total-Hits:       17239436651   85.21%
L2-Total-Misses:      2991232171   14.79%
L2-Total-Accesses:   20230668822  100.00%

