--------
Total Statistics
--------
Total Instructions: 108732414993
Total Cycles: 1071253635539
IPC: 0.1015

--------
Two level Cache hierarchy
--------
  L1-Data Cache:
    Size(KB):          32
    Block Size(B):     32
    Associativity:      4

  L2-Data Cache:
    Size(KB):         512
    Block Size(B):    256
    Associativity:     16

Latencies:    1   10  200
L1-Sets:  256 - LFU - assoc:   4
L2-Sets:  128 - LFU - assoc:  16
Store_allocation: Yes
L2_inclusive: Yes

L1 Cache Stats:
L1-Load-Hits:       23097919735   66.44%
L1-Load-Misses:     11667458394   33.56%
L1-Load-Accesses:   34765378129  100.00%

L1-Store-Hits:        9271853601   96.62%
L1-Store-Misses:       324031916    3.38%
L1-Store-Accesses:    9595885517  100.00%

L1-Total-Hits:       32369773336   72.97%
L1-Total-Misses:     11991490310   27.03%
L1-Total-Accesses:   44361263646  100.00%

L2 Cache Stats:
L2-Load-Hits:        7775713399   66.64%
L2-Load-Misses:      3891744995   33.36%
L2-Load-Accesses:   11667458394  100.00%

L2-Store-Hits:         224551642   69.30%
L2-Store-Misses:        99480274   30.70%
L2-Store-Accesses:     324031916  100.00%

L2-Total-Hits:        8000265041   66.72%
L2-Total-Misses:      3991225269   33.28%
L2-Total-Accesses:   11991490310  100.00%

