--------
Total Statistics
--------
Total Instructions: 108732414993
Total Cycles: 1188115001159
IPC: 0.0915167

--------
Two level Cache hierarchy
--------
  L1-Data Cache:
    Size(KB):          32
    Block Size(B):     32
    Associativity:      4

  L2-Data Cache:
    Size(KB):         512
    Block Size(B):    256
    Associativity:     16

Latencies:    1   10  200
L1-Sets:  256 - MRU - assoc:   4
L2-Sets:  128 - MRU - assoc:  16
Store_allocation: Yes
L2_inclusive: Yes

L1 Cache Stats:
L1-Load-Hits:       14754936081   42.44%
L1-Load-Misses:     20010442048   57.56%
L1-Load-Accesses:   34765378129  100.00%

L1-Store-Hits:        8820984093   91.92%
L1-Store-Misses:       774901424    8.08%
L1-Store-Accesses:    9595885517  100.00%

L1-Total-Hits:       23575920174   53.15%
L1-Total-Misses:     20785343472   46.85%
L1-Total-Accesses:   44361263646  100.00%

L2 Cache Stats:
L2-Load-Hits:       15996346066   79.94%
L2-Load-Misses:      4014095982   20.06%
L2-Load-Accesses:   20010442048  100.00%

L2-Store-Hits:         653157967   84.29%
L2-Store-Misses:       121743457   15.71%
L2-Store-Accesses:     774901424  100.00%

L2-Total-Hits:       16649504033   80.10%
L2-Total-Misses:      4135839439   19.90%
L2-Total-Accesses:   20785343472  100.00%

