--------
Total Statistics
--------
Total Instructions: 108732414705
Total Cycles: 916090446427
IPC: 0.118692

--------
Two level Cache hierarchy
--------
  L1-Data Cache:
    Size(KB):          32
    Block Size(B):     32
    Associativity:      4

  L2-Data Cache:
    Size(KB):        2048
    Block Size(B):    256
    Associativity:     16

Latencies:    1   10  200
L1-Sets:  256 - LFU - assoc:   4
L2-Sets:  512 - LFU - assoc:  16
Store_allocation: Yes
L2_inclusive: Yes

L1 Cache Stats:
L1-Load-Hits:       15929121932   45.82%
L1-Load-Misses:     18836256197   54.18%
L1-Load-Accesses:   34765378129  100.00%

L1-Store-Hits:        8897117108   92.72%
L1-Store-Misses:       698768265    7.28%
L1-Store-Accesses:    9595885373  100.00%

L1-Total-Hits:       24826239040   55.96%
L1-Total-Misses:     19535024462   44.04%
L1-Total-Accesses:   44361263502  100.00%

L2 Cache Stats:
L2-Load-Hits:       16026576049   85.08%
L2-Load-Misses:      2809680148   14.92%
L2-Load-Accesses:   18836256197  100.00%

L2-Store-Hits:         670215795   95.91%
L2-Store-Misses:        28552470    4.09%
L2-Store-Accesses:     698768265  100.00%

L2-Total-Hits:       16696791844   85.47%
L2-Total-Misses:      2838232618   14.53%
L2-Total-Accesses:   19535024462  100.00%

