--------
Total Statistics
--------
Total Instructions: 108732414793
Total Cycles: 1095564373559
IPC: 0.0992479

--------
Two level Cache hierarchy
--------
  L1-Data Cache:
    Size(KB):          32
    Block Size(B):     32
    Associativity:      4

  L2-Data Cache:
    Size(KB):         512
    Block Size(B):    256
    Associativity:     16

Latencies:    1   10  200
L1-Sets:  256 - LFU - assoc:   4
L2-Sets:  128 - LFU - assoc:  16
Store_allocation: Yes
L2_inclusive: Yes

L1 Cache Stats:
L1-Load-Hits:       23598149018   67.88%
L1-Load-Misses:     11167229107   32.12%
L1-Load-Accesses:   34765378125  100.00%

L1-Store-Hits:        9270382986   96.61%
L1-Store-Misses:       325502435    3.39%
L1-Store-Accesses:    9595885421  100.00%

L1-Total-Hits:       32868532004   74.09%
L1-Total-Misses:     11492731542   25.91%
L1-Total-Accesses:   44361263546  100.00%

L2 Cache Stats:
L2-Load-Hits:        7147720414   64.01%
L2-Load-Misses:      4019508693   35.99%
L2-Load-Accesses:   11167229107  100.00%

L2-Store-Hits:         207294229   63.68%
L2-Store-Misses:       118208206   36.32%
L2-Store-Accesses:     325502435  100.00%

L2-Total-Hits:        7355014643   64.00%
L2-Total-Misses:      4137716899   36.00%
L2-Total-Accesses:   11492731542  100.00%

