--------
Total Statistics
--------
Total Instructions: 108732414793
Total Cycles: 954502119569
IPC: 0.113915

--------
Two level Cache hierarchy
--------
  L1-Data Cache:
    Size(KB):          32
    Block Size(B):     32
    Associativity:      4

  L2-Data Cache:
    Size(KB):        1024
    Block Size(B):    256
    Associativity:      8

Latencies:    1   10  200
L1-Sets:  256 - MRU - assoc:   4
L2-Sets:  512 - MRU - assoc:   8
Store_allocation: Yes
L2_inclusive: Yes

L1 Cache Stats:
L1-Load-Hits:       15220535851   43.78%
L1-Load-Misses:     19544842274   56.22%
L1-Load-Accesses:   34765378125  100.00%

L1-Store-Hits:        8870865092   92.44%
L1-Store-Misses:       725020329    7.56%
L1-Store-Accesses:    9595885421  100.00%

L1-Total-Hits:       24091400943   54.31%
L1-Total-Misses:     20269862603   45.69%
L1-Total-Accesses:   44361263546  100.00%

L2 Cache Stats:
L2-Load-Hits:       16588381348   84.87%
L2-Load-Misses:      2956460926   15.13%
L2-Load-Accesses:   19544842274  100.00%

L2-Store-Hits:         687932179   94.88%
L2-Store-Misses:        37088150    5.12%
L2-Store-Accesses:     725020329  100.00%

L2-Total-Hits:       17276313527   85.23%
L2-Total-Misses:      2993549076   14.77%
L2-Total-Accesses:   20269862603  100.00%

