--------
Total Statistics
--------
Total Instructions: 108732414793
Total Cycles: 916208884739
IPC: 0.118676

--------
Two level Cache hierarchy
--------
  L1-Data Cache:
    Size(KB):          32
    Block Size(B):     32
    Associativity:      4

  L2-Data Cache:
    Size(KB):        2048
    Block Size(B):    256
    Associativity:     16

Latencies:    1   10  200
L1-Sets:  256 - LFU - assoc:   4
L2-Sets:  512 - LFU - assoc:  16
Store_allocation: Yes
L2_inclusive: Yes

L1 Cache Stats:
L1-Load-Hits:       15722791243   45.23%
L1-Load-Misses:     19042586882   54.77%
L1-Load-Accesses:   34765378125  100.00%

L1-Store-Hits:        8893054203   92.68%
L1-Store-Misses:       702831218    7.32%
L1-Store-Accesses:    9595885421  100.00%

L1-Total-Hits:       24615845446   55.49%
L1-Total-Misses:     19745418100   44.51%
L1-Total-Accesses:   44361263546  100.00%

L2 Cache Stats:
L2-Load-Hits:       16241958508   85.29%
L2-Load-Misses:      2800628374   14.71%
L2-Load-Accesses:   19042586882  100.00%

L2-Store-Hits:         675154465   96.06%
L2-Store-Misses:        27676753    3.94%
L2-Store-Accesses:     702831218  100.00%

L2-Total-Hits:       16917112973   85.68%
L2-Total-Misses:      2828305127   14.32%
L2-Total-Accesses:   19745418100  100.00%

