--------
Total Statistics
--------
Total Instructions: 108732414705
Total Cycles: 1006617758677
IPC: 0.108018

--------
Two level Cache hierarchy
--------
  L1-Data Cache:
    Size(KB):          32
    Block Size(B):     32
    Associativity:      4

  L2-Data Cache:
    Size(KB):        1024
    Block Size(B):    256
    Associativity:     16

Latencies:    1   10  200
L1-Sets:  256 - LFU - assoc:   4
L2-Sets:  256 - LFU - assoc:  16
Store_allocation: Yes
L2_inclusive: Yes

L1 Cache Stats:
L1-Load-Hits:       19153251802   55.09%
L1-Load-Misses:     15612126327   44.91%
L1-Load-Accesses:   34765378129  100.00%

L1-Store-Hits:        9050050413   94.31%
L1-Store-Misses:       545834960    5.69%
L1-Store-Accesses:    9595885373  100.00%

L1-Total-Hits:       28203302215   63.58%
L1-Total-Misses:     16157961287   36.42%
L1-Total-Accesses:   44361263502  100.00%

L2 Cache Stats:
L2-Load-Hits:       12222720828   78.29%
L2-Load-Misses:      3389405499   21.71%
L2-Load-Accesses:   15612126327  100.00%

L2-Store-Hits:         475518121   87.12%
L2-Store-Misses:        70316839   12.88%
L2-Store-Accesses:     545834960  100.00%

L2-Total-Hits:       12698238949   78.59%
L2-Total-Misses:      3459722338   21.41%
L2-Total-Accesses:   16157961287  100.00%

