--------
Total Statistics
--------
Total Instructions: 108732414793
Total Cycles: 917598322289
IPC: 0.118497

--------
Two level Cache hierarchy
--------
  L1-Data Cache:
    Size(KB):          32
    Block Size(B):     32
    Associativity:      4

  L2-Data Cache:
    Size(KB):        1024
    Block Size(B):    256
    Associativity:      8

Latencies:    1   10  200
L1-Sets:  256 - LFU - assoc:   4
L2-Sets:  512 - LFU - assoc:   8
Store_allocation: Yes
L2_inclusive: Yes

L1 Cache Stats:
L1-Load-Hits:       15783896300   45.40%
L1-Load-Misses:     18981481825   54.60%
L1-Load-Accesses:   34765378125  100.00%

L1-Store-Hits:        8888183871   92.62%
L1-Store-Misses:       707701550    7.38%
L1-Store-Accesses:    9595885421  100.00%

L1-Total-Hits:       24672080171   55.62%
L1-Total-Misses:     19689183375   44.38%
L1-Total-Accesses:   44361263546  100.00%

L2 Cache Stats:
L2-Load-Hits:       16169750292   85.19%
L2-Load-Misses:      2811731533   14.81%
L2-Load-Accesses:   18981481825  100.00%

L2-Store-Hits:         681369032   96.28%
L2-Store-Misses:        26332518    3.72%
L2-Store-Accesses:     707701550  100.00%

L2-Total-Hits:       16851119324   85.59%
L2-Total-Misses:      2838064051   14.41%
L2-Total-Accesses:   19689183375  100.00%

