--------
Total Statistics
--------
Total Instructions: 108732414993
Total Cycles: 937487484839
IPC: 0.115983

--------
Two level Cache hierarchy
--------
  L1-Data Cache:
    Size(KB):          32
    Block Size(B):     32
    Associativity:      4

  L2-Data Cache:
    Size(KB):        1024
    Block Size(B):    256
    Associativity:      8

Latencies:    1   10  200
L1-Sets:  256 - LFU - assoc:   4
L2-Sets:  512 - LFU - assoc:   8
Store_allocation: Yes
L2_inclusive: Yes

L1 Cache Stats:
L1-Load-Hits:       16594893115   47.73%
L1-Load-Misses:     18170485014   52.27%
L1-Load-Accesses:   34765378129  100.00%

L1-Store-Hits:        8914360971   92.90%
L1-Store-Misses:       681524546    7.10%
L1-Store-Accesses:    9595885517  100.00%

L1-Total-Hits:       25509254086   57.50%
L1-Total-Misses:     18852009560   42.50%
L1-Total-Accesses:   44361263646  100.00%

L2 Cache Stats:
L2-Load-Hits:       15224843564   83.79%
L2-Load-Misses:      2945641450   16.21%
L2-Load-Accesses:   18170485014  100.00%

L2-Store-Hits:         647797443   95.05%
L2-Store-Misses:        33727103    4.95%
L2-Store-Accesses:     681524546  100.00%

L2-Total-Hits:       15872641007   84.20%
L2-Total-Misses:      2979368553   15.80%
L2-Total-Accesses:   18852009560  100.00%

