--------
Total Statistics
--------
Total Instructions: 108732414993
Total Cycles: 962650151239
IPC: 0.112951

--------
Two level Cache hierarchy
--------
  L1-Data Cache:
    Size(KB):          32
    Block Size(B):     32
    Associativity:      4

  L2-Data Cache:
    Size(KB):        2048
    Block Size(B):    256
    Associativity:     16

Latencies:    1   10  200
L1-Sets:  256 - MRU - assoc:   4
L2-Sets:  512 - MRU - assoc:  16
Store_allocation: Yes
L2_inclusive: Yes

L1 Cache Stats:
L1-Load-Hits:       15124914485   43.51%
L1-Load-Misses:     19640463644   56.49%
L1-Load-Accesses:   34765378129  100.00%

L1-Store-Hits:        8865439281   92.39%
L1-Store-Misses:       730446236    7.61%
L1-Store-Accesses:    9595885517  100.00%

L1-Total-Hits:       23990353766   54.08%
L1-Total-Misses:     20370909880   45.92%
L1-Total-Accesses:   44361263646  100.00%

L2 Cache Stats:
L2-Load-Hits:       16652168795   84.79%
L2-Load-Misses:      2988294849   15.21%
L2-Load-Accesses:   19640463644  100.00%

L2-Store-Hits:         689504216   94.39%
L2-Store-Misses:        40942020    5.61%
L2-Store-Accesses:     730446236  100.00%

L2-Total-Hits:       17341673011   85.13%
L2-Total-Misses:      3029236869   14.87%
L2-Total-Accesses:   20370909880  100.00%

