--------
Total Statistics
--------
Total Instructions: 18199704597
Total Cycles: 639841455029
IPC: 0.0284441

--------
Two level Cache hierarchy
--------
  L1-Data Cache:
    Size(KB):          32
    Block Size(B):     32
    Associativity:      4

  L2-Data Cache:
    Size(KB):         256
    Block Size(B):     64
    Associativity:      4

Latencies:    1   15  250
L1-Sets:  256 - LRU - assoc:   4
L2-Sets: 1024 - LRU - assoc:   4
Store_allocation: Yes
L2_inclusive: Yes

L1 Cache Stats:
L1-Load-Hits:        3248678621   51.14%
L1-Load-Misses:      3104302369   48.86%
L1-Load-Accesses:    6352980990  100.00%

L1-Store-Hits:        1808967783   96.18%
L1-Store-Misses:        71829914    3.82%
L1-Store-Accesses:    1880797697  100.00%

L1-Total-Hits:        5057646404   61.43%
L1-Total-Misses:      3176132283   38.57%
L1-Total-Accesses:    8233778687  100.00%

L2 Cache Stats:
L2-Load-Hits:         875402594   28.20%
L2-Load-Misses:      2228899775   71.80%
L2-Load-Accesses:    3104302369  100.00%

L2-Store-Hits:          37665739   52.44%
L2-Store-Misses:        34164175   47.56%
L2-Store-Accesses:      71829914  100.00%

L2-Total-Hits:         913068333   28.75%
L2-Total-Misses:      2263063950   71.25%
L2-Total-Accesses:    3176132283  100.00%

