--------
Total Statistics
--------
Total Instructions: 18199704597
Total Cycles: 264273805774
IPC: 0.0688669

--------
Two level Cache hierarchy
--------
  L1-Data Cache:
    Size(KB):          32
    Block Size(B):     32
    Associativity:      4

  L2-Data Cache:
    Size(KB):        1024
    Block Size(B):    256
    Associativity:      8

Latencies:    1   15  250
L1-Sets:  256 - LRU - assoc:   4
L2-Sets:  512 - LRU - assoc:   8
Store_allocation: Yes
L2_inclusive: Yes

L1 Cache Stats:
L1-Load-Hits:        3249946575   51.16%
L1-Load-Misses:      3103034415   48.84%
L1-Load-Accesses:    6352980990  100.00%

L1-Store-Hits:        1809189996   96.19%
L1-Store-Misses:        71607701    3.81%
L1-Store-Accesses:    1880797697  100.00%

L1-Total-Hits:        5059136571   61.44%
L1-Total-Misses:      3174642116   38.56%
L1-Total-Accesses:    8233778687  100.00%

L2 Cache Stats:
L2-Load-Hits:        2350931089   75.76%
L2-Load-Misses:       752103326   24.24%
L2-Load-Accesses:    3103034415  100.00%

L2-Store-Hits:          62828264   87.74%
L2-Store-Misses:         8779437   12.26%
L2-Store-Accesses:      71607701  100.00%

L2-Total-Hits:        2413759353   76.03%
L2-Total-Misses:       760882763   23.97%
L2-Total-Accesses:    3174642116  100.00%

