--------
Total Statistics
--------
Total Instructions: 18199704597
Total Cycles: 558627810319
IPC: 0.0325793

--------
Two level Cache hierarchy
--------
  L1-Data Cache:
    Size(KB):          32
    Block Size(B):     32
    Associativity:      4

  L2-Data Cache:
    Size(KB):        1024
    Block Size(B):     64
    Associativity:     16

Latencies:    1   15  250
L1-Sets:  256 - LRU - assoc:   4
L2-Sets: 1024 - LRU - assoc:  16
Store_allocation: Yes
L2_inclusive: Yes

L1 Cache Stats:
L1-Load-Hits:        3249977715   51.16%
L1-Load-Misses:      3103003275   48.84%
L1-Load-Accesses:    6352980990  100.00%

L1-Store-Hits:        1809361453   96.20%
L1-Store-Misses:        71436244    3.80%
L1-Store-Accesses:    1880797697  100.00%

L1-Total-Hits:        5059339168   61.45%
L1-Total-Misses:      3174439519   38.55%
L1-Total-Accesses:    8233778687  100.00%

L2 Cache Stats:
L2-Load-Hits:        1197090890   38.58%
L2-Load-Misses:      1905912385   61.42%
L2-Load-Accesses:    3103003275  100.00%

L2-Store-Hits:          39037692   54.65%
L2-Store-Misses:        32398552   45.35%
L2-Store-Accesses:      71436244  100.00%

L2-Total-Hits:        1236128582   38.94%
L2-Total-Misses:      1938310937   61.06%
L2-Total-Accesses:    3174439519  100.00%

