--------
Total Statistics
--------
Total Instructions: 18199704597
Total Cycles: 607410432144
IPC: 0.0299628

--------
Two level Cache hierarchy
--------
  L1-Data Cache:
    Size(KB):          32
    Block Size(B):     32
    Associativity:      4

  L2-Data Cache:
    Size(KB):         512
    Block Size(B):     64
    Associativity:      8

Latencies:    1   15  250
L1-Sets:  256 - LRU - assoc:   4
L2-Sets: 1024 - LRU - assoc:   8
Store_allocation: Yes
L2_inclusive: Yes

L1 Cache Stats:
L1-Load-Hits:        3249763268   51.15%
L1-Load-Misses:      3103217722   48.85%
L1-Load-Accesses:    6352980990  100.00%

L1-Store-Hits:        1809291045   96.20%
L1-Store-Misses:        71506652    3.80%
L1-Store-Accesses:    1880797697  100.00%

L1-Total-Hits:        5059054313   61.44%
L1-Total-Misses:      3174724374   38.56%
L1-Total-Accesses:    8233778687  100.00%

L2 Cache Stats:
L2-Load-Hits:        1003023666   32.32%
L2-Load-Misses:      2100194056   67.68%
L2-Load-Accesses:    3103217722  100.00%

L2-Store-Hits:          38276375   53.53%
L2-Store-Misses:        33230277   46.47%
L2-Store-Accesses:      71506652  100.00%

L2-Total-Hits:        1041300041   32.80%
L2-Total-Misses:      2133424333   67.20%
L2-Total-Accesses:    3174724374  100.00%

