--------
Total Statistics
--------
Total Instructions: 18199704597
Total Cycles: 406764744594
IPC: 0.0447426

--------
Two level Cache hierarchy
--------
  L1-Data Cache:
    Size(KB):          32
    Block Size(B):     32
    Associativity:      4

  L2-Data Cache:
    Size(KB):        1024
    Block Size(B):    128
    Associativity:     16

Latencies:    1   15  250
L1-Sets:  256 - LRU - assoc:   4
L2-Sets:  512 - LRU - assoc:  16
Store_allocation: Yes
L2_inclusive: Yes

L1 Cache Stats:
L1-Load-Hits:        3250078328   51.16%
L1-Load-Misses:      3102902662   48.84%
L1-Load-Accesses:    6352980990  100.00%

L1-Store-Hits:        1809130155   96.19%
L1-Store-Misses:        71667542    3.81%
L1-Store-Accesses:    1880797697  100.00%

L1-Total-Hits:        5059208483   61.44%
L1-Total-Misses:      3174570204   38.56%
L1-Total-Accesses:    8233778687  100.00%

L2 Cache Stats:
L2-Load-Hits:        1788891027   57.65%
L2-Load-Misses:      1314011635   42.35%
L2-Load-Accesses:    3102902662  100.00%

L2-Store-Hits:          54828344   76.50%
L2-Store-Misses:        16839198   23.50%
L2-Store-Accesses:      71667542  100.00%

L2-Total-Hits:        1843719371   58.08%
L2-Total-Misses:      1330850833   41.92%
L2-Total-Accesses:    3174570204  100.00%

