--------
Total Statistics
--------
Total Instructions: 18199704597
Total Cycles: 343129957234
IPC: 0.0530403

--------
Two level Cache hierarchy
--------
  L1-Data Cache:
    Size(KB):          32
    Block Size(B):     32
    Associativity:      4

  L2-Data Cache:
    Size(KB):        2048
    Block Size(B):    128
    Associativity:     16

Latencies:    1   15  250
L1-Sets:  256 - LRU - assoc:   4
L2-Sets: 1024 - LRU - assoc:  16
Store_allocation: Yes
L2_inclusive: Yes

L1 Cache Stats:
L1-Load-Hits:        3250051382   51.16%
L1-Load-Misses:      3102929608   48.84%
L1-Load-Accesses:    6352980990  100.00%

L1-Store-Hits:        1809058275   96.19%
L1-Store-Misses:        71739422    3.81%
L1-Store-Accesses:    1880797697  100.00%

L1-Total-Hits:        5059109657   61.44%
L1-Total-Misses:      3174669030   38.56%
L1-Total-Accesses:    8233778687  100.00%

L2 Cache Stats:
L2-Load-Hits:        2042798414   65.83%
L2-Load-Misses:      1060131194   34.17%
L2-Load-Accesses:    3102929608  100.00%

L2-Store-Hits:          55564862   77.45%
L2-Store-Misses:        16174560   22.55%
L2-Store-Accesses:      71739422  100.00%

L2-Total-Hits:        2098363276   66.10%
L2-Total-Misses:      1076305754   33.90%
L2-Total-Accesses:    3174669030  100.00%

