--------
Total Statistics
--------
Total Instructions: 18199704597
Total Cycles: 607713050374
IPC: 0.0299479

--------
Two level Cache hierarchy
--------
  L1-Data Cache:
    Size(KB):          32
    Block Size(B):     32
    Associativity:      4

  L2-Data Cache:
    Size(KB):         512
    Block Size(B):     64
    Associativity:     16

Latencies:    1   15  250
L1-Sets:  256 - LRU - assoc:   4
L2-Sets:  512 - LRU - assoc:  16
Store_allocation: Yes
L2_inclusive: Yes

L1 Cache Stats:
L1-Load-Hits:        3249833966   51.15%
L1-Load-Misses:      3103147024   48.85%
L1-Load-Accesses:    6352980990  100.00%

L1-Store-Hits:        1809126915   96.19%
L1-Store-Misses:        71670782    3.81%
L1-Store-Accesses:    1880797697  100.00%

L1-Total-Hits:        5058960881   61.44%
L1-Total-Misses:      3174817806   38.56%
L1-Total-Accesses:    8233778687  100.00%

L2 Cache Stats:
L2-Load-Hits:        1001755715   32.28%
L2-Load-Misses:      2101391309   67.72%
L2-Load-Accesses:    3103147024  100.00%

L2-Store-Hits:          38432891   53.62%
L2-Store-Misses:        33237891   46.38%
L2-Store-Accesses:      71670782  100.00%

L2-Total-Hits:        1040188606   32.76%
L2-Total-Misses:      2134629200   67.24%
L2-Total-Accesses:    3174817806  100.00%

