--------
Total Statistics
--------
Total Instructions: 18199704597
Total Cycles: 359895844559
IPC: 0.0505694

--------
Two level Cache hierarchy
--------
  L1-Data Cache:
    Size(KB):          32
    Block Size(B):     32
    Associativity:      4

  L2-Data Cache:
    Size(KB):         256
    Block Size(B):    256
    Associativity:      4

Latencies:    1   15  250
L1-Sets:  256 - LRU - assoc:   4
L2-Sets:  256 - LRU - assoc:   4
Store_allocation: Yes
L2_inclusive: Yes

L1 Cache Stats:
L1-Load-Hits:        3225232247   50.77%
L1-Load-Misses:      3127748743   49.23%
L1-Load-Accesses:    6352980990  100.00%

L1-Store-Hits:        1807371755   96.10%
L1-Store-Misses:        73425942    3.90%
L1-Store-Accesses:    1880797697  100.00%

L1-Total-Hits:        5032604002   61.12%
L1-Total-Misses:      3201174685   38.88%
L1-Total-Accesses:    8233778687  100.00%

L2 Cache Stats:
L2-Load-Hits:        1997601335   63.87%
L2-Load-Misses:      1130147408   36.13%
L2-Load-Accesses:    3127748743  100.00%

L2-Store-Hits:          61794386   84.16%
L2-Store-Misses:        11631556   15.84%
L2-Store-Accesses:      73425942  100.00%

L2-Total-Hits:        2059395721   64.33%
L2-Total-Misses:      1141778964   35.67%
L2-Total-Accesses:    3201174685  100.00%

