--------
Total Statistics
--------
Total Instructions: 18199704597
Total Cycles: 299566451719
IPC: 0.0607535

--------
Two level Cache hierarchy
--------
  L1-Data Cache:
    Size(KB):          32
    Block Size(B):     32
    Associativity:      4

  L2-Data Cache:
    Size(KB):         512
    Block Size(B):    256
    Associativity:     16

Latencies:    1   15  250
L1-Sets:  256 - LRU - assoc:   4
L2-Sets:  128 - LRU - assoc:  16
Store_allocation: Yes
L2_inclusive: Yes

L1 Cache Stats:
L1-Load-Hits:        3249304433   51.15%
L1-Load-Misses:      3103676557   48.85%
L1-Load-Accesses:    6352980990  100.00%

L1-Store-Hits:        1809173325   96.19%
L1-Store-Misses:        71624372    3.81%
L1-Store-Accesses:    1880797697  100.00%

L1-Total-Hits:        5058477758   61.44%
L1-Total-Misses:      3175300929   38.56%
L1-Total-Accesses:    8233778687  100.00%

L2 Cache Stats:
L2-Load-Hits:        2210884147   71.23%
L2-Load-Misses:       892792410   28.77%
L2-Load-Accesses:    3103676557  100.00%

L2-Store-Hits:          62402964   87.13%
L2-Store-Misses:         9221408   12.87%
L2-Store-Accesses:      71624372  100.00%

L2-Total-Hits:        2273287111   71.59%
L2-Total-Misses:       902013818   28.41%
L2-Total-Accesses:    3175300929  100.00%

