--------
Total Statistics
--------
Total Instructions: 18199704597
Total Cycles: 301221084924
IPC: 0.0604198

--------
Two level Cache hierarchy
--------
  L1-Data Cache:
    Size(KB):          32
    Block Size(B):     32
    Associativity:      4

  L2-Data Cache:
    Size(KB):         512
    Block Size(B):    256
    Associativity:      8

Latencies:    1   15  250
L1-Sets:  256 - LRU - assoc:   4
L2-Sets:  256 - LRU - assoc:   8
Store_allocation: Yes
L2_inclusive: Yes

L1 Cache Stats:
L1-Load-Hits:        3248802580   51.14%
L1-Load-Misses:      3104178410   48.86%
L1-Load-Accesses:    6352980990  100.00%

L1-Store-Hits:        1809195581   96.19%
L1-Store-Misses:        71602116    3.81%
L1-Store-Accesses:    1880797697  100.00%

L1-Total-Hits:        5057998161   61.43%
L1-Total-Misses:      3175780526   38.57%
L1-Total-Accesses:    8233778687  100.00%

L2 Cache Stats:
L2-Load-Hits:        2204786574   71.03%
L2-Load-Misses:       899391836   28.97%
L2-Load-Accesses:    3104178410  100.00%

L2-Store-Hits:          62390377   87.13%
L2-Store-Misses:         9211739   12.87%
L2-Store-Accesses:      71602116  100.00%

L2-Total-Hits:        2267176951   71.39%
L2-Total-Misses:       908603575   28.61%
L2-Total-Accesses:    3175780526  100.00%

