--------
Total Statistics
--------
Total Instructions: 18199704597
Total Cycles: 443502070379
IPC: 0.0410363

--------
Two level Cache hierarchy
--------
  L1-Data Cache:
    Size(KB):          32
    Block Size(B):     32
    Associativity:      4

  L2-Data Cache:
    Size(KB):         512
    Block Size(B):    128
    Associativity:      4

Latencies:    1   15  250
L1-Sets:  256 - LRU - assoc:   4
L2-Sets: 1024 - LRU - assoc:   4
Store_allocation: Yes
L2_inclusive: Yes

L1 Cache Stats:
L1-Load-Hits:        3249072164   51.14%
L1-Load-Misses:      3103908826   48.86%
L1-Load-Accesses:    6352980990  100.00%

L1-Store-Hits:        1809083600   96.19%
L1-Store-Misses:        71714097    3.81%
L1-Store-Accesses:    1880797697  100.00%

L1-Total-Hits:        5058155764   61.43%
L1-Total-Misses:      3175622923   38.57%
L1-Total-Accesses:    8233778687  100.00%

L2 Cache Stats:
L2-Load-Hits:        1643567970   52.95%
L2-Load-Misses:      1460340856   47.05%
L2-Load-Accesses:    3103908826  100.00%

L2-Store-Hits:          54317980   75.74%
L2-Store-Misses:        17396117   24.26%
L2-Store-Accesses:      71714097  100.00%

L2-Total-Hits:        1697885950   53.47%
L2-Total-Misses:      1477736973   46.53%
L2-Total-Accesses:    3175622923  100.00%

