--------
Total Statistics
--------
Total Instructions: 18199704597
Total Cycles: 440198905474
IPC: 0.0413443

--------
Two level Cache hierarchy
--------
  L1-Data Cache:
    Size(KB):          32
    Block Size(B):     32
    Associativity:      4

  L2-Data Cache:
    Size(KB):         512
    Block Size(B):    128
    Associativity:     16

Latencies:    1   15  250
L1-Sets:  256 - LRU - assoc:   4
L2-Sets:  256 - LRU - assoc:  16
Store_allocation: Yes
L2_inclusive: Yes

L1 Cache Stats:
L1-Load-Hits:        3249604840   51.15%
L1-Load-Misses:      3103376150   48.85%
L1-Load-Accesses:    6352980990  100.00%

L1-Store-Hits:        1809253251   96.20%
L1-Store-Misses:        71544446    3.80%
L1-Store-Accesses:    1880797697  100.00%

L1-Total-Hits:        5058858091   61.44%
L1-Total-Misses:      3174920596   38.56%
L1-Total-Accesses:    8233778687  100.00%

L2 Cache Stats:
L2-Load-Hits:        1656096789   53.36%
L2-Load-Misses:      1447279361   46.64%
L2-Load-Accesses:    3103376150  100.00%

L2-Store-Hits:          54257354   75.84%
L2-Store-Misses:        17287092   24.16%
L2-Store-Accesses:      71544446  100.00%

L2-Total-Hits:        1710354143   53.87%
L2-Total-Misses:      1464566453   46.13%
L2-Total-Accesses:    3174920596  100.00%

