--------
Total Statistics
--------
Total Instructions: 18199704597
Total Cycles: 307653259344
IPC: 0.0591565

--------
Two level Cache hierarchy
--------
  L1-Data Cache:
    Size(KB):          32
    Block Size(B):     32
    Associativity:      4

  L2-Data Cache:
    Size(KB):         512
    Block Size(B):    256
    Associativity:      4

Latencies:    1   15  250
L1-Sets:  256 - LRU - assoc:   4
L2-Sets:  512 - LRU - assoc:   4
Store_allocation: Yes
L2_inclusive: Yes

L1 Cache Stats:
L1-Load-Hits:        3245201544   51.08%
L1-Load-Misses:      3107779446   48.92%
L1-Load-Accesses:    6352980990  100.00%

L1-Store-Hits:        1808984789   96.18%
L1-Store-Misses:        71812908    3.82%
L1-Store-Accesses:    1880797697  100.00%

L1-Total-Hits:        5054186333   61.38%
L1-Total-Misses:      3179592354   38.62%
L1-Total-Accesses:    8233778687  100.00%

L2 Cache Stats:
L2-Load-Hits:        2183237510   70.25%
L2-Load-Misses:       924541936   29.75%
L2-Load-Accesses:    3107779446  100.00%

L2-Store-Hits:          62251281   86.69%
L2-Store-Misses:         9561627   13.31%
L2-Store-Accesses:      71812908  100.00%

L2-Total-Hits:        2245488791   70.62%
L2-Total-Misses:       934103563   29.38%
L2-Total-Accesses:    3179592354  100.00%

