--------
Total Statistics
--------
Total Instructions: 18199704597
Total Cycles: 221793644794
IPC: 0.0820569

--------
Two level Cache hierarchy
--------
  L1-Data Cache:
    Size(KB):          32
    Block Size(B):     32
    Associativity:      4

  L2-Data Cache:
    Size(KB):        2048
    Block Size(B):    256
    Associativity:     16

Latencies:    1   15  250
L1-Sets:  256 - LRU - assoc:   4
L2-Sets:  512 - LRU - assoc:  16
Store_allocation: Yes
L2_inclusive: Yes

L1 Cache Stats:
L1-Load-Hits:        3249573534   51.15%
L1-Load-Misses:      3103407456   48.85%
L1-Load-Accesses:    6352980990  100.00%

L1-Store-Hits:        1808963169   96.18%
L1-Store-Misses:        71834528    3.82%
L1-Store-Accesses:    1880797697  100.00%

L1-Total-Hits:        5058536703   61.44%
L1-Total-Misses:      3175241984   38.56%
L1-Total-Accesses:    8233778687  100.00%

L2 Cache Stats:
L2-Load-Hits:        2520806402   81.23%
L2-Load-Misses:       582601054   18.77%
L2-Load-Accesses:    3103407456  100.00%

L2-Store-Hits:          63509455   88.41%
L2-Store-Misses:         8325073   11.59%
L2-Store-Accesses:      71834528  100.00%

L2-Total-Hits:        2584315857   81.39%
L2-Total-Misses:       590926127   18.61%
L2-Total-Accesses:    3175241984  100.00%

