--------
Total Statistics
--------
Total Instructions: 18199704597
Total Cycles: 607249100859
IPC: 0.0299707

--------
Two level Cache hierarchy
--------
  L1-Data Cache:
    Size(KB):          32
    Block Size(B):     32
    Associativity:      4

  L2-Data Cache:
    Size(KB):         512
    Block Size(B):     64
    Associativity:      4

Latencies:    1   15  250
L1-Sets:  256 - LRU - assoc:   4
L2-Sets: 2048 - LRU - assoc:   4
Store_allocation: Yes
L2_inclusive: Yes

L1 Cache Stats:
L1-Load-Hits:        3249735717   51.15%
L1-Load-Misses:      3103245273   48.85%
L1-Load-Accesses:    6352980990  100.00%

L1-Store-Hits:        1809251115   96.20%
L1-Store-Misses:        71546582    3.80%
L1-Store-Accesses:    1880797697  100.00%

L1-Total-Hits:        5058986832   61.44%
L1-Total-Misses:      3174791855   38.56%
L1-Total-Accesses:    8233778687  100.00%

L2 Cache Stats:
L2-Load-Hits:        1003754949   32.35%
L2-Load-Misses:      2099490324   67.65%
L2-Load-Accesses:    3103245273  100.00%

L2-Store-Hits:          38261947   53.48%
L2-Store-Misses:        33284635   46.52%
L2-Store-Accesses:      71546582  100.00%

L2-Total-Hits:        1042016896   32.82%
L2-Total-Misses:      2132774959   67.18%
L2-Total-Accesses:    3174791855  100.00%

