--------
Total Statistics
--------
Total Instructions: 18199704597
Total Cycles: 406001376979
IPC: 0.0448267

--------
Two level Cache hierarchy
--------
  L1-Data Cache:
    Size(KB):          32
    Block Size(B):     32
    Associativity:      4

  L2-Data Cache:
    Size(KB):        1024
    Block Size(B):    128
    Associativity:      8

Latencies:    1   15  250
L1-Sets:  256 - LRU - assoc:   4
L2-Sets: 1024 - LRU - assoc:   8
Store_allocation: Yes
L2_inclusive: Yes

L1 Cache Stats:
L1-Load-Hits:        3250029840   51.16%
L1-Load-Misses:      3102951150   48.84%
L1-Load-Accesses:    6352980990  100.00%

L1-Store-Hits:        1809286184   96.20%
L1-Store-Misses:        71511513    3.80%
L1-Store-Accesses:    1880797697  100.00%

L1-Total-Hits:        5059316024   61.45%
L1-Total-Misses:      3174462663   38.55%
L1-Total-Accesses:    8233778687  100.00%

L2 Cache Stats:
L2-Load-Hits:        1791968786   57.75%
L2-Load-Misses:      1310982364   42.25%
L2-Load-Accesses:    3102951150  100.00%

L2-Store-Hits:          54690062   76.48%
L2-Store-Misses:        16821451   23.52%
L2-Store-Accesses:      71511513  100.00%

L2-Total-Hits:        1846658848   58.17%
L2-Total-Misses:      1327803815   41.83%
L2-Total-Accesses:    3174462663  100.00%

