--------
Total Statistics
--------
Total Instructions: 18199704597
Total Cycles: 264070245014
IPC: 0.0689199

--------
Two level Cache hierarchy
--------
  L1-Data Cache:
    Size(KB):          32
    Block Size(B):     32
    Associativity:      4

  L2-Data Cache:
    Size(KB):        1024
    Block Size(B):    256
    Associativity:     16

Latencies:    1   15  250
L1-Sets:  256 - LRU - assoc:   4
L2-Sets:  256 - LRU - assoc:  16
Store_allocation: Yes
L2_inclusive: Yes

L1 Cache Stats:
L1-Load-Hits:        3249965633   51.16%
L1-Load-Misses:      3103015357   48.84%
L1-Load-Accesses:    6352980990  100.00%

L1-Store-Hits:        1809348522   96.20%
L1-Store-Misses:        71449175    3.80%
L1-Store-Accesses:    1880797697  100.00%

L1-Total-Hits:        5059314155   61.45%
L1-Total-Misses:      3174464532   38.55%
L1-Total-Accesses:    8233778687  100.00%

L2 Cache Stats:
L2-Load-Hits:        2351691913   75.79%
L2-Load-Misses:       751323444   24.21%
L2-Load-Accesses:    3103015357  100.00%

L2-Store-Hits:          62693444   87.75%
L2-Store-Misses:         8755731   12.25%
L2-Store-Accesses:      71449175  100.00%

L2-Total-Hits:        2414385357   76.06%
L2-Total-Misses:       760079175   23.94%
L2-Total-Accesses:    3174464532  100.00%

