--------
Total Statistics
--------
Total Instructions: 18199704597
Total Cycles: 440738979159
IPC: 0.0412936

--------
Two level Cache hierarchy
--------
  L1-Data Cache:
    Size(KB):          32
    Block Size(B):     32
    Associativity:      4

  L2-Data Cache:
    Size(KB):         512
    Block Size(B):    128
    Associativity:      8

Latencies:    1   15  250
L1-Sets:  256 - LRU - assoc:   4
L2-Sets:  512 - LRU - assoc:   8
Store_allocation: Yes
L2_inclusive: Yes

L1 Cache Stats:
L1-Load-Hits:        3249591067   51.15%
L1-Load-Misses:      3103389923   48.85%
L1-Load-Accesses:    6352980990  100.00%

L1-Store-Hits:        1809178245   96.19%
L1-Store-Misses:        71619452    3.81%
L1-Store-Accesses:    1880797697  100.00%

L1-Total-Hits:        5058769312   61.44%
L1-Total-Misses:      3175009375   38.56%
L1-Total-Accesses:    8233778687  100.00%

L2 Cache Stats:
L2-Load-Hits:        1653968525   53.30%
L2-Load-Misses:      1449421398   46.70%
L2-Load-Accesses:    3103389923  100.00%

L2-Store-Hits:          54319429   75.84%
L2-Store-Misses:        17300023   24.16%
L2-Store-Accesses:      71619452  100.00%

L2-Total-Hits:        1708287954   53.80%
L2-Total-Misses:      1466721421   46.20%
L2-Total-Accesses:    3175009375  100.00%

