--------
Total Statistics
--------
Total Instructions: 3184282304
Total Cycles: 8178762097
IPC: 0.389335

--------
Two level Cache hierarchy
--------
  L1-Data Cache:
    Size(KB):          32
    Block Size(B):     32
    Associativity:      4

  L2-Data Cache:
    Size(KB):         512
    Block Size(B):    128
    Associativity:     16

Latencies:    1   15  250
L1-Sets:  256 - LRU - assoc:   4
L2-Sets:  256 - LRU - assoc:  16
Store_allocation: Yes
L2_inclusive: Yes

L1 Cache Stats:
L1-Load-Hits:         719589475   95.00%
L1-Load-Misses:        37835295    5.00%
L1-Load-Accesses:     757424770  100.00%

L1-Store-Hits:         443442504   93.70%
L1-Store-Misses:        29817084    6.30%
L1-Store-Accesses:     473259588  100.00%

L1-Total-Hits:        1163031979   94.50%
L1-Total-Misses:        67652379    5.50%
L1-Total-Accesses:    1230684358  100.00%

L2 Cache Stats:
L2-Load-Hits:          27994615   73.99%
L2-Load-Misses:         9840680   26.01%
L2-Load-Accesses:      37835295  100.00%

L2-Store-Hits:          28661725   96.13%
L2-Store-Misses:         1155359    3.87%
L2-Store-Accesses:      29817084  100.00%

L2-Total-Hits:          56656340   83.75%
L2-Total-Misses:        10996039   16.25%
L2-Total-Accesses:      67652379  100.00%

