--------
Total Statistics
--------
Total Instructions: 3184110444
Total Cycles: 8047459481
IPC: 0.395667

--------
Two level Cache hierarchy
--------
  L1-Data Cache:
    Size(KB):          32
    Block Size(B):     32
    Associativity:      4

  L2-Data Cache:
    Size(KB):         256
    Block Size(B):    256
    Associativity:      4

Latencies:    1   15  250
L1-Sets:  256 - LRU - assoc:   4
L2-Sets:  256 - LRU - assoc:   4
Store_allocation: Yes
L2_inclusive: Yes

L1 Cache Stats:
L1-Load-Hits:         719196992   94.96%
L1-Load-Misses:        38170881    5.04%
L1-Load-Accesses:     757367873  100.00%

L1-Store-Hits:         443243241   93.66%
L1-Store-Misses:        30020013    6.34%
L1-Store-Accesses:     473263254  100.00%

L1-Total-Hits:        1162440233   94.46%
L1-Total-Misses:        68190894    5.54%
L1-Total-Accesses:    1230631127  100.00%

L2 Cache Stats:
L2-Load-Hits:          28750962   75.32%
L2-Load-Misses:         9419919   24.68%
L2-Load-Accesses:      38170881  100.00%

L2-Store-Hits:          29000514   96.60%
L2-Store-Misses:         1019499    3.40%
L2-Store-Accesses:      30020013  100.00%

L2-Total-Hits:          57751476   84.69%
L2-Total-Misses:        10439418   15.31%
L2-Total-Accesses:      68190894  100.00%

