--------
Total Statistics
--------
Total Instructions: 3184096497
Total Cycles: 9108090623
IPC: 0.34959

--------
Two level Cache hierarchy
--------
  L1-Data Cache:
    Size(KB):          32
    Block Size(B):     32
    Associativity:      4

  L2-Data Cache:
    Size(KB):         256
    Block Size(B):    128
    Associativity:      4

Latencies:    1   15  250
L1-Sets:  256 - LRU - assoc:   4
L2-Sets:  512 - LRU - assoc:   4
Store_allocation: Yes
L2_inclusive: Yes

L1 Cache Stats:
L1-Load-Hits:         719441630   94.99%
L1-Load-Misses:        37940522    5.01%
L1-Load-Accesses:     757382152  100.00%

L1-Store-Hits:         443911838   93.80%
L1-Store-Misses:        29323941    6.20%
L1-Store-Accesses:     473235779  100.00%

L1-Total-Hits:        1163353468   94.53%
L1-Total-Misses:        67264463    5.47%
L1-Total-Accesses:    1230617931  100.00%

L2 Cache Stats:
L2-Load-Hits:          24982573   65.85%
L2-Load-Misses:        12957949   34.15%
L2-Load-Accesses:      37940522  100.00%

L2-Store-Hits:          27544253   93.93%
L2-Store-Misses:         1779688    6.07%
L2-Store-Accesses:      29323941  100.00%

L2-Total-Hits:          52526826   78.09%
L2-Total-Misses:        14737637   21.91%
L2-Total-Accesses:      67264463  100.00%

