--------
Total Statistics
--------
Total Instructions: 3184253312
Total Cycles: 7401759801
IPC: 0.430202

--------
Two level Cache hierarchy
--------
  L1-Data Cache:
    Size(KB):          32
    Block Size(B):     32
    Associativity:      4

  L2-Data Cache:
    Size(KB):         512
    Block Size(B):    256
    Associativity:      8

Latencies:    1   15  250
L1-Sets:  256 - LRU - assoc:   4
L2-Sets:  256 - LRU - assoc:   8
Store_allocation: Yes
L2_inclusive: Yes

L1 Cache Stats:
L1-Load-Hits:         719562969   95.00%
L1-Load-Misses:        37855512    5.00%
L1-Load-Accesses:     757418481  100.00%

L1-Store-Hits:         443415912   93.69%
L1-Store-Misses:        29839651    6.31%
L1-Store-Accesses:     473255563  100.00%

L1-Total-Hits:        1162978881   94.50%
L1-Total-Misses:        67695163    5.50%
L1-Total-Accesses:    1230674044  100.00%

L2 Cache Stats:
L2-Load-Hits:          30613391   80.87%
L2-Load-Misses:         7242121   19.13%
L2-Load-Accesses:      37855512  100.00%

L2-Store-Hits:          29196152   97.84%
L2-Store-Misses:          643499    2.16%
L2-Store-Accesses:      29839651  100.00%

L2-Total-Hits:          59809543   88.35%
L2-Total-Misses:         7885620   11.65%
L2-Total-Accesses:      67695163  100.00%

