--------
Total Statistics
--------
Total Instructions: 3184083291
Total Cycles: 7097775340
IPC: 0.448603

--------
Two level Cache hierarchy
--------
  L1-Data Cache:
    Size(KB):          32
    Block Size(B):     32
    Associativity:      4

  L2-Data Cache:
    Size(KB):        2048
    Block Size(B):    128
    Associativity:     16

Latencies:    1   15  250
L1-Sets:  256 - LRU - assoc:   4
L2-Sets: 1024 - LRU - assoc:  16
Store_allocation: Yes
L2_inclusive: Yes

L1 Cache Stats:
L1-Load-Hits:         719572841   95.01%
L1-Load-Misses:        37796248    4.99%
L1-Load-Accesses:     757369089  100.00%

L1-Store-Hits:         444038374   93.83%
L1-Store-Misses:        29197101    6.17%
L1-Store-Accesses:     473235475  100.00%

L1-Total-Hits:        1163611215   94.56%
L1-Total-Misses:        66993349    5.44%
L1-Total-Accesses:    1230604564  100.00%

L2 Cache Stats:
L2-Load-Hits:          31952621   84.54%
L2-Load-Misses:         5843627   15.46%
L2-Load-Accesses:      37796248  100.00%

L2-Store-Hits:          28327979   97.02%
L2-Store-Misses:          869122    2.98%
L2-Store-Accesses:      29197101  100.00%

L2-Total-Hits:          60280600   89.98%
L2-Total-Misses:         6712749   10.02%
L2-Total-Accesses:      66993349  100.00%

