--------
Total Statistics
--------
Total Instructions: 3184229406
Total Cycles: 6902731810
IPC: 0.4613

--------
Two level Cache hierarchy
--------
  L1-Data Cache:
    Size(KB):          32
    Block Size(B):     32
    Associativity:      4

  L2-Data Cache:
    Size(KB):        1024
    Block Size(B):    256
    Associativity:     16

Latencies:    1   15  250
L1-Sets:  256 - LRU - assoc:   4
L2-Sets:  256 - LRU - assoc:  16
Store_allocation: Yes
L2_inclusive: Yes

L1 Cache Stats:
L1-Load-Hits:         719598781   95.01%
L1-Load-Misses:        37793133    4.99%
L1-Load-Accesses:     757391914  100.00%

L1-Store-Hits:         443311809   93.67%
L1-Store-Misses:        29943996    6.33%
L1-Store-Accesses:     473255805  100.00%

L1-Total-Hits:        1162910590   94.50%
L1-Total-Misses:        67737129    5.50%
L1-Total-Accesses:    1230647719  100.00%

L2 Cache Stats:
L2-Load-Hits:          32435606   85.82%
L2-Load-Misses:         5357527   14.18%
L2-Load-Accesses:      37793133  100.00%

L2-Store-Hits:          29414332   98.23%
L2-Store-Misses:          529664    1.77%
L2-Store-Accesses:      29943996  100.00%

L2-Total-Hits:          61849938   91.31%
L2-Total-Misses:         5887191    8.69%
L2-Total-Accesses:      67737129  100.00%

