--------
Total Statistics
--------
Total Instructions: 3184153504
Total Cycles: 6925689095
IPC: 0.45976

--------
Two level Cache hierarchy
--------
  L1-Data Cache:
    Size(KB):          32
    Block Size(B):     32
    Associativity:      4

  L2-Data Cache:
    Size(KB):        1024
    Block Size(B):    256
    Associativity:      8

Latencies:    1   15  250
L1-Sets:  256 - LRU - assoc:   4
L2-Sets:  512 - LRU - assoc:   8
Store_allocation: Yes
L2_inclusive: Yes

L1 Cache Stats:
L1-Load-Hits:         719486574   95.00%
L1-Load-Misses:        37879981    5.00%
L1-Load-Accesses:     757366555  100.00%

L1-Store-Hits:         443509983   93.72%
L1-Store-Misses:        29735693    6.28%
L1-Store-Accesses:     473245676  100.00%

L1-Total-Hits:        1162996557   94.51%
L1-Total-Misses:        67615674    5.49%
L1-Total-Accesses:    1230612231  100.00%

L2 Cache Stats:
L2-Load-Hits:          32425956   85.60%
L2-Load-Misses:         5454025   14.40%
L2-Load-Accesses:      37879981  100.00%

L2-Store-Hits:          29202965   98.21%
L2-Store-Misses:          532728    1.79%
L2-Store-Accesses:      29735693  100.00%

L2-Total-Hits:          61628921   91.15%
L2-Total-Misses:         5986753    8.85%
L2-Total-Accesses:      67615674  100.00%

