--------
Total Statistics
--------
Total Instructions: 3184242521
Total Cycles: 8198499376
IPC: 0.388393

--------
Two level Cache hierarchy
--------
  L1-Data Cache:
    Size(KB):          32
    Block Size(B):     32
    Associativity:      4

  L2-Data Cache:
    Size(KB):         512
    Block Size(B):    128
    Associativity:      8

Latencies:    1   15  250
L1-Sets:  256 - LRU - assoc:   4
L2-Sets:  512 - LRU - assoc:   8
Store_allocation: Yes
L2_inclusive: Yes

L1 Cache Stats:
L1-Load-Hits:         719595729   95.01%
L1-Load-Misses:        37789913    4.99%
L1-Load-Accesses:     757385642  100.00%

L1-Store-Hits:         444028594   93.82%
L1-Store-Misses:        29235964    6.18%
L1-Store-Accesses:     473264558  100.00%

L1-Total-Hits:        1163624323   94.55%
L1-Total-Misses:        67025877    5.45%
L1-Total-Accesses:    1230650200  100.00%

L2 Cache Stats:
L2-Load-Hits:          27835781   73.66%
L2-Load-Misses:         9954132   26.34%
L2-Load-Accesses:      37789913  100.00%

L2-Store-Hits:          28077222   96.04%
L2-Store-Misses:         1158742    3.96%
L2-Store-Accesses:      29235964  100.00%

L2-Total-Hits:          55913003   83.42%
L2-Total-Misses:        11112874   16.58%
L2-Total-Accesses:      67025877  100.00%

