--------
Total Statistics
--------
Total Instructions: 3184282548
Total Cycles: 8375399937
IPC: 0.380195

--------
Two level Cache hierarchy
--------
  L1-Data Cache:
    Size(KB):          32
    Block Size(B):     32
    Associativity:      4

  L2-Data Cache:
    Size(KB):        1024
    Block Size(B):     64
    Associativity:     16

Latencies:    1   15  250
L1-Sets:  256 - LRU - assoc:   4
L2-Sets: 1024 - LRU - assoc:  16
Store_allocation: Yes
L2_inclusive: Yes

L1 Cache Stats:
L1-Load-Hits:         719602140   95.00%
L1-Load-Misses:        37837573    5.00%
L1-Load-Accesses:     757439713  100.00%

L1-Store-Hits:         443358549   93.68%
L1-Store-Misses:        29919502    6.32%
L1-Store-Accesses:     473278051  100.00%

L1-Total-Hits:        1162960689   94.49%
L1-Total-Misses:        67757075    5.51%
L1-Total-Accesses:    1230717764  100.00%

L2 Cache Stats:
L2-Load-Hits:          27873241   73.67%
L2-Load-Misses:         9964332   26.33%
L2-Load-Accesses:      37837573  100.00%

L2-Store-Hits:          28107660   93.94%
L2-Store-Misses:         1811842    6.06%
L2-Store-Accesses:      29919502  100.00%

L2-Total-Hits:          55980901   82.62%
L2-Total-Misses:        11776174   17.38%
L2-Total-Accesses:      67757075  100.00%

