--------
Total Statistics
--------
Total Instructions: 7456514044
Total Cycles: 22293363087
IPC: 0.334472

--------
Two level Cache hierarchy
--------
  L1-Data Cache:
    Size(KB):          32
    Block Size(B):     32
    Associativity:      4

  L2-Data Cache:
    Size(KB):        2048
    Block Size(B):    256
    Associativity:     16

Latencies:    1   10  200
L1-Sets:  256 - LRU - assoc:   4
L2-Sets:  512 - LRU - assoc:  16
Store_allocation: Yes
L2_inclusive: Yes

L1 Cache Stats:
L1-Load-Hits:        1818425829   83.42%
L1-Load-Misses:       361472087   16.58%
L1-Load-Accesses:    2179897916  100.00%

L1-Store-Hits:         437409434   94.59%
L1-Store-Misses:        25023493    5.41%
L1-Store-Accesses:     462432927  100.00%

L1-Total-Hits:        2255835263   85.37%
L1-Total-Misses:       386495580   14.63%
L1-Total-Accesses:    2642330843  100.00%

L2 Cache Stats:
L2-Load-Hits:         322617468   89.25%
L2-Load-Misses:        38854619   10.75%
L2-Load-Accesses:     361472087  100.00%

L2-Store-Hits:          22230300   88.84%
L2-Store-Misses:         2793193   11.16%
L2-Store-Accesses:      25023493  100.00%

L2-Total-Hits:         344847768   89.22%
L2-Total-Misses:        41647812   10.78%
L2-Total-Accesses:     386495580  100.00%

