--------
Total Statistics
--------
Total Instructions: 7441260980
Total Cycles: 30262671143
IPC: 0.245889

--------
Two level Cache hierarchy
--------
  L1-Data Cache:
    Size(KB):          32
    Block Size(B):     32
    Associativity:      4

  L2-Data Cache:
    Size(KB):        1024
    Block Size(B):    256
    Associativity:      8

Latencies:    1   10  200
L1-Sets:  256 - MRU - assoc:   4
L2-Sets:  512 - MRU - assoc:   8
Store_allocation: Yes
L2_inclusive: Yes

L1 Cache Stats:
L1-Load-Hits:        1753604812   80.54%
L1-Load-Misses:       423606484   19.46%
L1-Load-Accesses:    2177211296  100.00%

L1-Store-Hits:         432403962   93.50%
L1-Store-Misses:        30038715    6.50%
L1-Store-Accesses:     462442677  100.00%

L1-Total-Hits:        2186008774   82.81%
L1-Total-Misses:       453645199   17.19%
L1-Total-Accesses:    2639653973  100.00%

L2 Cache Stats:
L2-Load-Hits:         350064154   82.64%
L2-Load-Misses:        73542330   17.36%
L2-Load-Accesses:     423606484  100.00%

L2-Store-Hits:          25354524   84.41%
L2-Store-Misses:         4684191   15.59%
L2-Store-Accesses:      30038715  100.00%

L2-Total-Hits:         375418678   82.76%
L2-Total-Misses:        78226521   17.24%
L2-Total-Accesses:     453645199  100.00%

