--------
Total Statistics
--------
Total Instructions: 7434420958
Total Cycles: 34091808160
IPC: 0.218071

--------
Two level Cache hierarchy
--------
  L1-Data Cache:
    Size(KB):          32
    Block Size(B):     32
    Associativity:      4

  L2-Data Cache:
    Size(KB):        1024
    Block Size(B):    256
    Associativity:     16

Latencies:    1   10  200
L1-Sets:  256 - MRU - assoc:   4
L2-Sets:  256 - MRU - assoc:  16
Store_allocation: Yes
L2_inclusive: Yes

L1 Cache Stats:
L1-Load-Hits:        1745135655   80.20%
L1-Load-Misses:       430712380   19.80%
L1-Load-Accesses:    2175848035  100.00%

L1-Store-Hits:         431749788   93.36%
L1-Store-Misses:        30692889    6.64%
L1-Store-Accesses:     462442677  100.00%

L1-Total-Hits:        2176885443   82.51%
L1-Total-Misses:       461405269   17.49%
L1-Total-Accesses:    2638290712  100.00%

L2 Cache Stats:
L2-Load-Hits:         339986221   78.94%
L2-Load-Misses:        90726159   21.06%
L2-Load-Accesses:     430712380  100.00%

L2-Store-Hits:          24393829   79.48%
L2-Store-Misses:         6299060   20.52%
L2-Store-Accesses:      30692889  100.00%

L2-Total-Hits:         364380050   78.97%
L2-Total-Misses:        97025219   21.03%
L2-Total-Accesses:     461405269  100.00%

