--------
Total Statistics
--------
Total Instructions: 7435136688
Total Cycles: 27526056507
IPC: 0.270113

--------
Two level Cache hierarchy
--------
  L1-Data Cache:
    Size(KB):          32
    Block Size(B):     32
    Associativity:      4

  L2-Data Cache:
    Size(KB):        2048
    Block Size(B):    256
    Associativity:     16

Latencies:    1   10  200
L1-Sets:  256 - LFU - assoc:   4
L2-Sets:  512 - LFU - assoc:  16
Store_allocation: Yes
L2_inclusive: Yes

L1 Cache Stats:
L1-Load-Hits:        1776838789   81.66%
L1-Load-Misses:       399104823   18.34%
L1-Load-Accesses:    2175943612  100.00%

L1-Store-Hits:         435315202   94.14%
L1-Store-Misses:        27117725    5.86%
L1-Store-Accesses:     462432927  100.00%

L1-Total-Hits:        2212153991   83.85%
L1-Total-Misses:       426222548   16.15%
L1-Total-Accesses:    2638376539  100.00%

L2 Cache Stats:
L2-Load-Hits:         336884482   84.41%
L2-Load-Misses:        62220341   15.59%
L2-Load-Accesses:     399104823  100.00%

L2-Store-Hits:          23386477   86.24%
L2-Store-Misses:         3731248   13.76%
L2-Store-Accesses:      27117725  100.00%

L2-Total-Hits:         360270959   84.53%
L2-Total-Misses:        65951589   15.47%
L2-Total-Accesses:     426222548  100.00%

