--------
Total Statistics
--------
Total Instructions: 7440051871
Total Cycles: 23209476756
IPC: 0.320561

--------
Two level Cache hierarchy
--------
  L1-Data Cache:
    Size(KB):          32
    Block Size(B):     32
    Associativity:      4

  L2-Data Cache:
    Size(KB):        1024
    Block Size(B):    256
    Associativity:      8

Latencies:    1   10  200
L1-Sets:  256 - LRU - assoc:   4
L2-Sets:  512 - LRU - assoc:   8
Store_allocation: Yes
L2_inclusive: Yes

L1 Cache Stats:
L1-Load-Hits:        1815309530   83.39%
L1-Load-Misses:       361642993   16.61%
L1-Load-Accesses:    2176952523  100.00%

L1-Store-Hits:         437742102   94.59%
L1-Store-Misses:        25029830    5.41%
L1-Store-Accesses:     462771932  100.00%

L1-Total-Hits:        2253051632   85.35%
L1-Total-Misses:       386672823   14.65%
L1-Total-Accesses:    2639724455  100.00%

L2 Cache Stats:
L2-Load-Hits:         318508836   88.07%
L2-Load-Misses:        43134157   11.93%
L2-Load-Accesses:     361642993  100.00%

L2-Store-Hits:          21849126   87.29%
L2-Store-Misses:         3180704   12.71%
L2-Store-Accesses:      25029830  100.00%

L2-Total-Hits:         340357962   88.02%
L2-Total-Misses:        46314861   11.98%
L2-Total-Accesses:     386672823  100.00%

