--------
Total Statistics
--------
Total Instructions: 60533957213
Total Cycles: 88653422667
IPC: 0.682816

--------
Two level Cache hierarchy
--------
  L1-Data Cache:
    Size(KB):          32
    Block Size(B):     32
    Associativity:      4

  L2-Data Cache:
    Size(KB):        1024
    Block Size(B):     64
    Associativity:     16

Latencies:    1   15  250
L1-Sets:  256 - LRU - assoc:   4
L2-Sets: 1024 - LRU - assoc:  16
Store_allocation: Yes
L2_inclusive: Yes

L1 Cache Stats:
L1-Load-Hits:       13368667121   95.99%
L1-Load-Misses:       557945765    4.01%
L1-Load-Accesses:   13926612886  100.00%

L1-Store-Hits:        3700047479   99.29%
L1-Store-Misses:        26356179    0.71%
L1-Store-Accesses:    3726403658  100.00%

L1-Total-Hits:       17068714600   96.69%
L1-Total-Misses:       584301944    3.31%
L1-Total-Accesses:   17653016544  100.00%

L2 Cache Stats:
L2-Load-Hits:         552774111   99.07%
L2-Load-Misses:         5171654    0.93%
L2-Load-Accesses:     557945765  100.00%

L2-Store-Hits:          24720154   93.79%
L2-Store-Misses:         1636025    6.21%
L2-Store-Accesses:      26356179  100.00%

L2-Total-Hits:         577494265   98.83%
L2-Total-Misses:         6807679    1.17%
L2-Total-Accesses:     584301944  100.00%

