--------
Total Statistics
--------
Total Instructions: 60533954898
Total Cycles: 87557532165
IPC: 0.691362

--------
Two level Cache hierarchy
--------
  L1-Data Cache:
    Size(KB):          32
    Block Size(B):     32
    Associativity:      4

  L2-Data Cache:
    Size(KB):        2048
    Block Size(B):    256
    Associativity:     16

Latencies:    1   15  250
L1-Sets:  256 - LRU - assoc:   4
L2-Sets:  512 - LRU - assoc:  16
Store_allocation: Yes
L2_inclusive: Yes

L1 Cache Stats:
L1-Load-Hits:       13357904263   95.92%
L1-Load-Misses:       568708211    4.08%
L1-Load-Accesses:   13926612474  100.00%

L1-Store-Hits:        3696461810   99.20%
L1-Store-Misses:        29941848    0.80%
L1-Store-Accesses:    3726403658  100.00%

L1-Total-Hits:       17054366073   96.61%
L1-Total-Misses:       598650059    3.39%
L1-Total-Accesses:   17653016132  100.00%

L2 Cache Stats:
L2-Load-Hits:         567580189   99.80%
L2-Load-Misses:         1128022    0.20%
L2-Load-Accesses:     568708211  100.00%

L2-Store-Hits:          29506629   98.55%
L2-Store-Misses:          435219    1.45%
L2-Store-Accesses:      29941848  100.00%

L2-Total-Hits:         597086818   99.74%
L2-Total-Misses:         1563241    0.26%
L2-Total-Accesses:     598650059  100.00%

