--------
Total Statistics
--------
Total Instructions: 60533954892
Total Cycles: 89251677714
IPC: 0.678239

--------
Two level Cache hierarchy
--------
  L1-Data Cache:
    Size(KB):          32
    Block Size(B):     32
    Associativity:      4

  L2-Data Cache:
    Size(KB):         512
    Block Size(B):     64
    Associativity:      4

Latencies:    1   15  250
L1-Sets:  256 - LRU - assoc:   4
L2-Sets: 2048 - LRU - assoc:   4
Store_allocation: Yes
L2_inclusive: Yes

L1 Cache Stats:
L1-Load-Hits:       13366398702   95.98%
L1-Load-Misses:       560213772    4.02%
L1-Load-Accesses:   13926612474  100.00%

L1-Store-Hits:        3699123084   99.27%
L1-Store-Misses:        27280574    0.73%
L1-Store-Accesses:    3726403658  100.00%

L1-Total-Hits:       17065521786   96.67%
L1-Total-Misses:       587494346    3.33%
L1-Total-Accesses:   17653016132  100.00%

L2 Cache Stats:
L2-Load-Hits:         552880883   98.69%
L2-Load-Misses:         7332889    1.31%
L2-Load-Accesses:     560213772  100.00%

L2-Store-Hits:          25604297   93.86%
L2-Store-Misses:         1676277    6.14%
L2-Store-Accesses:      27280574  100.00%

L2-Total-Hits:         578485180   98.47%
L2-Total-Misses:         9009166    1.53%
L2-Total-Accesses:     587494346  100.00%

