--------
Total Statistics
--------
Total Instructions: 60533954482
Total Cycles: 88680804576
IPC: 0.682605

--------
Two level Cache hierarchy
--------
  L1-Data Cache:
    Size(KB):          32
    Block Size(B):     32
    Associativity:      4

  L2-Data Cache:
    Size(KB):         256
    Block Size(B):    128
    Associativity:      4

Latencies:    1   15  250
L1-Sets:  256 - LRU - assoc:   4
L2-Sets:  512 - LRU - assoc:   4
Store_allocation: Yes
L2_inclusive: Yes

L1 Cache Stats:
L1-Load-Hits:       13364836679   95.97%
L1-Load-Misses:       561775737    4.03%
L1-Load-Accesses:   13926612416  100.00%

L1-Store-Hits:        3698363727   99.25%
L1-Store-Misses:        28039931    0.75%
L1-Store-Accesses:    3726403658  100.00%

L1-Total-Hits:       17063200406   96.66%
L1-Total-Misses:       589815668    3.34%
L1-Total-Accesses:   17653016074  100.00%

L2 Cache Stats:
L2-Load-Hits:         556145007   99.00%
L2-Load-Misses:         5630730    1.00%
L2-Load-Accesses:     561775737  100.00%

L2-Store-Hits:          27084265   96.59%
L2-Store-Misses:          955666    3.41%
L2-Store-Accesses:      28039931  100.00%

L2-Total-Hits:         583229272   98.88%
L2-Total-Misses:         6586396    1.12%
L2-Total-Accesses:     589815668  100.00%

