--------
Total Statistics
--------
Total Instructions: 60533956085
Total Cycles: 87991920221
IPC: 0.687949

--------
Two level Cache hierarchy
--------
  L1-Data Cache:
    Size(KB):          32
    Block Size(B):     32
    Associativity:      4

  L2-Data Cache:
    Size(KB):        1024
    Block Size(B):    128
    Associativity:      8

Latencies:    1   15  250
L1-Sets:  256 - LRU - assoc:   4
L2-Sets: 1024 - LRU - assoc:   8
Store_allocation: Yes
L2_inclusive: Yes

L1 Cache Stats:
L1-Load-Hits:       13360399641   95.93%
L1-Load-Misses:       566213027    4.07%
L1-Load-Accesses:   13926612668  100.00%

L1-Store-Hits:        3700144681   99.30%
L1-Store-Misses:        26258977    0.70%
L1-Store-Accesses:    3726403658  100.00%

L1-Total-Hits:       17060544322   96.64%
L1-Total-Misses:       592472004    3.36%
L1-Total-Accesses:   17653016326  100.00%

L2 Cache Stats:
L2-Load-Hits:         563387049   99.50%
L2-Load-Misses:         2825978    0.50%
L2-Load-Accesses:     566213027  100.00%

L2-Store-Hits:          25413484   96.78%
L2-Store-Misses:          845493    3.22%
L2-Store-Accesses:      26258977  100.00%

L2-Total-Hits:         588800533   99.38%
L2-Total-Misses:         3671471    0.62%
L2-Total-Accesses:     592472004  100.00%

