--------
Total Statistics
--------
Total Instructions: 60533956104
Total Cycles: 87825061203
IPC: 0.689256

--------
Two level Cache hierarchy
--------
  L1-Data Cache:
    Size(KB):          32
    Block Size(B):     32
    Associativity:      4

  L2-Data Cache:
    Size(KB):        2048
    Block Size(B):    128
    Associativity:     16

Latencies:    1   15  250
L1-Sets:  256 - LRU - assoc:   4
L2-Sets: 1024 - LRU - assoc:  16
Store_allocation: Yes
L2_inclusive: Yes

L1 Cache Stats:
L1-Load-Hits:       13360863482   95.94%
L1-Load-Misses:       565749114    4.06%
L1-Load-Accesses:   13926612596  100.00%

L1-Store-Hits:        3699035149   99.27%
L1-Store-Misses:        27368509    0.73%
L1-Store-Accesses:    3726403658  100.00%

L1-Total-Hits:       17059898631   96.64%
L1-Total-Misses:       593117623    3.36%
L1-Total-Accesses:   17653016254  100.00%

L2 Cache Stats:
L2-Load-Hits:         563624200   99.62%
L2-Load-Misses:         2124914    0.38%
L2-Load-Accesses:     565749114  100.00%

L2-Store-Hits:          26528125   96.93%
L2-Store-Misses:          840384    3.07%
L2-Store-Accesses:      27368509  100.00%

L2-Total-Hits:         590152325   99.50%
L2-Total-Misses:         2965298    0.50%
L2-Total-Accesses:     593117623  100.00%

