--------
Total Statistics
--------
Total Instructions: 60533957211
Total Cycles: 88744500935
IPC: 0.682115

--------
Two level Cache hierarchy
--------
  L1-Data Cache:
    Size(KB):          32
    Block Size(B):     32
    Associativity:      4

  L2-Data Cache:
    Size(KB):        1024
    Block Size(B):     64
    Associativity:      8

Latencies:    1   15  250
L1-Sets:  256 - LRU - assoc:   4
L2-Sets: 2048 - LRU - assoc:   8
Store_allocation: Yes
L2_inclusive: Yes

L1 Cache Stats:
L1-Load-Hits:       13365475052   95.97%
L1-Load-Misses:       561137834    4.03%
L1-Load-Accesses:   13926612886  100.00%

L1-Store-Hits:        3699080180   99.27%
L1-Store-Misses:        27323478    0.73%
L1-Store-Accesses:    3726403658  100.00%

L1-Total-Hits:       17064555232   96.67%
L1-Total-Misses:       588461312    3.33%
L1-Total-Accesses:   17653016544  100.00%

L2 Cache Stats:
L2-Load-Hits:         555852224   99.06%
L2-Load-Misses:         5285610    0.94%
L2-Load-Accesses:     561137834  100.00%

L2-Store-Hits:          25686658   94.01%
L2-Store-Misses:         1636820    5.99%
L2-Store-Accesses:      27323478  100.00%

L2-Total-Hits:         581538882   98.82%
L2-Total-Misses:         6922430    1.18%
L2-Total-Accesses:     588461312  100.00%

