--------
Total Statistics
--------
Total Instructions: 60533954482
Total Cycles: 87781916806
IPC: 0.689595

--------
Two level Cache hierarchy
--------
  L1-Data Cache:
    Size(KB):          32
    Block Size(B):     32
    Associativity:      4

  L2-Data Cache:
    Size(KB):         512
    Block Size(B):    256
    Associativity:      4

Latencies:    1   15  250
L1-Sets:  256 - LRU - assoc:   4
L2-Sets:  512 - LRU - assoc:   4
Store_allocation: Yes
L2_inclusive: Yes

L1 Cache Stats:
L1-Load-Hits:       13359462460   95.93%
L1-Load-Misses:       567149956    4.07%
L1-Load-Accesses:   13926612416  100.00%

L1-Store-Hits:        3699365214   99.27%
L1-Store-Misses:        27038444    0.73%
L1-Store-Accesses:    3726403658  100.00%

L1-Total-Hits:       17058827674   96.63%
L1-Total-Misses:       594188400    3.37%
L1-Total-Accesses:   17653016074  100.00%

L2 Cache Stats:
L2-Load-Hits:         564900369   99.60%
L2-Load-Misses:         2249587    0.40%
L2-Load-Accesses:     567149956  100.00%

L2-Store-Hits:          26559550   98.23%
L2-Store-Misses:          478894    1.77%
L2-Store-Accesses:      27038444  100.00%

L2-Total-Hits:         591459919   99.54%
L2-Total-Misses:         2728481    0.46%
L2-Total-Accesses:     594188400  100.00%

