--------
Total Statistics
--------
Total Instructions: 60533956110
Total Cycles: 87500721859
IPC: 0.691811

--------
Two level Cache hierarchy
--------
  L1-Data Cache:
    Size(KB):          32
    Block Size(B):     32
    Associativity:      4

  L2-Data Cache:
    Size(KB):        1024
    Block Size(B):    256
    Associativity:     16

Latencies:    1   15  250
L1-Sets:  256 - LRU - assoc:   4
L2-Sets:  256 - LRU - assoc:  16
Store_allocation: Yes
L2_inclusive: Yes

L1 Cache Stats:
L1-Load-Hits:       13366021401   95.97%
L1-Load-Misses:       560591195    4.03%
L1-Load-Accesses:   13926612596  100.00%

L1-Store-Hits:        3698526820   99.25%
L1-Store-Misses:        27876838    0.75%
L1-Store-Accesses:    3726403658  100.00%

L1-Total-Hits:       17064548221   96.67%
L1-Total-Misses:       588468033    3.33%
L1-Total-Accesses:   17653016254  100.00%

L2 Cache Stats:
L2-Load-Hits:         559082347   99.73%
L2-Load-Misses:         1508848    0.27%
L2-Load-Accesses:     560591195  100.00%

L2-Store-Hits:          27438770   98.43%
L2-Store-Misses:          438068    1.57%
L2-Store-Accesses:      27876838  100.00%

L2-Total-Hits:         586521117   99.67%
L2-Total-Misses:         1946916    0.33%
L2-Total-Accesses:     588468033  100.00%

