--------
Total Statistics
--------
Total Instructions: 60533955477
Total Cycles: 87741727421
IPC: 0.689911

--------
Two level Cache hierarchy
--------
  L1-Data Cache:
    Size(KB):          32
    Block Size(B):     32
    Associativity:      4

  L2-Data Cache:
    Size(KB):         512
    Block Size(B):    256
    Associativity:     16

Latencies:    1   15  250
L1-Sets:  256 - LRU - assoc:   4
L2-Sets:  128 - LRU - assoc:  16
Store_allocation: Yes
L2_inclusive: Yes

L1 Cache Stats:
L1-Load-Hits:       13361982531   95.95%
L1-Load-Misses:       564630065    4.05%
L1-Load-Accesses:   13926612596  100.00%

L1-Store-Hits:        3698576777   99.25%
L1-Store-Misses:        27826881    0.75%
L1-Store-Accesses:    3726403658  100.00%

L1-Total-Hits:       17060559308   96.64%
L1-Total-Misses:       592456946    3.36%
L1-Total-Accesses:   17653016254  100.00%

L2 Cache Stats:
L2-Load-Hits:         562432047   99.61%
L2-Load-Misses:         2198018    0.39%
L2-Load-Accesses:     564630065  100.00%

L2-Store-Hits:          27353293   98.30%
L2-Store-Misses:          473588    1.70%
L2-Store-Accesses:      27826881  100.00%

L2-Total-Hits:         589785340   99.55%
L2-Total-Misses:         2671606    0.45%
L2-Total-Accesses:     592456946  100.00%

