--------
Total Statistics
--------
Total Instructions: 60533956085
Total Cycles: 88313399366
IPC: 0.685445

--------
Two level Cache hierarchy
--------
  L1-Data Cache:
    Size(KB):          32
    Block Size(B):     32
    Associativity:      4

  L2-Data Cache:
    Size(KB):         512
    Block Size(B):    128
    Associativity:      8

Latencies:    1   15  250
L1-Sets:  256 - LRU - assoc:   4
L2-Sets:  512 - LRU - assoc:   8
Store_allocation: Yes
L2_inclusive: Yes

L1 Cache Stats:
L1-Load-Hits:       13360279021   95.93%
L1-Load-Misses:       566333647    4.07%
L1-Load-Accesses:   13926612668  100.00%

L1-Store-Hits:        3698974408   99.26%
L1-Store-Misses:        27429250    0.74%
L1-Store-Accesses:    3726403658  100.00%

L1-Total-Hits:       17059253429   96.64%
L1-Total-Misses:       593762897    3.36%
L1-Total-Accesses:   17653016326  100.00%

L2 Cache Stats:
L2-Load-Hits:         562334412   99.29%
L2-Load-Misses:         3999235    0.71%
L2-Load-Accesses:     566333647  100.00%

L2-Store-Hits:          26548551   96.79%
L2-Store-Misses:          880699    3.21%
L2-Store-Accesses:      27429250  100.00%

L2-Total-Hits:         588882963   99.18%
L2-Total-Misses:         4879934    0.82%
L2-Total-Accesses:     593762897  100.00%

