--------
Total Statistics
--------
Total Instructions: 60533954482
Total Cycles: 89966877881
IPC: 0.672847

--------
Two level Cache hierarchy
--------
  L1-Data Cache:
    Size(KB):          32
    Block Size(B):     32
    Associativity:      4

  L2-Data Cache:
    Size(KB):         256
    Block Size(B):     64
    Associativity:      4

Latencies:    1   15  250
L1-Sets:  256 - LRU - assoc:   4
L2-Sets: 1024 - LRU - assoc:   4
Store_allocation: Yes
L2_inclusive: Yes

L1 Cache Stats:
L1-Load-Hits:       13359360152   95.93%
L1-Load-Misses:       567252264    4.07%
L1-Load-Accesses:   13926612416  100.00%

L1-Store-Hits:        3697556467   99.23%
L1-Store-Misses:        28847191    0.77%
L1-Store-Accesses:    3726403658  100.00%

L1-Total-Hits:       17056916619   96.62%
L1-Total-Misses:       596099455    3.38%
L1-Total-Accesses:   17653016074  100.00%

L2 Cache Stats:
L2-Load-Hits:         557638491   98.31%
L2-Load-Misses:         9613773    1.69%
L2-Load-Accesses:     567252264  100.00%

L2-Store-Hits:          27107302   93.97%
L2-Store-Misses:         1739889    6.03%
L2-Store-Accesses:      28847191  100.00%

L2-Total-Hits:         584745793   98.10%
L2-Total-Misses:        11353662    1.90%
L2-Total-Accesses:     596099455  100.00%

