--------
Total Statistics
--------
Total Instructions: 60533957217
Total Cycles: 88161983111
IPC: 0.686622

--------
Two level Cache hierarchy
--------
  L1-Data Cache:
    Size(KB):          32
    Block Size(B):     32
    Associativity:      4

  L2-Data Cache:
    Size(KB):         256
    Block Size(B):    256
    Associativity:      4

Latencies:    1   15  250
L1-Sets:  256 - LRU - assoc:   4
L2-Sets:  256 - LRU - assoc:   4
Store_allocation: Yes
L2_inclusive: Yes

L1 Cache Stats:
L1-Load-Hits:       13357407807   95.91%
L1-Load-Misses:       569205079    4.09%
L1-Load-Accesses:   13926612886  100.00%

L1-Store-Hits:        3696030247   99.18%
L1-Store-Misses:        30373411    0.82%
L1-Store-Accesses:    3726403658  100.00%

L1-Total-Hits:       17053438054   96.60%
L1-Total-Misses:       599578490    3.40%
L1-Total-Accesses:   17653016544  100.00%

L2 Cache Stats:
L2-Load-Hits:         565796200   99.40%
L2-Load-Misses:         3408879    0.60%
L2-Load-Accesses:     569205079  100.00%

L2-Store-Hits:          29856962   98.30%
L2-Store-Misses:          516449    1.70%
L2-Store-Accesses:      30373411  100.00%

L2-Total-Hits:         595653162   99.35%
L2-Total-Misses:         3925328    0.65%
L2-Total-Accesses:     599578490  100.00%

