--------
Total Statistics
--------
Total Instructions: 60533956087
Total Cycles: 88368863248
IPC: 0.685015

--------
Two level Cache hierarchy
--------
  L1-Data Cache:
    Size(KB):          32
    Block Size(B):     32
    Associativity:      4

  L2-Data Cache:
    Size(KB):        2048
    Block Size(B):     64
    Associativity:     16

Latencies:    1   15  250
L1-Sets:  256 - LRU - assoc:   4
L2-Sets: 2048 - LRU - assoc:  16
Store_allocation: Yes
L2_inclusive: Yes

L1 Cache Stats:
L1-Load-Hits:       13367271133   95.98%
L1-Load-Misses:       559341535    4.02%
L1-Load-Accesses:   13926612668  100.00%

L1-Store-Hits:        3701227054   99.32%
L1-Store-Misses:        25176604    0.68%
L1-Store-Accesses:    3726403658  100.00%

L1-Total-Hits:       17068498187   96.69%
L1-Total-Misses:       584518139    3.31%
L1-Total-Accesses:   17653016326  100.00%

L2 Cache Stats:
L2-Load-Hits:         555315659   99.28%
L2-Load-Misses:         4025876    0.72%
L2-Load-Accesses:     559341535  100.00%

L2-Store-Hits:          23546005   93.52%
L2-Store-Misses:         1630599    6.48%
L2-Store-Accesses:      25176604  100.00%

L2-Total-Hits:         578861664   99.03%
L2-Total-Misses:         5656475    0.97%
L2-Total-Accesses:     584518139  100.00%

