--------
Total Statistics
--------
Total Instructions: 7436145012
Total Cycles: 31018579170
IPC: 0.239732

--------
Two level Cache hierarchy
--------
  L1-Data Cache:
    Size(KB):          32
    Block Size(B):     32
    Associativity:      4

  L2-Data Cache:
    Size(KB):         256
    Block Size(B):    256
    Associativity:      4

Latencies:    1   15  250
L1-Sets:  256 - LRU - assoc:   4
L2-Sets:  256 - LRU - assoc:   4
Store_allocation: Yes
L2_inclusive: Yes

L1 Cache Stats:
L1-Load-Hits:        1814343202   83.37%
L1-Load-Misses:       361820944   16.63%
L1-Load-Accesses:    2176164146  100.00%

L1-Store-Hits:         437437586   94.58%
L1-Store-Misses:        25053751    5.42%
L1-Store-Accesses:     462491337  100.00%

L1-Total-Hits:        2251780788   85.34%
L1-Total-Misses:       386874695   14.66%
L1-Total-Accesses:    2638655483  100.00%

L2 Cache Stats:
L2-Load-Hits:         304791328   84.24%
L2-Load-Misses:        57029616   15.76%
L2-Load-Accesses:     361820944  100.00%

L2-Store-Hits:          21520734   85.90%
L2-Store-Misses:         3533017   14.10%
L2-Store-Accesses:      25053751  100.00%

L2-Total-Hits:         326312062   84.35%
L2-Total-Misses:        60562633   15.65%
L2-Total-Accesses:     386874695  100.00%

