--------
Total Statistics
--------
Total Instructions: 7441010733
Total Cycles: 27440680995
IPC: 0.271167

--------
Two level Cache hierarchy
--------
  L1-Data Cache:
    Size(KB):          32
    Block Size(B):     32
    Associativity:      4

  L2-Data Cache:
    Size(KB):        1024
    Block Size(B):    256
    Associativity:     16

Latencies:    1   15  250
L1-Sets:  256 - LRU - assoc:   4
L2-Sets:  256 - LRU - assoc:  16
Store_allocation: Yes
L2_inclusive: Yes

L1 Cache Stats:
L1-Load-Hits:        1815675134   83.40%
L1-Load-Misses:       361510391   16.60%
L1-Load-Accesses:    2177185525  100.00%

L1-Store-Hits:         437457118   94.59%
L1-Store-Misses:        25034219    5.41%
L1-Store-Accesses:     462491337  100.00%

L1-Total-Hits:        2253132252   85.36%
L1-Total-Misses:       386544610   14.64%
L1-Total-Accesses:    2639676862  100.00%

L2 Cache Stats:
L2-Load-Hits:         318459367   88.09%
L2-Load-Misses:        43051024   11.91%
L2-Load-Accesses:     361510391  100.00%

L2-Store-Hits:          21837946   87.23%
L2-Store-Misses:         3196273   12.77%
L2-Store-Accesses:      25034219  100.00%

L2-Total-Hits:         340297313   88.04%
L2-Total-Misses:        46247297   11.96%
L2-Total-Accesses:     386544610  100.00%

