--------
Total Statistics
--------
Total Instructions: 7444643811
Total Cycles: 40652576442
IPC: 0.183128

--------
Two level Cache hierarchy
--------
  L1-Data Cache:
    Size(KB):          32
    Block Size(B):     32
    Associativity:      4

  L2-Data Cache:
    Size(KB):         512
    Block Size(B):    128
    Associativity:     16

Latencies:    1   15  250
L1-Sets:  256 - LRU - assoc:   4
L2-Sets:  256 - LRU - assoc:  16
Store_allocation: Yes
L2_inclusive: Yes

L1 Cache Stats:
L1-Load-Hits:        1816316372   83.39%
L1-Load-Misses:       361694827   16.61%
L1-Load-Accesses:    2178011199  100.00%

L1-Store-Hits:         437735559   94.59%
L1-Store-Misses:        25036373    5.41%
L1-Store-Accesses:     462771932  100.00%

L1-Total-Hits:        2254051931   85.36%
L1-Total-Misses:       386731200   14.64%
L1-Total-Accesses:    2640783131  100.00%

L2 Cache Stats:
L2-Load-Hits:         269033954   74.38%
L2-Load-Misses:        92660873   25.62%
L2-Load-Accesses:     361694827  100.00%

L2-Store-Hits:          18632520   74.42%
L2-Store-Misses:         6403853   25.58%
L2-Store-Accesses:      25036373  100.00%

L2-Total-Hits:         287666474   74.38%
L2-Total-Misses:        99064726   25.62%
L2-Total-Accesses:     386731200  100.00%

