--------
Total Statistics
--------
Total Instructions: 7446382852
Total Cycles: 37893801314
IPC: 0.196507

--------
Two level Cache hierarchy
--------
  L1-Data Cache:
    Size(KB):          32
    Block Size(B):     32
    Associativity:      4

  L2-Data Cache:
    Size(KB):        1024
    Block Size(B):    128
    Associativity:     16

Latencies:    1   15  250
L1-Sets:  256 - LRU - assoc:   4
L2-Sets:  512 - LRU - assoc:  16
Store_allocation: Yes
L2_inclusive: Yes

L1 Cache Stats:
L1-Load-Hits:        1816511377   83.40%
L1-Load-Misses:       361488933   16.60%
L1-Load-Accesses:    2178000310  100.00%

L1-Store-Hits:         437414695   94.59%
L1-Store-Misses:        25018232    5.41%
L1-Store-Accesses:     462432927  100.00%

L1-Total-Hits:        2253926072   85.36%
L1-Total-Misses:       386507165   14.64%
L1-Total-Accesses:    2640433237  100.00%

L2 Cache Stats:
L2-Load-Hits:         279559169   77.34%
L2-Load-Misses:        81929764   22.66%
L2-Load-Accesses:     361488933  100.00%

L2-Store-Hits:          18910485   75.59%
L2-Store-Misses:         6107747   24.41%
L2-Store-Accesses:      25018232  100.00%

L2-Total-Hits:         298469654   77.22%
L2-Total-Misses:        88037511   22.78%
L2-Total-Accesses:     386507165  100.00%

