--------
Total Statistics
--------
Total Instructions: 7438248339
Total Cycles: 27462206116
IPC: 0.270854

--------
Two level Cache hierarchy
--------
  L1-Data Cache:
    Size(KB):          32
    Block Size(B):     32
    Associativity:      4

  L2-Data Cache:
    Size(KB):        1024
    Block Size(B):    256
    Associativity:      8

Latencies:    1   15  250
L1-Sets:  256 - LRU - assoc:   4
L2-Sets:  512 - LRU - assoc:   8
Store_allocation: Yes
L2_inclusive: Yes

L1 Cache Stats:
L1-Load-Hits:        1814798490   83.38%
L1-Load-Misses:       361657830   16.62%
L1-Load-Accesses:    2176456320  100.00%

L1-Store-Hits:         437737627   94.59%
L1-Store-Misses:        25034305    5.41%
L1-Store-Accesses:     462771932  100.00%

L1-Total-Hits:        2252536117   85.35%
L1-Total-Misses:       386692135   14.65%
L1-Total-Accesses:    2639228252  100.00%

L2 Cache Stats:
L2-Load-Hits:         318519763   88.07%
L2-Load-Misses:        43138067   11.93%
L2-Load-Accesses:     361657830  100.00%

L2-Store-Hits:          21834982   87.22%
L2-Store-Misses:         3199323   12.78%
L2-Store-Accesses:      25034305  100.00%

L2-Total-Hits:         340354745   88.02%
L2-Total-Misses:        46337390   11.98%
L2-Total-Accesses:     386692135  100.00%

