--------
Total Statistics
--------
Total Instructions: 7434244862
Total Cycles: 53412669072
IPC: 0.139185

--------
Two level Cache hierarchy
--------
  L1-Data Cache:
    Size(KB):          32
    Block Size(B):     32
    Associativity:      4

  L2-Data Cache:
    Size(KB):        2048
    Block Size(B):     64
    Associativity:     16

Latencies:    1   15  250
L1-Sets:  256 - LRU - assoc:   4
L2-Sets: 2048 - LRU - assoc:  16
Store_allocation: Yes
L2_inclusive: Yes

L1 Cache Stats:
L1-Load-Hits:        1814323700   83.39%
L1-Load-Misses:       361471548   16.61%
L1-Load-Accesses:    2175795248  100.00%

L1-Store-Hits:         437412806   94.59%
L1-Store-Misses:        25020121    5.41%
L1-Store-Accesses:     462432927  100.00%

L1-Total-Hits:        2251736506   85.35%
L1-Total-Misses:       386491669   14.65%
L1-Total-Accesses:    2638228175  100.00%

L2 Cache Stats:
L2-Load-Hits:         221720135   61.34%
L2-Load-Misses:       139751413   38.66%
L2-Load-Accesses:     361471548  100.00%

L2-Store-Hits:          14600250   58.35%
L2-Store-Misses:        10419871   41.65%
L2-Store-Accesses:      25020121  100.00%

L2-Total-Hits:         236320385   61.15%
L2-Total-Misses:       150171284   38.85%
L2-Total-Accesses:     386491669  100.00%

