--------
Total Statistics
--------
Total Instructions: 7440527400
Total Cycles: 26303639209
IPC: 0.282871

--------
Two level Cache hierarchy
--------
  L1-Data Cache:
    Size(KB):          32
    Block Size(B):     32
    Associativity:      4

  L2-Data Cache:
    Size(KB):        2048
    Block Size(B):    256
    Associativity:     16

Latencies:    1   15  250
L1-Sets:  256 - LRU - assoc:   4
L2-Sets:  512 - LRU - assoc:  16
Store_allocation: Yes
L2_inclusive: Yes

L1 Cache Stats:
L1-Load-Hits:        1815015108   83.39%
L1-Load-Misses:       361611089   16.61%
L1-Load-Accesses:    2176626197  100.00%

L1-Store-Hits:         437739459   94.59%
L1-Store-Misses:        25032473    5.41%
L1-Store-Accesses:     462771932  100.00%

L1-Total-Hits:        2252754567   85.35%
L1-Total-Misses:       386643562   14.65%
L1-Total-Accesses:    2639398129  100.00%

L2 Cache Stats:
L2-Load-Hits:         322710713   89.24%
L2-Load-Misses:        38900376   10.76%
L2-Load-Accesses:     361611089  100.00%

L2-Store-Hits:          22236608   88.83%
L2-Store-Misses:         2795865   11.17%
L2-Store-Accesses:      25032473  100.00%

L2-Total-Hits:         344947321   89.22%
L2-Total-Misses:        41696241   10.78%
L2-Total-Accesses:     386643562  100.00%

