--------
Total Statistics
--------
Total Instructions: 18199704597
Total Cycles: 321741132554
IPC: 0.0565663

--------
Two level Cache hierarchy
--------
  L1-Data Cache:
    Size(KB):          32
    Block Size(B):     32
    Associativity:      4

  L2-Data Cache:
    Size(KB):        1024
    Block Size(B):    256
    Associativity:      8

Latencies:    1   10  200
L1-Sets:  256 - LFU - assoc:   4
L2-Sets:  512 - LFU - assoc:   8
Store_allocation: Yes
L2_inclusive: Yes

L1 Cache Stats:
L1-Load-Hits:        2997039270   47.18%
L1-Load-Misses:      3355941720   52.82%
L1-Load-Accesses:    6352980990  100.00%

L1-Store-Hits:        1786155790   94.97%
L1-Store-Misses:        94641907    5.03%
L1-Store-Accesses:    1880797697  100.00%

L1-Total-Hits:        4783195060   58.09%
L1-Total-Misses:      3450583627   41.91%
L1-Total-Accesses:    8233778687  100.00%

L2 Cache Stats:
L2-Load-Hits:        2066309382   61.57%
L2-Load-Misses:      1289632338   38.43%
L2-Load-Accesses:    3355941720  100.00%

L2-Store-Hits:          80265180   84.81%
L2-Store-Misses:        14376727   15.19%
L2-Store-Accesses:      94641907  100.00%

L2-Total-Hits:        2146574562   62.21%
L2-Total-Misses:      1304009065   37.79%
L2-Total-Accesses:    3450583627  100.00%

