--------
Total Statistics
--------
Total Instructions: 18199704597
Total Cycles: 319037561874
IPC: 0.0570456

--------
Two level Cache hierarchy
--------
  L1-Data Cache:
    Size(KB):          32
    Block Size(B):     32
    Associativity:      4

  L2-Data Cache:
    Size(KB):        2048
    Block Size(B):    256
    Associativity:     16

Latencies:    1   10  200
L1-Sets:  256 - LFU - assoc:   4
L2-Sets:  512 - LFU - assoc:  16
Store_allocation: Yes
L2_inclusive: Yes

L1 Cache Stats:
L1-Load-Hits:        3048697726   47.99%
L1-Load-Misses:      3304283264   52.01%
L1-Load-Accesses:    6352980990  100.00%

L1-Store-Hits:        1788650642   95.10%
L1-Store-Misses:        92147055    4.90%
L1-Store-Accesses:    1880797697  100.00%

L1-Total-Hits:        4837348368   58.75%
L1-Total-Misses:      3396430319   41.25%
L1-Total-Accesses:    8233778687  100.00%

L2 Cache Stats:
L2-Load-Hits:        2024544225   61.27%
L2-Load-Misses:      1279739039   38.73%
L2-Load-Accesses:    3304283264  100.00%

L2-Store-Hits:          78687217   85.39%
L2-Store-Misses:        13459838   14.61%
L2-Store-Accesses:      92147055  100.00%

L2-Total-Hits:        2103231442   61.92%
L2-Total-Misses:      1293198877   38.08%
L2-Total-Accesses:    3396430319  100.00%

