--------
Total Statistics
--------
Total Instructions: 18199704597
Total Cycles: 210289025134
IPC: 0.0865461

--------
Two level Cache hierarchy
--------
  L1-Data Cache:
    Size(KB):          32
    Block Size(B):     32
    Associativity:      4

  L2-Data Cache:
    Size(KB):        1024
    Block Size(B):    256
    Associativity:      8

Latencies:    1   10  200
L1-Sets:  256 - LRU - assoc:   4
L2-Sets:  512 - LRU - assoc:   8
Store_allocation: Yes
L2_inclusive: Yes

L1 Cache Stats:
L1-Load-Hits:        3249890446   51.16%
L1-Load-Misses:      3103090544   48.84%
L1-Load-Accesses:    6352980990  100.00%

L1-Store-Hits:        1809130656   96.19%
L1-Store-Misses:        71667041    3.81%
L1-Store-Accesses:    1880797697  100.00%

L1-Total-Hits:        5059021102   61.44%
L1-Total-Misses:      3174757585   38.56%
L1-Total-Accesses:    8233778687  100.00%

L2 Cache Stats:
L2-Load-Hits:        2351312923   75.77%
L2-Load-Misses:       751777621   24.23%
L2-Load-Accesses:    3103090544  100.00%

L2-Store-Hits:          62904832   87.77%
L2-Store-Misses:         8762209   12.23%
L2-Store-Accesses:      71667041  100.00%

L2-Total-Hits:        2414217755   76.04%
L2-Total-Misses:       760539830   23.96%
L2-Total-Accesses:    3174757585  100.00%

