--------
Total Statistics
--------
Total Instructions: 18199704597
Total Cycles: 330672629024
IPC: 0.0550384

--------
Two level Cache hierarchy
--------
  L1-Data Cache:
    Size(KB):          32
    Block Size(B):     32
    Associativity:      4

  L2-Data Cache:
    Size(KB):        2048
    Block Size(B):    256
    Associativity:     16

Latencies:    1   10  200
L1-Sets:  256 - MRU - assoc:   4
L2-Sets:  512 - MRU - assoc:  16
Store_allocation: Yes
L2_inclusive: Yes

L1 Cache Stats:
L1-Load-Hits:        2970983416   46.77%
L1-Load-Misses:      3381997574   53.23%
L1-Load-Accesses:    6352980990  100.00%

L1-Store-Hits:        1772373477   94.24%
L1-Store-Misses:       108424220    5.76%
L1-Store-Accesses:    1880797697  100.00%

L1-Total-Hits:        4743356893   57.61%
L1-Total-Misses:      3490421794   42.39%
L1-Total-Accesses:    8233778687  100.00%

L2 Cache Stats:
L2-Load-Hits:        2051846435   60.67%
L2-Load-Misses:      1330151139   39.33%
L2-Load-Accesses:    3381997574  100.00%

L2-Store-Hits:          91900720   84.76%
L2-Store-Misses:        16523500   15.24%
L2-Store-Accesses:     108424220  100.00%

L2-Total-Hits:        2143747155   61.42%
L2-Total-Misses:      1346674639   38.58%
L2-Total-Accesses:    3490421794  100.00%

