--------
Total Statistics
--------
Total Instructions: 18199704597
Total Cycles: 321314042584
IPC: 0.0566415

--------
Two level Cache hierarchy
--------
  L1-Data Cache:
    Size(KB):          32
    Block Size(B):     32
    Associativity:      4

  L2-Data Cache:
    Size(KB):        1024
    Block Size(B):    256
    Associativity:      8

Latencies:    1   10  200
L1-Sets:  256 - LFU - assoc:   4
L2-Sets:  512 - LFU - assoc:   8
Store_allocation: Yes
L2_inclusive: Yes

L1 Cache Stats:
L1-Load-Hits:        3060248857   48.17%
L1-Load-Misses:      3292732133   51.83%
L1-Load-Accesses:    6352980990  100.00%

L1-Store-Hits:        1794809400   95.43%
L1-Store-Misses:        85988297    4.57%
L1-Store-Accesses:    1880797697  100.00%

L1-Total-Hits:        4855058257   58.97%
L1-Total-Misses:      3378720430   41.03%
L1-Total-Accesses:    8233778687  100.00%

L2 Cache Stats:
L2-Load-Hits:        2000904540   60.77%
L2-Load-Misses:      1291827593   39.23%
L2-Load-Accesses:    3292732133  100.00%

L2-Store-Hits:          72349115   84.14%
L2-Store-Misses:        13639182   15.86%
L2-Store-Accesses:      85988297  100.00%

L2-Total-Hits:        2073253655   61.36%
L2-Total-Misses:      1305466775   38.64%
L2-Total-Accesses:    3378720430  100.00%

