--------
Total Statistics
--------
Total Instructions: 18199704597
Total Cycles: 238546701754
IPC: 0.0762941

--------
Two level Cache hierarchy
--------
  L1-Data Cache:
    Size(KB):          32
    Block Size(B):     32
    Associativity:      4

  L2-Data Cache:
    Size(KB):         512
    Block Size(B):    256
    Associativity:     16

Latencies:    1   10  200
L1-Sets:  256 - LRU - assoc:   4
L2-Sets:  128 - LRU - assoc:  16
Store_allocation: Yes
L2_inclusive: Yes

L1 Cache Stats:
L1-Load-Hits:        3249305762   51.15%
L1-Load-Misses:      3103675228   48.85%
L1-Load-Accesses:    6352980990  100.00%

L1-Store-Hits:        1809476898   96.21%
L1-Store-Misses:        71320799    3.79%
L1-Store-Accesses:    1880797697  100.00%

L1-Total-Hits:        5058782660   61.44%
L1-Total-Misses:      3174996027   38.56%
L1-Total-Accesses:    8233778687  100.00%

L2 Cache Stats:
L2-Load-Hits:        2211006001   71.24%
L2-Load-Misses:       892669227   28.76%
L2-Load-Accesses:    3103675228  100.00%

L2-Store-Hits:          62173735   87.17%
L2-Store-Misses:         9147064   12.83%
L2-Store-Accesses:      71320799  100.00%

L2-Total-Hits:        2273179736   71.60%
L2-Total-Misses:       901816291   28.40%
L2-Total-Accesses:    3174996027  100.00%

