--------
Total Statistics
--------
Total Instructions: 18199704597
Total Cycles: 332507491024
IPC: 0.0547347

--------
Two level Cache hierarchy
--------
  L1-Data Cache:
    Size(KB):          32
    Block Size(B):     32
    Associativity:      4

  L2-Data Cache:
    Size(KB):        1024
    Block Size(B):    256
    Associativity:      8

Latencies:    1   10  200
L1-Sets:  256 - MRU - assoc:   4
L2-Sets:  512 - MRU - assoc:   8
Store_allocation: Yes
L2_inclusive: Yes

L1 Cache Stats:
L1-Load-Hits:        2977716578   46.87%
L1-Load-Misses:      3375264412   53.13%
L1-Load-Accesses:    6352980990  100.00%

L1-Store-Hits:        1773737555   94.31%
L1-Store-Misses:       107060142    5.69%
L1-Store-Accesses:    1880797697  100.00%

L1-Total-Hits:        4751454133   57.71%
L1-Total-Misses:      3482324554   42.29%
L1-Total-Accesses:    8233778687  100.00%

L2 Cache Stats:
L2-Load-Hits:        2035736802   60.31%
L2-Load-Misses:      1339527610   39.69%
L2-Load-Accesses:    3375264412  100.00%

L2-Store-Hits:          90333941   84.38%
L2-Store-Misses:        16726201   15.62%
L2-Store-Accesses:     107060142  100.00%

L2-Total-Hits:        2126070743   61.05%
L2-Total-Misses:      1356253811   38.95%
L2-Total-Accesses:    3482324554  100.00%

