--------
Total Statistics
--------
Total Instructions: 18199704597
Total Cycles: 318293504804
IPC: 0.057179

--------
Two level Cache hierarchy
--------
  L1-Data Cache:
    Size(KB):          32
    Block Size(B):     32
    Associativity:      4

  L2-Data Cache:
    Size(KB):        2048
    Block Size(B):    256
    Associativity:     16

Latencies:    1   10  200
L1-Sets:  256 - LFU - assoc:   4
L2-Sets:  512 - LFU - assoc:  16
Store_allocation: Yes
L2_inclusive: Yes

L1 Cache Stats:
L1-Load-Hits:        3040994390   47.87%
L1-Load-Misses:      3311986600   52.13%
L1-Load-Accesses:    6352980990  100.00%

L1-Store-Hits:        1792141845   95.29%
L1-Store-Misses:        88655852    4.71%
L1-Store-Accesses:    1880797697  100.00%

L1-Total-Hits:        4833136235   58.70%
L1-Total-Misses:      3400642452   41.30%
L1-Total-Accesses:    8233778687  100.00%

L2 Cache Stats:
L2-Load-Hits:        2035655013   61.46%
L2-Load-Misses:      1276331587   38.54%
L2-Load-Accesses:    3311986600  100.00%

L2-Store-Hits:          75719454   85.41%
L2-Store-Misses:        12936398   14.59%
L2-Store-Accesses:      88655852  100.00%

L2-Total-Hits:        2111374467   62.09%
L2-Total-Misses:      1289267985   37.91%
L2-Total-Accesses:    3400642452  100.00%

