--------
Total Statistics
--------
Total Instructions: 18199704597
Total Cycles: 368805189174
IPC: 0.0493477

--------
Two level Cache hierarchy
--------
  L1-Data Cache:
    Size(KB):          32
    Block Size(B):     32
    Associativity:      4

  L2-Data Cache:
    Size(KB):         512
    Block Size(B):    256
    Associativity:     16

Latencies:    1   10  200
L1-Sets:  256 - LFU - assoc:   4
L2-Sets:  128 - LFU - assoc:  16
Store_allocation: Yes
L2_inclusive: Yes

L1 Cache Stats:
L1-Load-Hits:        2980050177   46.91%
L1-Load-Misses:      3372930813   53.09%
L1-Load-Accesses:    6352980990  100.00%

L1-Store-Hits:        1773616681   94.30%
L1-Store-Misses:       107181016    5.70%
L1-Store-Accesses:    1880797697  100.00%

L1-Total-Hits:        4753666858   57.73%
L1-Total-Misses:      3480111829   42.27%
L1-Total-Accesses:    8233778687  100.00%

L2 Cache Stats:
L2-Load-Hits:        1862920631   55.23%
L2-Load-Misses:      1510010182   44.77%
L2-Load-Accesses:    3372930813  100.00%

L2-Store-Hits:          79338260   74.02%
L2-Store-Misses:        27842756   25.98%
L2-Store-Accesses:     107181016  100.00%

L2-Total-Hits:        1942258891   55.81%
L2-Total-Misses:      1537852938   44.19%
L2-Total-Accesses:    3480111829  100.00%

