--------
Total Statistics
--------
Total Instructions: 18199704597
Total Cycles: 351448633834
IPC: 0.0517848

--------
Two level Cache hierarchy
--------
  L1-Data Cache:
    Size(KB):          32
    Block Size(B):     32
    Associativity:      4

  L2-Data Cache:
    Size(KB):        1024
    Block Size(B):    256
    Associativity:     16

Latencies:    1   10  200
L1-Sets:  256 - LFU - assoc:   4
L2-Sets:  256 - LFU - assoc:  16
Store_allocation: Yes
L2_inclusive: Yes

L1 Cache Stats:
L1-Load-Hits:        3038848563   47.83%
L1-Load-Misses:      3314132427   52.17%
L1-Load-Accesses:    6352980990  100.00%

L1-Store-Hits:        1781604449   94.73%
L1-Store-Misses:        99193248    5.27%
L1-Store-Accesses:    1880797697  100.00%

L1-Total-Hits:        4820453012   58.54%
L1-Total-Misses:      3413325675   41.46%
L1-Total-Accesses:    8233778687  100.00%

L2 Cache Stats:
L2-Load-Hits:        1881119903   56.76%
L2-Load-Misses:      1433012524   43.24%
L2-Load-Accesses:    3314132427  100.00%

L2-Store-Hits:          77796303   78.43%
L2-Store-Misses:        21396945   21.57%
L2-Store-Accesses:      99193248  100.00%

L2-Total-Hits:        1958916206   57.39%
L2-Total-Misses:      1454409469   42.61%
L2-Total-Accesses:    3413325675  100.00%

