--------
Total Statistics
--------
Total Instructions: 18199704597
Total Cycles: 353559850954
IPC: 0.0514756

--------
Two level Cache hierarchy
--------
  L1-Data Cache:
    Size(KB):          32
    Block Size(B):     32
    Associativity:      4

  L2-Data Cache:
    Size(KB):        1024
    Block Size(B):    256
    Associativity:     16

Latencies:    1   10  200
L1-Sets:  256 - MRU - assoc:   4
L2-Sets:  256 - MRU - assoc:  16
Store_allocation: Yes
L2_inclusive: Yes

L1 Cache Stats:
L1-Load-Hits:        2957036052   46.55%
L1-Load-Misses:      3395944938   53.45%
L1-Load-Accesses:    6352980990  100.00%

L1-Store-Hits:        1772734608   94.25%
L1-Store-Misses:       108063089    5.75%
L1-Store-Accesses:    1880797697  100.00%

L1-Total-Hits:        4729770660   57.44%
L1-Total-Misses:      3504008027   42.56%
L1-Total-Accesses:    8233778687  100.00%

L2 Cache Stats:
L2-Load-Hits:        1956757934   57.62%
L2-Load-Misses:      1439187004   42.38%
L2-Load-Accesses:    3395944938  100.00%

L2-Store-Hits:          86818656   80.34%
L2-Store-Misses:        21244433   19.66%
L2-Store-Accesses:     108063089  100.00%

L2-Total-Hits:        2043576590   58.32%
L2-Total-Misses:      1460431437   41.68%
L2-Total-Accesses:    3504008027  100.00%

