--------
Total Statistics
--------
Total Instructions: 18199704597
Total Cycles: 351038855324
IPC: 0.0518453

--------
Two level Cache hierarchy
--------
  L1-Data Cache:
    Size(KB):          32
    Block Size(B):     32
    Associativity:      4

  L2-Data Cache:
    Size(KB):        1024
    Block Size(B):    256
    Associativity:     16

Latencies:    1   10  200
L1-Sets:  256 - LFU - assoc:   4
L2-Sets:  256 - LFU - assoc:  16
Store_allocation: Yes
L2_inclusive: Yes

L1 Cache Stats:
L1-Load-Hits:        3034147966   47.76%
L1-Load-Misses:      3318833024   52.24%
L1-Load-Accesses:    6352980990  100.00%

L1-Store-Hits:        1783690997   94.84%
L1-Store-Misses:        97106700    5.16%
L1-Store-Accesses:    1880797697  100.00%

L1-Total-Hits:        4817838963   58.51%
L1-Total-Misses:      3415939724   41.49%
L1-Total-Accesses:    8233778687  100.00%

L2 Cache Stats:
L2-Load-Hits:        1887524228   56.87%
L2-Load-Misses:      1431308796   43.13%
L2-Load-Accesses:    3318833024  100.00%

L2-Store-Hits:          76185622   78.46%
L2-Store-Misses:        20921078   21.54%
L2-Store-Accesses:      97106700  100.00%

L2-Total-Hits:        1963709850   57.49%
L2-Total-Misses:      1452229874   42.51%
L2-Total-Accesses:    3415939724  100.00%

