--------
Total Statistics
--------
Total Instructions: 18199704597
Total Cycles: 351274065114
IPC: 0.0518106

--------
Two level Cache hierarchy
--------
  L1-Data Cache:
    Size(KB):          32
    Block Size(B):     32
    Associativity:      4

  L2-Data Cache:
    Size(KB):        1024
    Block Size(B):    256
    Associativity:     16

Latencies:    1   10  200
L1-Sets:  256 - LFU - assoc:   4
L2-Sets:  256 - LFU - assoc:  16
Store_allocation: Yes
L2_inclusive: Yes

L1 Cache Stats:
L1-Load-Hits:        3029892712   47.69%
L1-Load-Misses:      3323088278   52.31%
L1-Load-Accesses:    6352980990  100.00%

L1-Store-Hits:        1783745752   94.84%
L1-Store-Misses:        97051945    5.16%
L1-Store-Accesses:    1880797697  100.00%

L1-Total-Hits:        4813638464   58.46%
L1-Total-Misses:      3420140223   41.54%
L1-Total-Accesses:    8233778687  100.00%

L2 Cache Stats:
L2-Load-Hits:        1890049245   56.88%
L2-Load-Misses:      1433039033   43.12%
L2-Load-Accesses:    3323088278  100.00%

L2-Store-Hits:          76895080   79.23%
L2-Store-Misses:        20156865   20.77%
L2-Store-Accesses:      97051945  100.00%

L2-Total-Hits:        1966944325   57.51%
L2-Total-Misses:      1453195898   42.49%
L2-Total-Accesses:    3420140223  100.00%

