--------
Total Statistics
--------
Total Instructions: 18199704597
Total Cycles: 323295071994
IPC: 0.0562944

--------
Two level Cache hierarchy
--------
  L1-Data Cache:
    Size(KB):          32
    Block Size(B):     32
    Associativity:      4

  L2-Data Cache:
    Size(KB):        1024
    Block Size(B):    256
    Associativity:      8

Latencies:    1   10  200
L1-Sets:  256 - LFU - assoc:   4
L2-Sets:  512 - LFU - assoc:   8
Store_allocation: Yes
L2_inclusive: Yes

L1 Cache Stats:
L1-Load-Hits:        3048712120   47.99%
L1-Load-Misses:      3304268870   52.01%
L1-Load-Accesses:    6352980990  100.00%

L1-Store-Hits:        1784615316   94.89%
L1-Store-Misses:        96182381    5.11%
L1-Store-Accesses:    1880797697  100.00%

L1-Total-Hits:        4833327436   58.70%
L1-Total-Misses:      3400451251   41.30%
L1-Total-Accesses:    8233778687  100.00%

L2 Cache Stats:
L2-Load-Hits:        2004664292   60.67%
L2-Load-Misses:      1299604578   39.33%
L2-Load-Accesses:    3304268870  100.00%

L2-Store-Hits:          81501578   84.74%
L2-Store-Misses:        14680803   15.26%
L2-Store-Accesses:      96182381  100.00%

L2-Total-Hits:        2086165870   61.35%
L2-Total-Misses:      1314285381   38.65%
L2-Total-Accesses:    3400451251  100.00%

