--------
Total Statistics
--------
Total Instructions: 18199704597
Total Cycles: 319302195084
IPC: 0.0569984

--------
Two level Cache hierarchy
--------
  L1-Data Cache:
    Size(KB):          32
    Block Size(B):     32
    Associativity:      4

  L2-Data Cache:
    Size(KB):        2048
    Block Size(B):    256
    Associativity:     16

Latencies:    1   10  200
L1-Sets:  256 - LFU - assoc:   4
L2-Sets:  512 - LFU - assoc:  16
Store_allocation: Yes
L2_inclusive: Yes

L1 Cache Stats:
L1-Load-Hits:        3047529434   47.97%
L1-Load-Misses:      3305451556   52.03%
L1-Load-Accesses:    6352980990  100.00%

L1-Store-Hits:        1786397993   94.98%
L1-Store-Misses:        94399704    5.02%
L1-Store-Accesses:    1880797697  100.00%

L1-Total-Hits:        4833927427   58.71%
L1-Total-Misses:      3399851260   41.29%
L1-Total-Accesses:    8233778687  100.00%

L2 Cache Stats:
L2-Load-Hits:        2025179241   61.27%
L2-Load-Misses:      1280272315   38.73%
L2-Load-Accesses:    3305451556  100.00%

L2-Store-Hits:          80321023   85.09%
L2-Store-Misses:        14078681   14.91%
L2-Store-Accesses:      94399704  100.00%

L2-Total-Hits:        2105500264   61.93%
L2-Total-Misses:      1294350996   38.07%
L2-Total-Accesses:    3399851260  100.00%

