--------
Total Statistics
--------
Total Instructions: 18199704597
Total Cycles: 370742492424
IPC: 0.0490899

--------
Two level Cache hierarchy
--------
  L1-Data Cache:
    Size(KB):          32
    Block Size(B):     32
    Associativity:      4

  L2-Data Cache:
    Size(KB):         512
    Block Size(B):    256
    Associativity:     16

Latencies:    1   10  200
L1-Sets:  256 - LFU - assoc:   4
L2-Sets:  128 - LFU - assoc:  16
Store_allocation: Yes
L2_inclusive: Yes

L1 Cache Stats:
L1-Load-Hits:        2956785848   46.54%
L1-Load-Misses:      3396195142   53.46%
L1-Load-Accesses:    6352980990  100.00%

L1-Store-Hits:        1780256325   94.65%
L1-Store-Misses:       100541372    5.35%
L1-Store-Accesses:    1880797697  100.00%

L1-Total-Hits:        4737042173   57.53%
L1-Total-Misses:      3496736514   42.47%
L1-Total-Accesses:    8233778687  100.00%

L2 Cache Stats:
L2-Load-Hits:        1874288456   55.19%
L2-Load-Misses:      1521906686   44.81%
L2-Load-Accesses:    3396195142  100.00%

L2-Store-Hits:          75739838   75.33%
L2-Store-Misses:        24801534   24.67%
L2-Store-Accesses:     100541372  100.00%

L2-Total-Hits:        1950028294   55.77%
L2-Total-Misses:      1546708220   44.23%
L2-Total-Accesses:    3496736514  100.00%

