--------
Total Statistics
--------
Total Instructions: 18199704597
Total Cycles: 332726556534
IPC: 0.0546987

--------
Two level Cache hierarchy
--------
  L1-Data Cache:
    Size(KB):          32
    Block Size(B):     32
    Associativity:      4

  L2-Data Cache:
    Size(KB):        1024
    Block Size(B):    256
    Associativity:      8

Latencies:    1   10  200
L1-Sets:  256 - MRU - assoc:   4
L2-Sets:  512 - MRU - assoc:   8
Store_allocation: Yes
L2_inclusive: Yes

L1 Cache Stats:
L1-Load-Hits:        2974845811   46.83%
L1-Load-Misses:      3378135179   53.17%
L1-Load-Accesses:    6352980990  100.00%

L1-Store-Hits:        1773877291   94.32%
L1-Store-Misses:       106920406    5.68%
L1-Store-Accesses:    1880797697  100.00%

L1-Total-Hits:        4748723102   57.67%
L1-Total-Misses:      3485055585   42.33%
L1-Total-Accesses:    8233778687  100.00%

L2 Cache Stats:
L2-Load-Hits:        2037684305   60.32%
L2-Load-Misses:      1340450874   39.68%
L2-Load-Accesses:    3378135179  100.00%

L2-Store-Hits:          90158693   84.32%
L2-Store-Misses:        16761713   15.68%
L2-Store-Accesses:     106920406  100.00%

L2-Total-Hits:        2127842998   61.06%
L2-Total-Misses:      1357212587   38.94%
L2-Total-Accesses:    3485055585  100.00%

