--------
Total Statistics
--------
Total Instructions: 18199704597
Total Cycles: 371260323764
IPC: 0.0490214

--------
Two level Cache hierarchy
--------
  L1-Data Cache:
    Size(KB):          32
    Block Size(B):     32
    Associativity:      4

  L2-Data Cache:
    Size(KB):         512
    Block Size(B):    256
    Associativity:     16

Latencies:    1   10  200
L1-Sets:  256 - MRU - assoc:   4
L2-Sets:  128 - MRU - assoc:  16
Store_allocation: Yes
L2_inclusive: Yes

L1 Cache Stats:
L1-Load-Hits:        2910909973   45.82%
L1-Load-Misses:      3442071017   54.18%
L1-Load-Accesses:    6352980990  100.00%

L1-Store-Hits:        1765242586   93.86%
L1-Store-Misses:       115555111    6.14%
L1-Store-Accesses:    1880797697  100.00%

L1-Total-Hits:        4676152559   56.79%
L1-Total-Misses:      3557626128   43.21%
L1-Total-Accesses:    8233778687  100.00%

L2 Cache Stats:
L2-Load-Hits:        1923703236   55.89%
L2-Load-Misses:      1518367781   44.11%
L2-Load-Accesses:    3442071017  100.00%

L2-Store-Hits:          87669996   75.87%
L2-Store-Misses:        27885115   24.13%
L2-Store-Accesses:     115555111  100.00%

L2-Total-Hits:        2011373232   56.54%
L2-Total-Misses:      1546252896   43.46%
L2-Total-Accesses:    3557626128  100.00%

