--------
Total Statistics
--------
Total Instructions: 18199704597
Total Cycles: 176366417354
IPC: 0.103193

--------
Two level Cache hierarchy
--------
  L1-Data Cache:
    Size(KB):          32
    Block Size(B):     32
    Associativity:      4

  L2-Data Cache:
    Size(KB):        2048
    Block Size(B):    256
    Associativity:     16

Latencies:    1   10  200
L1-Sets:  256 - LRU - assoc:   4
L2-Sets:  512 - LRU - assoc:  16
Store_allocation: Yes
L2_inclusive: Yes

L1 Cache Stats:
L1-Load-Hits:        3250116527   51.16%
L1-Load-Misses:      3102864463   48.84%
L1-Load-Accesses:    6352980990  100.00%

L1-Store-Hits:        1809028253   96.18%
L1-Store-Misses:        71769444    3.82%
L1-Store-Accesses:    1880797697  100.00%

L1-Total-Hits:        5059144780   61.44%
L1-Total-Misses:      3174633907   38.56%
L1-Total-Accesses:    8233778687  100.00%

L2 Cache Stats:
L2-Load-Hits:        2520251683   81.22%
L2-Load-Misses:       582612780   18.78%
L2-Load-Accesses:    3102864463  100.00%

L2-Store-Hits:          63449249   88.41%
L2-Store-Misses:         8320195   11.59%
L2-Store-Accesses:      71769444  100.00%

L2-Total-Hits:        2583700932   81.39%
L2-Total-Misses:       590932975   18.61%
L2-Total-Accesses:    3174633907  100.00%


