--------
Total Statistics
--------
Total Instructions: 18199704597
Total Cycles: 371269940154
IPC: 0.0490201

--------
Two level Cache hierarchy
--------
  L1-Data Cache:
    Size(KB):          32
    Block Size(B):     32
    Associativity:      4

  L2-Data Cache:
    Size(KB):         512
    Block Size(B):    256
    Associativity:     16

Latencies:    1   10  200
L1-Sets:  256 - MRU - assoc:   4
L2-Sets:  128 - MRU - assoc:  16
Store_allocation: Yes
L2_inclusive: Yes

L1 Cache Stats:
L1-Load-Hits:        2917388240   45.92%
L1-Load-Misses:      3435592750   54.08%
L1-Load-Accesses:    6352980990  100.00%

L1-Store-Hits:        1766397180   93.92%
L1-Store-Misses:       114400517    6.08%
L1-Store-Accesses:    1880797697  100.00%

L1-Total-Hits:        4683785420   56.89%
L1-Total-Misses:      3549993267   43.11%
L1-Total-Accesses:    8233778687  100.00%

L2 Cache Stats:
L2-Load-Hits:        1916915247   55.80%
L2-Load-Misses:      1518677503   44.20%
L2-Load-Accesses:    3435592750  100.00%

L2-Store-Hits:          86395399   75.52%
L2-Store-Misses:        28005118   24.48%
L2-Store-Accesses:     114400517  100.00%

L2-Total-Hits:        2003310646   56.43%
L2-Total-Misses:      1546682621   43.57%
L2-Total-Accesses:    3549993267  100.00%

