--------
Total Statistics
--------
Total Instructions: 18199704597
Total Cycles: 330644178074
IPC: 0.0550432

--------
Two level Cache hierarchy
--------
  L1-Data Cache:
    Size(KB):          32
    Block Size(B):     32
    Associativity:      4

  L2-Data Cache:
    Size(KB):        2048
    Block Size(B):    256
    Associativity:     16

Latencies:    1   10  200
L1-Sets:  256 - MRU - assoc:   4
L2-Sets:  512 - MRU - assoc:  16
Store_allocation: Yes
L2_inclusive: Yes

L1 Cache Stats:
L1-Load-Hits:        2970144469   46.75%
L1-Load-Misses:      3382836521   53.25%
L1-Load-Accesses:    6352980990  100.00%

L1-Store-Hits:        1773375779   94.29%
L1-Store-Misses:       107421918    5.71%
L1-Store-Accesses:    1880797697  100.00%

L1-Total-Hits:        4743520248   57.61%
L1-Total-Misses:      3490258439   42.39%
L1-Total-Accesses:    8233778687  100.00%

L2 Cache Stats:
L2-Load-Hits:        2052789954   60.68%
L2-Load-Misses:      1330046567   39.32%
L2-Load-Accesses:    3382836521  100.00%

L2-Store-Hits:          90927933   84.65%
L2-Store-Misses:        16493985   15.35%
L2-Store-Accesses:     107421918  100.00%

L2-Total-Hits:        2143717887   61.42%
L2-Total-Misses:      1346540552   38.58%
L2-Total-Accesses:    3490258439  100.00%

