--------
Total Statistics
--------
Total Instructions: 18199704597
Total Cycles: 368586279264
IPC: 0.0493771

--------
Two level Cache hierarchy
--------
  L1-Data Cache:
    Size(KB):          32
    Block Size(B):     32
    Associativity:      4

  L2-Data Cache:
    Size(KB):         512
    Block Size(B):    256
    Associativity:     16

Latencies:    1   10  200
L1-Sets:  256 - LFU - assoc:   4
L2-Sets:  128 - LFU - assoc:  16
Store_allocation: Yes
L2_inclusive: Yes

L1 Cache Stats:
L1-Load-Hits:        2978402536   46.88%
L1-Load-Misses:      3374578454   53.12%
L1-Load-Accesses:    6352980990  100.00%

L1-Store-Hits:        1776835013   94.47%
L1-Store-Misses:       103962684    5.53%
L1-Store-Accesses:    1880797697  100.00%

L1-Total-Hits:        4755237549   57.75%
L1-Total-Misses:      3478541138   42.25%
L1-Total-Accesses:    8233778687  100.00%

L2 Cache Stats:
L2-Load-Hits:        1863007337   55.21%
L2-Load-Misses:      1511571117   44.79%
L2-Load-Accesses:    3374578454  100.00%

L2-Store-Hits:          78696878   75.70%
L2-Store-Misses:        25265806   24.30%
L2-Store-Accesses:     103962684  100.00%

L2-Total-Hits:        1941704215   55.82%
L2-Total-Misses:      1536836923   44.18%
L2-Total-Accesses:    3478541138  100.00%

