--------
Total Statistics
--------
Total Instructions: 18199704597
Total Cycles: 353668213204
IPC: 0.0514598

--------
Two level Cache hierarchy
--------
  L1-Data Cache:
    Size(KB):          32
    Block Size(B):     32
    Associativity:      4

  L2-Data Cache:
    Size(KB):        1024
    Block Size(B):    256
    Associativity:     16

Latencies:    1   10  200
L1-Sets:  256 - MRU - assoc:   4
L2-Sets:  256 - MRU - assoc:  16
Store_allocation: Yes
L2_inclusive: Yes

L1 Cache Stats:
L1-Load-Hits:        2951668082   46.46%
L1-Load-Misses:      3401312908   53.54%
L1-Load-Accesses:    6352980990  100.00%

L1-Store-Hits:        1770298253   94.12%
L1-Store-Misses:       110499444    5.88%
L1-Store-Accesses:    1880797697  100.00%

L1-Total-Hits:        4721966335   57.35%
L1-Total-Misses:      3511812352   42.65%
L1-Total-Accesses:    8233778687  100.00%

L2 Cache Stats:
L2-Load-Hits:        1961980217   57.68%
L2-Load-Misses:      1439332691   42.32%
L2-Load-Accesses:    3401312908  100.00%

L2-Store-Hits:          89249103   80.77%
L2-Store-Misses:        21250341   19.23%
L2-Store-Accesses:     110499444  100.00%

L2-Total-Hits:        2051229320   58.41%
L2-Total-Misses:      1460583032   41.59%
L2-Total-Accesses:    3511812352  100.00%

