--------
Total Statistics
--------
Total Instructions: 3184120288
Total Cycles: 6647634367
IPC: 0.478985

--------
Two level Cache hierarchy
--------
  L1-Data Cache:
    Size(KB):          32
    Block Size(B):     32
    Associativity:      4

  L2-Data Cache:
    Size(KB):         512
    Block Size(B):    256
    Associativity:     16

Latencies:    1   10  200
L1-Sets:  256 - LRU - assoc:   4
L2-Sets:  128 - LRU - assoc:  16
Store_allocation: Yes
L2_inclusive: Yes

L1 Cache Stats:
L1-Load-Hits:         719548417   95.01%
L1-Load-Misses:        37818618    4.99%
L1-Load-Accesses:     757367035  100.00%

L1-Store-Hits:         444066238   93.83%
L1-Store-Misses:        29187966    6.17%
L1-Store-Accesses:     473254204  100.00%

L1-Total-Hits:        1163614655   94.56%
L1-Total-Misses:        67006584    5.44%
L1-Total-Accesses:    1230621239  100.00%

L2 Cache Stats:
L2-Load-Hits:          30645320   81.03%
L2-Load-Misses:         7173298   18.97%
L2-Load-Accesses:      37818618  100.00%

L2-Store-Hits:          28547129   97.80%
L2-Store-Misses:          640837    2.20%
L2-Store-Accesses:      29187966  100.00%

L2-Total-Hits:          59192449   88.34%
L2-Total-Misses:         7814135   11.66%
L2-Total-Accesses:      67006584  100.00%

