--------
Total Statistics
--------
Total Instructions: 3184052011
Total Cycles: 10101298069
IPC: 0.315212

--------
Two level Cache hierarchy
--------
  L1-Data Cache:
    Size(KB):          32
    Block Size(B):     32
    Associativity:      4

  L2-Data Cache:
    Size(KB):        2048
    Block Size(B):    256
    Associativity:     16

Latencies:    1   10  200
L1-Sets:  256 - MRU - assoc:   4
L2-Sets:  512 - MRU - assoc:  16
Store_allocation: Yes
L2_inclusive: Yes

L1 Cache Stats:
L1-Load-Hits:         677907999   89.51%
L1-Load-Misses:        79453556   10.49%
L1-Load-Accesses:     757361555  100.00%

L1-Store-Hits:         415959882   87.90%
L1-Store-Misses:        57273551   12.10%
L1-Store-Accesses:     473233433  100.00%

L1-Total-Hits:        1093867881   88.89%
L1-Total-Misses:       136727107   11.11%
L1-Total-Accesses:    1230594988  100.00%

L2 Cache Stats:
L2-Load-Hits:          61199127   77.03%
L2-Load-Misses:        18254429   22.97%
L2-Load-Accesses:      79453556  100.00%

L2-Store-Hits:          53931080   94.16%
L2-Store-Misses:         3342471    5.84%
L2-Store-Accesses:      57273551  100.00%

L2-Total-Hits:         115130207   84.20%
L2-Total-Misses:        21596900   15.80%
L2-Total-Accesses:     136727107  100.00%

