--------
Total Statistics
--------
Total Instructions: 3184034925
Total Cycles: 9791908261
IPC: 0.32517

--------
Two level Cache hierarchy
--------
  L1-Data Cache:
    Size(KB):          32
    Block Size(B):     32
    Associativity:      4

  L2-Data Cache:
    Size(KB):         512
    Block Size(B):    256
    Associativity:     16

Latencies:    1   10  200
L1-Sets:  256 - LFU - assoc:   4
L2-Sets:  128 - LFU - assoc:  16
Store_allocation: Yes
L2_inclusive: Yes

L1 Cache Stats:
L1-Load-Hits:         698694631   92.25%
L1-Load-Misses:        58660662    7.75%
L1-Load-Accesses:     757355293  100.00%

L1-Store-Hits:         423464267   89.48%
L1-Store-Misses:        49778196   10.52%
L1-Store-Accesses:     473242463  100.00%

L1-Total-Hits:        1122158898   91.19%
L1-Total-Misses:       108438858    8.81%
L1-Total-Accesses:    1230597756  100.00%

L2 Cache Stats:
L2-Load-Hits:          41206021   70.24%
L2-Load-Misses:        17454641   29.76%
L2-Load-Accesses:      58660662  100.00%

L2-Store-Hits:          45768402   91.94%
L2-Store-Misses:         4009794    8.06%
L2-Store-Accesses:      49778196  100.00%

L2-Total-Hits:          86974423   80.21%
L2-Total-Misses:        21464435   19.79%
L2-Total-Accesses:     108438858  100.00%

