--------
Total Statistics
--------
Total Instructions: 3184070005
Total Cycles: 7414586986
IPC: 0.429433

--------
Two level Cache hierarchy
--------
  L1-Data Cache:
    Size(KB):          32
    Block Size(B):     32
    Associativity:      4

  L2-Data Cache:
    Size(KB):        2048
    Block Size(B):    256
    Associativity:     16

Latencies:    1   10  200
L1-Sets:  256 - LFU - assoc:   4
L2-Sets:  512 - LFU - assoc:  16
Store_allocation: Yes
L2_inclusive: Yes

L1 Cache Stats:
L1-Load-Hits:         702366959   92.74%
L1-Load-Misses:        54999517    7.26%
L1-Load-Accesses:     757366476  100.00%

L1-Store-Hits:         424034798   89.60%
L1-Store-Misses:        49201067   10.40%
L1-Store-Accesses:     473235865  100.00%

L1-Total-Hits:        1126401757   91.53%
L1-Total-Misses:       104200584    8.47%
L1-Total-Accesses:    1230602341  100.00%

L2 Cache Stats:
L2-Load-Hits:          46210140   84.02%
L2-Load-Misses:         8789377   15.98%
L2-Load-Accesses:      54999517  100.00%

L2-Store-Hits:          48200900   97.97%
L2-Store-Misses:         1000167    2.03%
L2-Store-Accesses:      49201067  100.00%

L2-Total-Hits:          94411040   90.61%
L2-Total-Misses:         9789544    9.39%
L2-Total-Accesses:     104200584  100.00%

