--------
Total Statistics
--------
Total Instructions: 3184013591
Total Cycles: 7826356085
IPC: 0.406832

--------
Two level Cache hierarchy
--------
  L1-Data Cache:
    Size(KB):          32
    Block Size(B):     32
    Associativity:      4

  L2-Data Cache:
    Size(KB):        1024
    Block Size(B):    256
    Associativity:      8

Latencies:    1   10  200
L1-Sets:  256 - LFU - assoc:   4
L2-Sets:  512 - LFU - assoc:   8
Store_allocation: Yes
L2_inclusive: Yes

L1 Cache Stats:
L1-Load-Hits:         702265516   92.73%
L1-Load-Misses:        55089279    7.27%
L1-Load-Accesses:     757354795  100.00%

L1-Store-Hits:         423693880   89.53%
L1-Store-Misses:        49541439   10.47%
L1-Store-Accesses:     473235319  100.00%

L1-Total-Hits:        1125959396   91.50%
L1-Total-Misses:       104630718    8.50%
L1-Total-Accesses:    1230590114  100.00%

L2 Cache Stats:
L2-Load-Hits:          44623921   81.00%
L2-Load-Misses:        10465358   19.00%
L2-Load-Accesses:      55089279  100.00%

L2-Store-Hits:          48179571   97.25%
L2-Store-Misses:         1361868    2.75%
L2-Store-Accesses:      49541439  100.00%

L2-Total-Hits:          92803492   88.70%
L2-Total-Misses:        11827226   11.30%
L2-Total-Accesses:     104630718  100.00%

