--------
Total Statistics
--------
Total Instructions: 3184159763
Total Cycles: 7400948049
IPC: 0.430237

--------
Two level Cache hierarchy
--------
  L1-Data Cache:
    Size(KB):          32
    Block Size(B):     32
    Associativity:      4

  L2-Data Cache:
    Size(KB):        2048
    Block Size(B):    256
    Associativity:     16

Latencies:    1   10  200
L1-Sets:  256 - LFU - assoc:   4
L2-Sets:  512 - LFU - assoc:  16
Store_allocation: Yes
L2_inclusive: Yes

L1 Cache Stats:
L1-Load-Hits:         702354124   92.73%
L1-Load-Misses:        55037193    7.27%
L1-Load-Accesses:     757391317  100.00%

L1-Store-Hits:         424382368   89.67%
L1-Store-Misses:        48863061   10.33%
L1-Store-Accesses:     473245429  100.00%

L1-Total-Hits:        1126736492   91.56%
L1-Total-Misses:       103900254    8.44%
L1-Total-Accesses:    1230636746  100.00%

L2 Cache Stats:
L2-Load-Hits:          46281573   84.09%
L2-Load-Misses:         8755620   15.91%
L2-Load-Accesses:      55037193  100.00%

L2-Store-Hits:          47882936   97.99%
L2-Store-Misses:          980125    2.01%
L2-Store-Accesses:      48863061  100.00%

L2-Total-Hits:          94164509   90.63%
L2-Total-Misses:         9735745    9.37%
L2-Total-Accesses:     103900254  100.00%

