--------
Total Statistics
--------
Total Instructions: 3184412465
Total Cycles: 12018518061
IPC: 0.264959

--------
Two level Cache hierarchy
--------
  L1-Data Cache:
    Size(KB):          32
    Block Size(B):     32
    Associativity:      4

  L2-Data Cache:
    Size(KB):        1024
    Block Size(B):    256
    Associativity:     16

Latencies:    1   10  200
L1-Sets:  256 - MRU - assoc:   4
L2-Sets:  256 - MRU - assoc:  16
Store_allocation: Yes
L2_inclusive: Yes

L1 Cache Stats:
L1-Load-Hits:         673099468   88.87%
L1-Load-Misses:        84338629   11.13%
L1-Load-Accesses:     757438097  100.00%

L1-Store-Hits:         414876583   87.66%
L1-Store-Misses:        58409966   12.34%
L1-Store-Accesses:     473286549  100.00%

L1-Total-Hits:        1087976051   88.40%
L1-Total-Misses:       142748595   11.60%
L1-Total-Accesses:    1230724646  100.00%

L2 Cache Stats:
L2-Load-Hits:          58176340   68.98%
L2-Load-Misses:        26162289   31.02%
L2-Load-Accesses:      84338629  100.00%

L2-Store-Hits:          53692780   91.92%
L2-Store-Misses:         4717186    8.08%
L2-Store-Accesses:      58409966  100.00%

L2-Total-Hits:         111869120   78.37%
L2-Total-Misses:        30879475   21.63%
L2-Total-Accesses:     142748595  100.00%

