--------
Total Statistics
--------
Total Instructions: 3183995391
Total Cycles: 7830323492
IPC: 0.406624

--------
Two level Cache hierarchy
--------
  L1-Data Cache:
    Size(KB):          32
    Block Size(B):     32
    Associativity:      4

  L2-Data Cache:
    Size(KB):        1024
    Block Size(B):    256
    Associativity:      8

Latencies:    1   10  200
L1-Sets:  256 - LFU - assoc:   4
L2-Sets:  512 - LFU - assoc:   8
Store_allocation: Yes
L2_inclusive: Yes

L1 Cache Stats:
L1-Load-Hits:         703133417   92.84%
L1-Load-Misses:        54215853    7.16%
L1-Load-Accesses:     757349270  100.00%

L1-Store-Hits:         423731289   89.54%
L1-Store-Misses:        49496692   10.46%
L1-Store-Accesses:     473227981  100.00%

L1-Total-Hits:        1126864706   91.57%
L1-Total-Misses:       103712545    8.43%
L1-Total-Accesses:    1230577251  100.00%

L2 Cache Stats:
L2-Load-Hits:          43688453   80.58%
L2-Load-Misses:        10527400   19.42%
L2-Load-Accesses:      54215853  100.00%

L2-Store-Hits:          48130965   97.24%
L2-Store-Misses:         1365727    2.76%
L2-Store-Accesses:      49496692  100.00%

L2-Total-Hits:          91819418   88.53%
L2-Total-Misses:        11893127   11.47%
L2-Total-Accesses:     103712545  100.00%

