--------
Total Statistics
--------
Total Instructions: 3184033299
Total Cycles: 9799016173
IPC: 0.324934

--------
Two level Cache hierarchy
--------
  L1-Data Cache:
    Size(KB):          32
    Block Size(B):     32
    Associativity:      4

  L2-Data Cache:
    Size(KB):         512
    Block Size(B):    256
    Associativity:     16

Latencies:    1   10  200
L1-Sets:  256 - LFU - assoc:   4
L2-Sets:  128 - LFU - assoc:  16
Store_allocation: Yes
L2_inclusive: Yes

L1 Cache Stats:
L1-Load-Hits:         699539142   92.37%
L1-Load-Misses:        57820254    7.63%
L1-Load-Accesses:     757359396  100.00%

L1-Store-Hits:         423483356   89.48%
L1-Store-Misses:        49764562   10.52%
L1-Store-Accesses:     473247918  100.00%

L1-Total-Hits:        1123022498   91.26%
L1-Total-Misses:       107584816    8.74%
L1-Total-Accesses:    1230607314  100.00%

L2 Cache Stats:
L2-Load-Hits:          40351756   69.79%
L2-Load-Misses:        17468498   30.21%
L2-Load-Accesses:      57820254  100.00%

L2-Store-Hits:          45690423   91.81%
L2-Store-Misses:         4074139    8.19%
L2-Store-Accesses:      49764562  100.00%

L2-Total-Hits:          86042179   79.98%
L2-Total-Misses:        21542637   20.02%
L2-Total-Accesses:     107584816  100.00%

