--------
Total Statistics
--------
Total Instructions: 3184297449
Total Cycles: 6268797305
IPC: 0.50796

--------
Two level Cache hierarchy
--------
  L1-Data Cache:
    Size(KB):          32
    Block Size(B):     32
    Associativity:      4

  L2-Data Cache:
    Size(KB):        1024
    Block Size(B):    256
    Associativity:     16

Latencies:    1   10  200
L1-Sets:  256 - LRU - assoc:   4
L2-Sets:  256 - LRU - assoc:  16
Store_allocation: Yes
L2_inclusive: Yes

L1 Cache Stats:
L1-Load-Hits:         719547414   95.00%
L1-Load-Misses:        37868416    5.00%
L1-Load-Accesses:     757415830  100.00%

L1-Store-Hits:         443310101   93.67%
L1-Store-Misses:        29940415    6.33%
L1-Store-Accesses:     473250516  100.00%

L1-Total-Hits:        1162857515   94.49%
L1-Total-Misses:        67808831    5.51%
L1-Total-Accesses:    1230666346  100.00%

L2 Cache Stats:
L2-Load-Hits:          32520558   85.88%
L2-Load-Misses:         5347858   14.12%
L2-Load-Accesses:      37868416  100.00%

L2-Store-Hits:          29409547   98.23%
L2-Store-Misses:          530868    1.77%
L2-Store-Accesses:      29940415  100.00%

L2-Total-Hits:          61930105   91.33%
L2-Total-Misses:         5878726    8.67%
L2-Total-Accesses:      67808831  100.00%

