--------
Total Statistics
--------
Total Instructions: 38323372715
Total Cycles: 184646875704
IPC: 0.20755

--------
Two level Cache hierarchy
--------
  L1-Data Cache:
    Size(KB):          32
    Block Size(B):     32
    Associativity:      4

  L2-Data Cache:
    Size(KB):        2048
    Block Size(B):    128
    Associativity:     16

Latencies:    1   15  250
L1-Sets:  256 - LRU - assoc:   4
L2-Sets: 1024 - LRU - assoc:  16
Store_allocation: Yes
L2_inclusive: Yes

L1 Cache Stats:
L1-Load-Hits:        8617871440   89.24%
L1-Load-Misses:      1038680413   10.76%
L1-Load-Accesses:    9656551853  100.00%

L1-Store-Hits:        3213884003   90.17%
L1-Store-Misses:       350271918    9.83%
L1-Store-Accesses:    3564155921  100.00%

L1-Total-Hits:       11831755443   89.49%
L1-Total-Misses:      1388952331   10.51%
L1-Total-Accesses:   13220707774  100.00%

L2 Cache Stats:
L2-Load-Hits:         677205128   65.20%
L2-Load-Misses:       361475285   34.80%
L2-Load-Accesses:    1038680413  100.00%

L2-Store-Hits:         262673162   74.99%
L2-Store-Misses:        87598756   25.01%
L2-Store-Accesses:     350271918  100.00%

L2-Total-Hits:         939878290   67.67%
L2-Total-Misses:       449074041   32.33%
L2-Total-Accesses:    1388952331  100.00%

