--------
Total Statistics
--------
Total Instructions: 38323372715
Total Cycles: 155818353054
IPC: 0.245949

--------
Two level Cache hierarchy
--------
  L1-Data Cache:
    Size(KB):          32
    Block Size(B):     32
    Associativity:      4

  L2-Data Cache:
    Size(KB):        2048
    Block Size(B):    256
    Associativity:     16

Latencies:    1   15  250
L1-Sets:  256 - LRU - assoc:   4
L2-Sets:  512 - LRU - assoc:  16
Store_allocation: Yes
L2_inclusive: Yes

L1 Cache Stats:
L1-Load-Hits:        8617417616   89.24%
L1-Load-Misses:      1039134237   10.76%
L1-Load-Accesses:    9656551853  100.00%

L1-Store-Hits:        3213834937   90.17%
L1-Store-Misses:       350320984    9.83%
L1-Store-Accesses:    3564155921  100.00%

L1-Total-Hits:       11831252553   89.49%
L1-Total-Misses:      1389455221   10.51%
L1-Total-Accesses:   13220707774  100.00%

L2 Cache Stats:
L2-Load-Hits:         766605391   73.77%
L2-Load-Misses:       272528846   26.23%
L2-Load-Accesses:    1039134237  100.00%

L2-Store-Hits:         289120053   82.53%
L2-Store-Misses:        61200931   17.47%
L2-Store-Accesses:     350320984  100.00%

L2-Total-Hits:        1055725444   75.98%
L2-Total-Misses:       333729777   24.02%
L2-Total-Accesses:    1389455221  100.00%

