--------
Total Statistics
--------
Total Instructions: 38323372715
Total Cycles: 250378259959
IPC: 0.153062

--------
Two level Cache hierarchy
--------
  L1-Data Cache:
    Size(KB):          32
    Block Size(B):     32
    Associativity:      4

  L2-Data Cache:
    Size(KB):        2048
    Block Size(B):     64
    Associativity:     16

Latencies:    1   15  250
L1-Sets:  256 - LRU - assoc:   4
L2-Sets: 2048 - LRU - assoc:  16
Store_allocation: Yes
L2_inclusive: Yes

L1 Cache Stats:
L1-Load-Hits:        8617501912   89.24%
L1-Load-Misses:      1039049941   10.76%
L1-Load-Accesses:    9656551853  100.00%

L1-Store-Hits:        3213902764   90.17%
L1-Store-Misses:       350253157    9.83%
L1-Store-Accesses:    3564155921  100.00%

L1-Total-Hits:       11831404676   89.49%
L1-Total-Misses:      1389303098   10.51%
L1-Total-Accesses:   13220707774  100.00%

L2 Cache Stats:
L2-Load-Hits:         483913421   46.57%
L2-Load-Misses:       555136520   53.43%
L2-Load-Accesses:    1039049941  100.00%

L2-Store-Hits:         193411145   55.22%
L2-Store-Misses:       156842012   44.78%
L2-Store-Accesses:     350253157  100.00%

L2-Total-Hits:         677324566   48.75%
L2-Total-Misses:       711978532   51.25%
L2-Total-Accesses:    1389303098  100.00%

