--------
Total Statistics
--------
Total Instructions: 38323372715
Total Cycles: 265755206559
IPC: 0.144206

--------
Two level Cache hierarchy
--------
  L1-Data Cache:
    Size(KB):          32
    Block Size(B):     32
    Associativity:      4

  L2-Data Cache:
    Size(KB):        1024
    Block Size(B):     64
    Associativity:     16

Latencies:    1   15  250
L1-Sets:  256 - LRU - assoc:   4
L2-Sets: 1024 - LRU - assoc:  16
Store_allocation: Yes
L2_inclusive: Yes

L1 Cache Stats:
L1-Load-Hits:        8617355412   89.24%
L1-Load-Misses:      1039196441   10.76%
L1-Load-Accesses:    9656551853  100.00%

L1-Store-Hits:        3213910024   90.17%
L1-Store-Misses:       350245897    9.83%
L1-Store-Accesses:    3564155921  100.00%

L1-Total-Hits:       11831265436   89.49%
L1-Total-Misses:      1389442338   10.51%
L1-Total-Accesses:   13220707774  100.00%

L2 Cache Stats:
L2-Load-Hits:         443578621   42.68%
L2-Load-Misses:       595617820   57.32%
L2-Load-Accesses:    1039196441  100.00%

L2-Store-Hits:         172385753   49.22%
L2-Store-Misses:       177860144   50.78%
L2-Store-Accesses:     350245897  100.00%

L2-Total-Hits:         615964374   44.33%
L2-Total-Misses:       773477964   55.67%
L2-Total-Accesses:    1389442338  100.00%

