--------
Total Statistics
--------
Total Instructions: 38323372715
Total Cycles: 158900593349
IPC: 0.241178

--------
Two level Cache hierarchy
--------
  L1-Data Cache:
    Size(KB):          32
    Block Size(B):     32
    Associativity:      4

  L2-Data Cache:
    Size(KB):        1024
    Block Size(B):    256
    Associativity:      8

Latencies:    1   15  250
L1-Sets:  256 - LRU - assoc:   4
L2-Sets:  512 - LRU - assoc:   8
Store_allocation: Yes
L2_inclusive: Yes

L1 Cache Stats:
L1-Load-Hits:        8617582766   89.24%
L1-Load-Misses:      1038969087   10.76%
L1-Load-Accesses:    9656551853  100.00%

L1-Store-Hits:        3213842584   90.17%
L1-Store-Misses:       350313337    9.83%
L1-Store-Accesses:    3564155921  100.00%

L1-Total-Hits:       11831425350   89.49%
L1-Total-Misses:      1389282424   10.51%
L1-Total-Accesses:   13220707774  100.00%

L2 Cache Stats:
L2-Load-Hits:         758595799   73.01%
L2-Load-Misses:       280373288   26.99%
L2-Load-Accesses:    1038969087  100.00%

L2-Store-Hits:         284617519   81.25%
L2-Store-Misses:        65695818   18.75%
L2-Store-Accesses:     350313337  100.00%

L2-Total-Hits:        1043213318   75.09%
L2-Total-Misses:       346069106   24.91%
L2-Total-Accesses:    1389282424  100.00%

