--------
Total Statistics
--------
Total Instructions: 38323372715
Total Cycles: 159643070979
IPC: 0.240057

--------
Two level Cache hierarchy
--------
  L1-Data Cache:
    Size(KB):          32
    Block Size(B):     32
    Associativity:      4

  L2-Data Cache:
    Size(KB):         512
    Block Size(B):    256
    Associativity:      4

Latencies:    1   15  250
L1-Sets:  256 - LRU - assoc:   4
L2-Sets:  512 - LRU - assoc:   4
Store_allocation: Yes
L2_inclusive: Yes

L1 Cache Stats:
L1-Load-Hits:        8617127756   89.24%
L1-Load-Misses:      1039424097   10.76%
L1-Load-Accesses:    9656551853  100.00%

L1-Store-Hits:        3213243952   90.15%
L1-Store-Misses:       350911969    9.85%
L1-Store-Accesses:    3564155921  100.00%

L1-Total-Hits:       11830371708   89.48%
L1-Total-Misses:      1390336066   10.52%
L1-Total-Accesses:   13220707774  100.00%

L2 Cache Stats:
L2-Load-Hits:         757374048   72.86%
L2-Load-Misses:       282050049   27.14%
L2-Load-Accesses:    1039424097  100.00%

L2-Store-Hits:         283986220   80.93%
L2-Store-Misses:        66925749   19.07%
L2-Store-Accesses:     350911969  100.00%

L2-Total-Hits:        1041360268   74.90%
L2-Total-Misses:       348975798   25.10%
L2-Total-Accesses:    1390336066  100.00%

