--------
Total Statistics
--------
Total Instructions: 38323372715
Total Cycles: 142078659629
IPC: 0.269733

--------
Two level Cache hierarchy
--------
  L1-Data Cache:
    Size(KB):          32
    Block Size(B):     32
    Associativity:      4

  L2-Data Cache:
    Size(KB):        2048
    Block Size(B):    256
    Associativity:     16

Latencies:    1   10  200
L1-Sets:  256 - MRU - assoc:   4
L2-Sets:  512 - MRU - assoc:  16
Store_allocation: Yes
L2_inclusive: Yes

L1 Cache Stats:
L1-Load-Hits:        8463088297   87.64%
L1-Load-Misses:      1193463556   12.36%
L1-Load-Accesses:    9656551853  100.00%

L1-Store-Hits:        3122351463   87.60%
L1-Store-Misses:       441804458   12.40%
L1-Store-Accesses:    3564155921  100.00%

L1-Total-Hits:       11585439760   87.63%
L1-Total-Misses:      1635268014   12.37%
L1-Total-Accesses:   13220707774  100.00%

L2 Cache Stats:
L2-Load-Hits:         893142057   74.84%
L2-Load-Misses:       300321499   25.16%
L2-Load-Accesses:    1193463556  100.00%

L2-Store-Hits:         371216462   84.02%
L2-Store-Misses:        70587996   15.98%
L2-Store-Accesses:     441804458  100.00%

L2-Total-Hits:        1264358519   77.32%
L2-Total-Misses:       370909495   22.68%
L2-Total-Accesses:    1635268014  100.00%

