--------
Total Statistics
--------
Total Instructions: 38323372715
Total Cycles: 156755897329
IPC: 0.244478

--------
Two level Cache hierarchy
--------
  L1-Data Cache:
    Size(KB):          32
    Block Size(B):     32
    Associativity:      4

  L2-Data Cache:
    Size(KB):        1024
    Block Size(B):    256
    Associativity:     16

Latencies:    1   10  200
L1-Sets:  256 - MRU - assoc:   4
L2-Sets:  256 - MRU - assoc:  16
Store_allocation: Yes
L2_inclusive: Yes

L1 Cache Stats:
L1-Load-Hits:        8462794278   87.64%
L1-Load-Misses:      1193757575   12.36%
L1-Load-Accesses:    9656551853  100.00%

L1-Store-Hits:        3135568632   87.98%
L1-Store-Misses:       428587289   12.02%
L1-Store-Accesses:    3564155921  100.00%

L1-Total-Hits:       11598362910   87.73%
L1-Total-Misses:      1622344864   12.27%
L1-Total-Accesses:   13220707774  100.00%

L2 Cache Stats:
L2-Load-Hits:         822378245   68.89%
L2-Load-Misses:       371379330   31.11%
L2-Load-Accesses:    1193757575  100.00%

L2-Store-Hits:         355024778   82.84%
L2-Store-Misses:        73562511   17.16%
L2-Store-Accesses:     428587289  100.00%

L2-Total-Hits:        1177403023   72.57%
L2-Total-Misses:       444941841   27.43%
L2-Total-Accesses:    1622344864  100.00%

