--------
Total Statistics
--------
Total Instructions: 38323372715
Total Cycles: 134750955509
IPC: 0.284401

--------
Two level Cache hierarchy
--------
  L1-Data Cache:
    Size(KB):          32
    Block Size(B):     32
    Associativity:      4

  L2-Data Cache:
    Size(KB):        1024
    Block Size(B):    256
    Associativity:     16

Latencies:    1   10  200
L1-Sets:  256 - LRU - assoc:   4
L2-Sets:  256 - LRU - assoc:  16
Store_allocation: Yes
L2_inclusive: Yes

L1 Cache Stats:
L1-Load-Hits:        8617188411   89.24%
L1-Load-Misses:      1039363442   10.76%
L1-Load-Accesses:    9656551853  100.00%

L1-Store-Hits:        3213779981   90.17%
L1-Store-Misses:       350375940    9.83%
L1-Store-Accesses:    3564155921  100.00%

L1-Total-Hits:       11830968392   89.49%
L1-Total-Misses:      1389739382   10.51%
L1-Total-Accesses:   13220707774  100.00%

L2 Cache Stats:
L2-Load-Hits:         758627413   72.99%
L2-Load-Misses:       280736029   27.01%
L2-Load-Accesses:    1039363442  100.00%

L2-Store-Hits:         284564563   81.22%
L2-Store-Misses:        65811377   18.78%
L2-Store-Accesses:     350375940  100.00%

L2-Total-Hits:        1043191976   75.06%
L2-Total-Misses:       346547406   24.94%
L2-Total-Accesses:    1389739382  100.00%

