--------
Total Statistics
--------
Total Instructions: 38323372715
Total Cycles: 135192557289
IPC: 0.283473

--------
Two level Cache hierarchy
--------
  L1-Data Cache:
    Size(KB):          32
    Block Size(B):     32
    Associativity:      4

  L2-Data Cache:
    Size(KB):         512
    Block Size(B):    256
    Associativity:     16

Latencies:    1   10  200
L1-Sets:  256 - LRU - assoc:   4
L2-Sets:  128 - LRU - assoc:  16
Store_allocation: Yes
L2_inclusive: Yes

L1 Cache Stats:
L1-Load-Hits:        8616938729   89.23%
L1-Load-Misses:      1039613124   10.77%
L1-Load-Accesses:    9656551853  100.00%

L1-Store-Hits:        3213936305   90.17%
L1-Store-Misses:       350219616    9.83%
L1-Store-Accesses:    3564155921  100.00%

L1-Total-Hits:       11830875034   89.49%
L1-Total-Misses:      1389832740   10.51%
L1-Total-Accesses:   13220707774  100.00%

L2 Cache Stats:
L2-Load-Hits:         757747775   72.89%
L2-Load-Misses:       281865349   27.11%
L2-Load-Accesses:    1039613124  100.00%

L2-Store-Hits:         283334218   80.90%
L2-Store-Misses:        66885398   19.10%
L2-Store-Accesses:     350219616  100.00%

L2-Total-Hits:        1041081993   74.91%
L2-Total-Misses:       348750747   25.09%
L2-Total-Accesses:    1389832740  100.00%

