--------
Total Statistics
--------
Total Instructions: 38323373717
Total Cycles: 142924155247
IPC: 0.268138

--------
Two level Cache hierarchy
--------
  L1-Data Cache:
    Size(KB):          32
    Block Size(B):     32
    Associativity:      4

  L2-Data Cache:
    Size(KB):        1024
    Block Size(B):    256
    Associativity:      8

Latencies:    1   10  200
L1-Sets:  256 - MRU - assoc:   4
L2-Sets:  512 - MRU - assoc:   8
Store_allocation: Yes
L2_inclusive: Yes

L1 Cache Stats:
L1-Load-Hits:        8512298341   88.15%
L1-Load-Misses:      1144253728   11.85%
L1-Load-Accesses:    9656552069  100.00%

L1-Store-Hits:        3149952955   88.38%
L1-Store-Misses:       414202966   11.62%
L1-Store-Accesses:    3564155921  100.00%

L1-Total-Hits:       11662251296   88.21%
L1-Total-Misses:      1558456694   11.79%
L1-Total-Accesses:   13220707990  100.00%

L2 Cache Stats:
L2-Load-Hits:         839547790   73.37%
L2-Load-Misses:       304705938   26.63%
L2-Load-Accesses:    1144253728  100.00%

L2-Store-Hits:         339931371   82.07%
L2-Store-Misses:        74271595   17.93%
L2-Store-Accesses:     414202966  100.00%

L2-Total-Hits:        1179479161   75.68%
L2-Total-Misses:       378977533   24.32%
L2-Total-Accesses:    1558456694  100.00%

