--------
Total Statistics
--------
Total Instructions: 38323372780
Total Cycles: 138062434138
IPC: 0.27758

--------
Two level Cache hierarchy
--------
  L1-Data Cache:
    Size(KB):          32
    Block Size(B):     32
    Associativity:      4

  L2-Data Cache:
    Size(KB):        1024
    Block Size(B):    256
    Associativity:      8

Latencies:    1   10  200
L1-Sets:  256 - LFU - assoc:   4
L2-Sets:  512 - LFU - assoc:   8
Store_allocation: Yes
L2_inclusive: Yes

L1 Cache Stats:
L1-Load-Hits:        8569731103   88.75%
L1-Load-Misses:      1086820764   11.25%
L1-Load-Accesses:    9656551867  100.00%

L1-Store-Hits:        3207840568   90.00%
L1-Store-Misses:       356315353   10.00%
L1-Store-Accesses:    3564155921  100.00%

L1-Total-Hits:       11777571671   89.08%
L1-Total-Misses:      1443136117   10.92%
L1-Total-Accesses:   13220707788  100.00%

L2 Cache Stats:
L2-Load-Hits:         792771428   72.94%
L2-Load-Misses:       294049336   27.06%
L2-Load-Accesses:    1086820764  100.00%

L2-Store-Hits:         289929727   81.37%
L2-Store-Misses:        66385626   18.63%
L2-Store-Accesses:     356315353  100.00%

L2-Total-Hits:        1082701155   75.02%
L2-Total-Misses:       360434962   24.98%
L2-Total-Accesses:    1443136117  100.00%

