--------
Total Statistics
--------
Total Instructions: 38323372715
Total Cycles: 134642709289
IPC: 0.28463

--------
Two level Cache hierarchy
--------
  L1-Data Cache:
    Size(KB):          32
    Block Size(B):     32
    Associativity:      4

  L2-Data Cache:
    Size(KB):        1024
    Block Size(B):    256
    Associativity:      8

Latencies:    1   10  200
L1-Sets:  256 - LRU - assoc:   4
L2-Sets:  512 - LRU - assoc:   8
Store_allocation: Yes
L2_inclusive: Yes

L1 Cache Stats:
L1-Load-Hits:        8617190222   89.24%
L1-Load-Misses:      1039361631   10.76%
L1-Load-Accesses:    9656551853  100.00%

L1-Store-Hits:        3213845672   90.17%
L1-Store-Misses:       350310249    9.83%
L1-Store-Accesses:    3564155921  100.00%

L1-Total-Hits:       11831035894   89.49%
L1-Total-Misses:      1389671880   10.51%
L1-Total-Accesses:   13220707774  100.00%

L2 Cache Stats:
L2-Load-Hits:         759051669   73.03%
L2-Load-Misses:       280309962   26.97%
L2-Load-Accesses:    1039361631  100.00%

L2-Store-Hits:         284610661   81.25%
L2-Store-Misses:        65699588   18.75%
L2-Store-Accesses:     350310249  100.00%

L2-Total-Hits:        1043662330   75.10%
L2-Total-Misses:       346009550   24.90%
L2-Total-Accesses:    1389671880  100.00%


