--------
Total Statistics
--------
Total Instructions: 38323372715
Total Cycles: 145559619649
IPC: 0.263283

--------
Two level Cache hierarchy
--------
  L1-Data Cache:
    Size(KB):          32
    Block Size(B):     32
    Associativity:      4

  L2-Data Cache:
    Size(KB):        1024
    Block Size(B):    256
    Associativity:     16

Latencies:    1   10  200
L1-Sets:  256 - LFU - assoc:   4
L2-Sets:  256 - LFU - assoc:  16
Store_allocation: Yes
L2_inclusive: Yes

L1 Cache Stats:
L1-Load-Hits:        8553358119   88.58%
L1-Load-Misses:      1103193734   11.42%
L1-Load-Accesses:    9656551853  100.00%

L1-Store-Hits:        3204275599   89.90%
L1-Store-Misses:       359880322   10.10%
L1-Store-Accesses:    3564155921  100.00%

L1-Total-Hits:       11757633718   88.93%
L1-Total-Misses:      1463074056   11.07%
L1-Total-Accesses:   13220707774  100.00%

L2 Cache Stats:
L2-Load-Hits:         779346497   70.64%
L2-Load-Misses:       323847237   29.36%
L2-Load-Accesses:    1103193734  100.00%

L2-Store-Hits:         286803566   79.69%
L2-Store-Misses:        73076756   20.31%
L2-Store-Accesses:     359880322  100.00%

L2-Total-Hits:        1066150063   72.87%
L2-Total-Misses:       396923993   27.13%
L2-Total-Accesses:    1463074056  100.00%

