--------
Total Statistics
--------
Total Instructions: 38323372715
Total Cycles: 150439986729
IPC: 0.254742

--------
Two level Cache hierarchy
--------
  L1-Data Cache:
    Size(KB):          32
    Block Size(B):     32
    Associativity:      4

  L2-Data Cache:
    Size(KB):        1024
    Block Size(B):    256
    Associativity:     16

Latencies:    1   10  200
L1-Sets:  256 - MRU - assoc:   4
L2-Sets:  256 - MRU - assoc:  16
Store_allocation: Yes
L2_inclusive: Yes

L1 Cache Stats:
L1-Load-Hits:        8478672633   87.80%
L1-Load-Misses:      1177879220   12.20%
L1-Load-Accesses:    9656551853  100.00%

L1-Store-Hits:        3188826937   89.47%
L1-Store-Misses:       375328984   10.53%
L1-Store-Accesses:    3564155921  100.00%

L1-Total-Hits:       11667499570   88.25%
L1-Total-Misses:      1553208204   11.75%
L1-Total-Accesses:   13220707774  100.00%

L2 Cache Stats:
L2-Load-Hits:         837980152   71.14%
L2-Load-Misses:       339899068   28.86%
L2-Load-Accesses:    1177879220  100.00%

L2-Store-Hits:         298408931   79.51%
L2-Store-Misses:        76920053   20.49%
L2-Store-Accesses:     375328984  100.00%

L2-Total-Hits:        1136389083   73.16%
L2-Total-Misses:       416819121   26.84%
L2-Total-Accesses:    1553208204  100.00%

