--------
Total Statistics
--------
Total Instructions: 38323372715
Total Cycles: 132182149899
IPC: 0.289929

--------
Two level Cache hierarchy
--------
  L1-Data Cache:
    Size(KB):          32
    Block Size(B):     32
    Associativity:      4

  L2-Data Cache:
    Size(KB):        2048
    Block Size(B):    256
    Associativity:     16

Latencies:    1   10  200
L1-Sets:  256 - LRU - assoc:   4
L2-Sets:  512 - LRU - assoc:  16
Store_allocation: Yes
L2_inclusive: Yes

L1 Cache Stats:
L1-Load-Hits:        8617410361   89.24%
L1-Load-Misses:      1039141492   10.76%
L1-Load-Accesses:    9656551853  100.00%

L1-Store-Hits:        3213904292   90.17%
L1-Store-Misses:       350251629    9.83%
L1-Store-Accesses:    3564155921  100.00%

L1-Total-Hits:       11831314653   89.49%
L1-Total-Misses:      1389393121   10.51%
L1-Total-Accesses:   13220707774  100.00%

L2 Cache Stats:
L2-Load-Hits:         766603065   73.77%
L2-Load-Misses:       272538427   26.23%
L2-Load-Accesses:    1039141492  100.00%

L2-Store-Hits:         289069365   82.53%
L2-Store-Misses:        61182264   17.47%
L2-Store-Accesses:     350251629  100.00%

L2-Total-Hits:        1055672430   75.98%
L2-Total-Misses:       333720691   24.02%
L2-Total-Accesses:    1389393121  100.00%

